Archive member included to satisfy reference by file (symbol)

C:/ST/STM32CubeCLT_1.15.1/GNU-tools-for-STM32/bin/../lib/gcc/arm-none-eabi/12.3.1/../../../../arm-none-eabi/lib/thumb/v6-m/nofp\libc_nano.a(libc_a-exit.o)
                              C:/ST/STM32CubeCLT_1.15.1/GNU-tools-for-STM32/bin/../lib/gcc/arm-none-eabi/12.3.1/../../../../arm-none-eabi/lib/thumb/v6-m/nofp/crt0.o (exit)
C:/ST/STM32CubeCLT_1.15.1/GNU-tools-for-STM32/bin/../lib/gcc/arm-none-eabi/12.3.1/../../../../arm-none-eabi/lib/thumb/v6-m/nofp\libc_nano.a(libc_a-findfp.o)
                              C:/ST/STM32CubeCLT_1.15.1/GNU-tools-for-STM32/bin/../lib/gcc/arm-none-eabi/12.3.1/../../../../arm-none-eabi/lib/thumb/v6-m/nofp\libc_nano.a(libc_a-exit.o) (__stdio_exit_handler)
C:/ST/STM32CubeCLT_1.15.1/GNU-tools-for-STM32/bin/../lib/gcc/arm-none-eabi/12.3.1/../../../../arm-none-eabi/lib/thumb/v6-m/nofp\libc_nano.a(libc_a-fwalk.o)
                              C:/ST/STM32CubeCLT_1.15.1/GNU-tools-for-STM32/bin/../lib/gcc/arm-none-eabi/12.3.1/../../../../arm-none-eabi/lib/thumb/v6-m/nofp\libc_nano.a(libc_a-findfp.o) (_fwalk_sglue)
C:/ST/STM32CubeCLT_1.15.1/GNU-tools-for-STM32/bin/../lib/gcc/arm-none-eabi/12.3.1/../../../../arm-none-eabi/lib/thumb/v6-m/nofp\libc_nano.a(libc_a-stdio.o)
                              C:/ST/STM32CubeCLT_1.15.1/GNU-tools-for-STM32/bin/../lib/gcc/arm-none-eabi/12.3.1/../../../../arm-none-eabi/lib/thumb/v6-m/nofp\libc_nano.a(libc_a-findfp.o) (__sread)
C:/ST/STM32CubeCLT_1.15.1/GNU-tools-for-STM32/bin/../lib/gcc/arm-none-eabi/12.3.1/../../../../arm-none-eabi/lib/thumb/v6-m/nofp\libc_nano.a(libc_a-memset.o)
                              C:/ST/STM32CubeCLT_1.15.1/GNU-tools-for-STM32/bin/../lib/gcc/arm-none-eabi/12.3.1/../../../../arm-none-eabi/lib/thumb/v6-m/nofp/crt0.o (memset)
C:/ST/STM32CubeCLT_1.15.1/GNU-tools-for-STM32/bin/../lib/gcc/arm-none-eabi/12.3.1/../../../../arm-none-eabi/lib/thumb/v6-m/nofp\libc_nano.a(libc_a-closer.o)
                              C:/ST/STM32CubeCLT_1.15.1/GNU-tools-for-STM32/bin/../lib/gcc/arm-none-eabi/12.3.1/../../../../arm-none-eabi/lib/thumb/v6-m/nofp\libc_nano.a(libc_a-stdio.o) (_close_r)
C:/ST/STM32CubeCLT_1.15.1/GNU-tools-for-STM32/bin/../lib/gcc/arm-none-eabi/12.3.1/../../../../arm-none-eabi/lib/thumb/v6-m/nofp\libc_nano.a(libc_a-reent.o)
                              C:/ST/STM32CubeCLT_1.15.1/GNU-tools-for-STM32/bin/../lib/gcc/arm-none-eabi/12.3.1/../../../../arm-none-eabi/lib/thumb/v6-m/nofp\libc_nano.a(libc_a-closer.o) (errno)
C:/ST/STM32CubeCLT_1.15.1/GNU-tools-for-STM32/bin/../lib/gcc/arm-none-eabi/12.3.1/../../../../arm-none-eabi/lib/thumb/v6-m/nofp\libc_nano.a(libc_a-impure.o)
                              C:/ST/STM32CubeCLT_1.15.1/GNU-tools-for-STM32/bin/../lib/gcc/arm-none-eabi/12.3.1/../../../../arm-none-eabi/lib/thumb/v6-m/nofp\libc_nano.a(libc_a-reent.o) (_impure_ptr)
C:/ST/STM32CubeCLT_1.15.1/GNU-tools-for-STM32/bin/../lib/gcc/arm-none-eabi/12.3.1/../../../../arm-none-eabi/lib/thumb/v6-m/nofp\libc_nano.a(libc_a-lseekr.o)
                              C:/ST/STM32CubeCLT_1.15.1/GNU-tools-for-STM32/bin/../lib/gcc/arm-none-eabi/12.3.1/../../../../arm-none-eabi/lib/thumb/v6-m/nofp\libc_nano.a(libc_a-stdio.o) (_lseek_r)
C:/ST/STM32CubeCLT_1.15.1/GNU-tools-for-STM32/bin/../lib/gcc/arm-none-eabi/12.3.1/../../../../arm-none-eabi/lib/thumb/v6-m/nofp\libc_nano.a(libc_a-readr.o)
                              C:/ST/STM32CubeCLT_1.15.1/GNU-tools-for-STM32/bin/../lib/gcc/arm-none-eabi/12.3.1/../../../../arm-none-eabi/lib/thumb/v6-m/nofp\libc_nano.a(libc_a-stdio.o) (_read_r)
C:/ST/STM32CubeCLT_1.15.1/GNU-tools-for-STM32/bin/../lib/gcc/arm-none-eabi/12.3.1/../../../../arm-none-eabi/lib/thumb/v6-m/nofp\libc_nano.a(libc_a-writer.o)
                              C:/ST/STM32CubeCLT_1.15.1/GNU-tools-for-STM32/bin/../lib/gcc/arm-none-eabi/12.3.1/../../../../arm-none-eabi/lib/thumb/v6-m/nofp\libc_nano.a(libc_a-stdio.o) (_write_r)
C:/ST/STM32CubeCLT_1.15.1/GNU-tools-for-STM32/bin/../lib/gcc/arm-none-eabi/12.3.1/../../../../arm-none-eabi/lib/thumb/v6-m/nofp\libc_nano.a(libc_a-init.o)
                              C:/ST/STM32CubeCLT_1.15.1/GNU-tools-for-STM32/bin/../lib/gcc/arm-none-eabi/12.3.1/../../../../arm-none-eabi/lib/thumb/v6-m/nofp/crt0.o (__libc_init_array)
C:/ST/STM32CubeCLT_1.15.1/GNU-tools-for-STM32/bin/../lib/gcc/arm-none-eabi/12.3.1/../../../../arm-none-eabi/lib/thumb/v6-m/nofp\libc_nano.a(libc_a-lock.o)
                              C:/ST/STM32CubeCLT_1.15.1/GNU-tools-for-STM32/bin/../lib/gcc/arm-none-eabi/12.3.1/../../../../arm-none-eabi/lib/thumb/v6-m/nofp\libc_nano.a(libc_a-findfp.o) (__retarget_lock_init_recursive)
C:/ST/STM32CubeCLT_1.15.1/GNU-tools-for-STM32/bin/../lib/gcc/arm-none-eabi/12.3.1/../../../../arm-none-eabi/lib/thumb/v6-m/nofp\libc_nano.a(libc_a-freer.o)
                              C:/ST/STM32CubeCLT_1.15.1/GNU-tools-for-STM32/bin/../lib/gcc/arm-none-eabi/12.3.1/../../../../arm-none-eabi/lib/thumb/v6-m/nofp\libc_nano.a(libc_a-reent.o) (_free_r)
[...]
Memory Configuration

Name             Origin             Length             Attributes
RAM              0x20000000         0x00024000         xrw
FLASH            0x08000000         0x00080000         xr
*default*        0x00000000         0xffffffff

Linker script and memory map

LOAD C:/ST/STM32CubeCLT_1.15.1/GNU-tools-for-STM32/bin/../lib/gcc/arm-none-eabi/12.3.1/thumb/v6-m/nofp/crti.o
LOAD C:/ST/STM32CubeCLT_1.15.1/GNU-tools-for-STM32/bin/../lib/gcc/arm-none-eabi/12.3.1/thumb/v6-m/nofp/crtbegin.o
LOAD C:/ST/STM32CubeCLT_1.15.1/GNU-tools-for-STM32/bin/../lib/gcc/arm-none-eabi/12.3.1/../../../../arm-none-eabi/lib/thumb/v6-m/nofp/crt0.o
START GROUP
LOAD C:/ST/STM32CubeCLT_1.15.1/GNU-tools-for-STM32/bin/../lib/gcc/arm-none-eabi/12.3.1/../../../../arm-none-eabi/lib/thumb/v6-m/nofp\libc_nano.a
LOAD C:/ST/STM32CubeCLT_1.15.1/GNU-tools-for-STM32/bin/../lib/gcc/arm-none-eabi/12.3.1/../../../../arm-none-eabi/lib/thumb/v6-m/nofp\libm.a
END GROUP
LOAD CMakeFiles/DMS-25-ACU.dir/Core/User/app_main.c.obj
LOAD CMakeFiles/DMS-25-ACU.dir/Core/User/heartbeat.c.obj
LOAD CMakeFiles/DMS-25-ACU.dir/Core/User/io_control.c.obj
LOAD CMakeFiles/DMS-25-ACU.dir/Core/Src/main.c.obj
LOAD CMakeFiles/DMS-25-ACU.dir/Core/Src/gpio.c.obj
LOAD CMakeFiles/DMS-25-ACU.dir/Core/Src/app_freertos.c.obj
LOAD CMakeFiles/DMS-25-ACU.dir/Core/Src/adc.c.obj
LOAD CMakeFiles/DMS-25-ACU.dir/Core/Src/dma.c.obj
LOAD CMakeFiles/DMS-25-ACU.dir/Core/Src/fdcan.c.obj
LOAD CMakeFiles/DMS-25-ACU.dir/Core/Src/tim.c.obj
LOAD CMakeFiles/DMS-25-ACU.dir/Core/Src/stm32g0xx_it.c.obj
LOAD CMakeFiles/DMS-25-ACU.dir/Core/Src/stm32g0xx_hal_msp.c.obj
LOAD CMakeFiles/DMS-25-ACU.dir/Core/Src/stm32g0xx_hal_timebase_tim.c.obj
LOAD CMakeFiles/DMS-25-ACU.dir/Drivers/STM32G0xx_HAL_Driver/Src/stm32g0xx_hal_adc.c.obj
LOAD CMakeFiles/DMS-25-ACU.dir/Drivers/STM32G0xx_HAL_Driver/Src/stm32g0xx_hal_adc_ex.c.obj
LOAD CMakeFiles/DMS-25-ACU.dir/Drivers/STM32G0xx_HAL_Driver/Src/stm32g0xx_ll_adc.c.obj
LOAD CMakeFiles/DMS-25-ACU.dir/Drivers/STM32G0xx_HAL_Driver/Src/stm32g0xx_hal_rcc.c.obj
LOAD CMakeFiles/DMS-25-ACU.dir/Drivers/STM32G0xx_HAL_Driver/Src/stm32g0xx_hal_rcc_ex.c.obj
LOAD CMakeFiles/DMS-25-ACU.dir/Drivers/STM32G0xx_HAL_Driver/Src/stm32g0xx_ll_rcc.c.obj
LOAD CMakeFiles/DMS-25-ACU.dir/Drivers/STM32G0xx_HAL_Driver/Src/stm32g0xx_hal_flash.c.obj
LOAD CMakeFiles/DMS-25-ACU.dir/Drivers/STM32G0xx_HAL_Driver/Src/stm32g0xx_hal_flash_ex.c.obj
LOAD CMakeFiles/DMS-25-ACU.dir/Drivers/STM32G0xx_HAL_Driver/Src/stm32g0xx_hal_gpio.c.obj
LOAD CMakeFiles/DMS-25-ACU.dir/Drivers/STM32G0xx_HAL_Driver/Src/stm32g0xx_hal_dma.c.obj
LOAD CMakeFiles/DMS-25-ACU.dir/Drivers/STM32G0xx_HAL_Driver/Src/stm32g0xx_hal_dma_ex.c.obj
LOAD CMakeFiles/DMS-25-ACU.dir/Drivers/STM32G0xx_HAL_Driver/Src/stm32g0xx_ll_dma.c.obj
LOAD CMakeFiles/DMS-25-ACU.dir/Drivers/STM32G0xx_HAL_Driver/Src/stm32g0xx_hal_pwr.c.obj
LOAD CMakeFiles/DMS-25-ACU.dir/Drivers/STM32G0xx_HAL_Driver/Src/stm32g0xx_hal_pwr_ex.c.obj
LOAD CMakeFiles/DMS-25-ACU.dir/Drivers/STM32G0xx_HAL_Driver/Src/stm32g0xx_hal_cortex.c.obj
LOAD CMakeFiles/DMS-25-ACU.dir/Drivers/STM32G0xx_HAL_Driver/Src/stm32g0xx_hal.c.obj
LOAD CMakeFiles/DMS-25-ACU.dir/Drivers/STM32G0xx_HAL_Driver/Src/stm32g0xx_hal_exti.c.obj
LOAD CMakeFiles/DMS-25-ACU.dir/Drivers/STM32G0xx_HAL_Driver/Src/stm32g0xx_hal_fdcan.c.obj
LOAD CMakeFiles/DMS-25-ACU.dir/Drivers/STM32G0xx_HAL_Driver/Src/stm32g0xx_hal_tim.c.obj
LOAD CMakeFiles/DMS-25-ACU.dir/Drivers/STM32G0xx_HAL_Driver/Src/stm32g0xx_hal_tim_ex.c.obj
LOAD CMakeFiles/DMS-25-ACU.dir/Core/Src/system_stm32g0xx.c.obj
LOAD CMakeFiles/DMS-25-ACU.dir/Middlewares/Third_Party/FreeRTOS/Source/croutine.c.obj
LOAD CMakeFiles/DMS-25-ACU.dir/Middlewares/Third_Party/FreeRTOS/Source/event_groups.c.obj
LOAD CMakeFiles/DMS-25-ACU.dir/Middlewares/Third_Party/FreeRTOS/Source/list.c.obj
LOAD CMakeFiles/DMS-25-ACU.dir/Middlewares/Third_Party/FreeRTOS/Source/queue.c.obj
LOAD CMakeFiles/DMS-25-ACU.dir/Middlewares/Third_Party/FreeRTOS/Source/stream_buffer.c.obj
LOAD CMakeFiles/DMS-25-ACU.dir/Middlewares/Third_Party/FreeRTOS/Source/tasks.c.obj
LOAD CMakeFiles/DMS-25-ACU.dir/Middlewares/Third_Party/FreeRTOS/Source/timers.c.obj
LOAD CMakeFiles/DMS-25-ACU.dir/Middlewares/Third_Party/FreeRTOS/Source/CMSIS_RTOS_V2/cmsis_os2.c.obj
LOAD CMakeFiles/DMS-25-ACU.dir/Middlewares/Third_Party/FreeRTOS/Source/portable/MemMang/heap_4.c.obj
LOAD CMakeFiles/DMS-25-ACU.dir/Middlewares/Third_Party/FreeRTOS/Source/portable/GCC/ARM_CM0/port.c.obj
LOAD CMakeFiles/DMS-25-ACU.dir/Core/Src/sysmem.c.obj
LOAD CMakeFiles/DMS-25-ACU.dir/Core/Src/syscalls.c.obj
LOAD CMakeFiles/DMS-25-ACU.dir/startup_stm32g0b1xx.s.obj
START GROUP
LOAD C:/ST/STM32CubeCLT_1.15.1/GNU-tools-for-STM32/bin/../lib/gcc/arm-none-eabi/12.3.1/thumb/v6-m/nofp\libgcc.a
LOAD C:/ST/STM32CubeCLT_1.15.1/GNU-tools-for-STM32/bin/../lib/gcc/arm-none-eabi/12.3.1/../../../../arm-none-eabi/lib/thumb/v6-m/nofp\libg_nano.a
LOAD C:/ST/STM32CubeCLT_1.15.1/GNU-tools-for-STM32/bin/../lib/gcc/arm-none-eabi/12.3.1/../../../../arm-none-eabi/lib/thumb/v6-m/nofp\libc_nano.a
END GROUP
START GROUP
LOAD C:/ST/STM32CubeCLT_1.15.1/GNU-tools-for-STM32/bin/../lib/gcc/arm-none-eabi/12.3.1/thumb/v6-m/nofp\libgcc.a
LOAD C:/ST/STM32CubeCLT_1.15.1/GNU-tools-for-STM32/bin/../lib/gcc/arm-none-eabi/12.3.1/../../../../arm-none-eabi/lib/thumb/v6-m/nofp\libc_nano.a
END GROUP
LOAD C:/ST/STM32CubeCLT_1.15.1/GNU-tools-for-STM32/bin/../lib/gcc/arm-none-eabi/12.3.1/thumb/v6-m/nofp/crtend.o
LOAD C:/ST/STM32CubeCLT_1.15.1/GNU-tools-for-STM32/bin/../lib/gcc/arm-none-eabi/12.3.1/thumb/v6-m/nofp/crtn.o
                0x20024000                        _estack = (ORIGIN (RAM) + LENGTH (RAM))
                0x00000200                        _Min_Heap_Size = 0x200
                0x00000400                        _Min_Stack_Size = 0x400

.isr_vector     0x08000000       0xbc
                0x08000000                        . = ALIGN (0x4)
 *(.isr_vector)
 .isr_vector    0x08000000       0xbc CMakeFiles/DMS-25-ACU.dir/startup_stm32g0b1xx.s.obj
                0x08000000                g_pfnVectors
                0x080000bc                        . = ALIGN (0x4)

.text           0x080000c0     0x943c
                0x080000c0                        . = ALIGN (0x4)
 *(.text)
 .text          0x080000c0       0x48 C:/ST/STM32CubeCLT_1.15.1/GNU-tools-for-STM32/bin/../lib/gcc/arm-none-eabi/12.3.1/thumb/v6-m/nofp/crtbegin.o
 .text          0x08000108      0x114 C:/ST/STM32CubeCLT_1.15.1/GNU-tools-for-STM32/bin/../lib/gcc/arm-none-eabi/12.3.1/thumb/v6-m/nofp\libgcc.a(_udivsi3.o)
                0x08000108                __aeabi_uidiv
                0x08000108                __udivsi3
                0x08000214                __aeabi_uidivmod
 .text          0x0800021c        0x4 C:/ST/STM32CubeCLT_1.15.1/GNU-tools-for-STM32/bin/../lib/gcc/arm-none-eabi/12.3.1/thumb/v6-m/nofp\libgcc.a(_dvmd_tls.o)
                0x0800021c                __aeabi_idiv0
                0x0800021c                __aeabi_ldiv0
 .text          0x08000220       0x74 C:/ST/STM32CubeCLT_1.15.1/GNU-tools-for-STM32/bin/../lib/gcc/arm-none-eabi/12.3.1/thumb/v6-m/nofp\libgcc.a(_arm_cmpsf2.o)
                0x08000220                __aeabi_cfrcmple
                0x08000228                __aeabi_cfcmpeq
                0x08000228                __aeabi_cfcmple
                0x08000238                __aeabi_fcmpeq
                0x08000244                __aeabi_fcmplt
                0x08000258                __aeabi_fcmple
                0x0800026c                __aeabi_fcmpgt
                0x08000280                __aeabi_fcmpge
 .text          0x08000294      0x314 C:/ST/STM32CubeCLT_1.15.1/GNU-tools-for-STM32/bin/../lib/gcc/arm-none-eabi/12.3.1/thumb/v6-m/nofp\libgcc.a(addsf3.o)
                0x08000294                __aeabi_fadd
 .text          0x080005a8       0x50 C:/ST/STM32CubeCLT_1.15.1/GNU-tools-for-STM32/bin/../lib/gcc/arm-none-eabi/12.3.1/thumb/v6-m/nofp\libgcc.a(eqsf2.o)
                0x080005a8                __eqsf2
                0x080005a8                __nesf2
 .text          0x080005f8       0xa0 C:/ST/STM32CubeCLT_1.15.1/GNU-tools-for-STM32/bin/../lib/gcc/arm-none-eabi/12.3.1/thumb/v6-m/nofp\libgcc.a(gesf2.o)
                0x080005f8                __gesf2
                0x080005f8                __gtsf2
 .text          0x08000698       0x9c C:/ST/STM32CubeCLT_1.15.1/GNU-tools-for-STM32/bin/../lib/gcc/arm-none-eabi/12.3.1/thumb/v6-m/nofp\libgcc.a(lesf2.o)
                0x08000698                __ltsf2
                0x08000698                __lesf2
 .text          0x08000734      0x348 C:/ST/STM32CubeCLT_1.15.1/GNU-tools-for-STM32/bin/../lib/gcc/arm-none-eabi/12.3.1/thumb/v6-m/nofp\libgcc.a(subsf3.o)
                0x08000734                __aeabi_fsub
 .text          0x08000a7c       0x98 C:/ST/STM32CubeCLT_1.15.1/GNU-tools-for-STM32/bin/../lib/gcc/arm-none-eabi/12.3.1/thumb/v6-m/nofp\libgcc.a(floatsisf.o)
                0x08000a7c                __aeabi_i2f
 .text          0x08000b14      0x634 C:/ST/STM32CubeCLT_1.15.1/GNU-tools-for-STM32/bin/../lib/gcc/arm-none-eabi/12.3.1/thumb/v6-m/nofp\libgcc.a(divdf3.o)
                0x08000b14                __aeabi_ddiv
 .text          0x08001148      0x590 C:/ST/STM32CubeCLT_1.15.1/GNU-tools-for-STM32/bin/../lib/gcc/arm-none-eabi/12.3.1/thumb/v6-m/nofp\libgcc.a(muldf3.o)
                0x08001148                __aeabi_dmul
 .text          0x080016d8       0x90 C:/ST/STM32CubeCLT_1.15.1/GNU-tools-for-STM32/bin/../lib/gcc/arm-none-eabi/12.3.1/thumb/v6-m/nofp\libgcc.a(extendsfdf2.o)
                0x080016d8                __aeabi_f2d
 .text          0x08001768      0x108 C:/ST/STM32CubeCLT_1.15.1/GNU-tools-for-STM32/bin/../lib/gcc/arm-none-eabi/12.3.1/thumb/v6-m/nofp\libgcc.a(truncdfsf2.o)
                0x08001768                __aeabi_d2f
 .text          0x08001870       0x3c C:/ST/STM32CubeCLT_1.15.1/GNU-tools-for-STM32/bin/../lib/gcc/arm-none-eabi/12.3.1/thumb/v6-m/nofp\libgcc.a(_clzsi2.o)
                0x08001870                __clzsi2
 *(.text*)
 .text.memset   0x080018ac       0x10 C:/ST/STM32CubeCLT_1.15.1/GNU-tools-for-STM32/bin/../lib/gcc/arm-none-eabi/12.3.1/../../../../arm-none-eabi/lib/thumb/v6-m/nofp\libc_nano.a(libc_a-memset.o)
                0x080018ac                memset
 .text.__libc_init_array
                0x080018bc       0x48 C:/ST/STM32CubeCLT_1.15.1/GNU-tools-for-STM32/bin/../lib/gcc/arm-none-eabi/12.3.1/../../../../arm-none-eabi/lib/thumb/v6-m/nofp\libc_nano.a(libc_a-init.o)
                0x080018bc                __libc_init_array
 .text.FDCAN_Config
                0x08001904       0x88 CMakeFiles/DMS-25-ACU.dir/Core/User/app_main.c.obj
 .text.percentDif
                0x0800198c       0xb8 CMakeFiles/DMS-25-ACU.dir/Core/User/app_main.c.obj
                0x0800198c                percentDif
 .text.start_precharge
                0x08001a44       0xc4 CMakeFiles/DMS-25-ACU.dir/Core/User/app_main.c.obj
                0x08001a44                start_precharge
 .text.app_init
                0x08001b08       0x40 CMakeFiles/DMS-25-ACU.dir/Core/User/app_main.c.obj
                0x08001b08                app_init
 .text.StateMachineTaskEntry
                0x08001b48      0x110 CMakeFiles/DMS-25-ACU.dir/Core/User/app_main.c.obj
                0x08001b48                StateMachineTaskEntry
 .text.HVCStatusTaskEntry
                0x08001c58       0xbc CMakeFiles/DMS-25-ACU.dir/Core/User/app_main.c.obj
                0x08001c58                HVCStatusTaskEntry
 .text.HAL_ADC_ConvHalfCpltCallback
                0x08001d14       0x10 CMakeFiles/DMS-25-ACU.dir/Core/User/app_main.c.obj
                0x08001d14                HAL_ADC_ConvHalfCpltCallback
 .text.HAL_ADC_ConvCpltCallback
                0x08001d24       0x10 CMakeFiles/DMS-25-ACU.dir/Core/User/app_main.c.obj
                0x08001d24                HAL_ADC_ConvCpltCallback
 .text.HAL_FDCAN_RxFifo0Callback
                0x08001d34       0xb8 CMakeFiles/DMS-25-ACU.dir/Core/User/app_main.c.obj
                0x08001d34                HAL_FDCAN_RxFifo0Callback
 .text.can_heartbeat
                0x08001dec       0x5c CMakeFiles/DMS-25-ACU.dir/Core/User/heartbeat.c.obj
                0x08001dec                can_heartbeat
 .text.HeartbeatTaskEntry
                0x08001e48       0x64 CMakeFiles/DMS-25-ACU.dir/Core/User/heartbeat.c.obj
                0x08001e48                HeartbeatTaskEntry
 .text.enable_precharge_relay
                0x08001eac       0x18 CMakeFiles/DMS-25-ACU.dir/Core/User/io_control.c.obj
                0x08001eac                enable_precharge_relay
 .text.enable_air_negative
                0x08001ec4       0x18 CMakeFiles/DMS-25-ACU.dir/Core/User/io_control.c.obj
                0x08001ec4                enable_air_negative
 .text.enable_air_positive
                0x08001edc       0x18 CMakeFiles/DMS-25-ACU.dir/Core/User/io_control.c.obj
                0x08001edc                enable_air_positive
 .text.disable_precharge_relay
                0x08001ef4       0x18 CMakeFiles/DMS-25-ACU.dir/Core/User/io_control.c.obj
                0x08001ef4                disable_precharge_relay
 .text.disable_all_relays
                0x08001f0c       0x34 CMakeFiles/DMS-25-ACU.dir/Core/User/io_control.c.obj
                0x08001f0c                disable_all_relays
 .text.main     0x08001f40       0x34 CMakeFiles/DMS-25-ACU.dir/Core/Src/main.c.obj
                0x08001f40                main
 .text.SystemClock_Config
                0x08001f74       0xbc CMakeFiles/DMS-25-ACU.dir/Core/Src/main.c.obj
                0x08001f74                SystemClock_Config
 .text.HAL_TIM_PeriodElapsedCallback
                0x08002030       0x24 CMakeFiles/DMS-25-ACU.dir/Core/Src/main.c.obj
                0x08002030                HAL_TIM_PeriodElapsedCallback
 .text.Error_Handler
                0x08002054        0xc CMakeFiles/DMS-25-ACU.dir/Core/Src/main.c.obj
                0x08002054                Error_Handler
 .text.MX_GPIO_Init
                0x08002060       0xbc CMakeFiles/DMS-25-ACU.dir/Core/Src/gpio.c.obj
                0x08002060                MX_GPIO_Init
 .text.MX_FREERTOS_Init
                0x0800211c       0x64 CMakeFiles/DMS-25-ACU.dir/Core/Src/app_freertos.c.obj
                0x0800211c                MX_FREERTOS_Init
 .text.MX_ADC1_Init
                0x08002180      0x124 CMakeFiles/DMS-25-ACU.dir/Core/Src/adc.c.obj
                0x08002180                MX_ADC1_Init
 .text.HAL_ADC_MspInit
                0x080022a4       0xe4 CMakeFiles/DMS-25-ACU.dir/Core/Src/adc.c.obj
                0x080022a4                HAL_ADC_MspInit
 .text.MX_DMA_Init
                0x08002388       0x3c CMakeFiles/DMS-25-ACU.dir/Core/Src/dma.c.obj
                0x08002388                MX_DMA_Init
 .text.MX_FDCAN1_Init
                0x080023c4       0x90 CMakeFiles/DMS-25-ACU.dir/Core/Src/fdcan.c.obj
                0x080023c4                MX_FDCAN1_Init
 .text.HAL_FDCAN_MspInit
                0x08002454       0xe4 CMakeFiles/DMS-25-ACU.dir/Core/Src/fdcan.c.obj
                0x08002454                HAL_FDCAN_MspInit
 .text.MX_TIM2_Init
                0x08002538       0xf8 CMakeFiles/DMS-25-ACU.dir/Core/Src/tim.c.obj
                0x08002538                MX_TIM2_Init
 .text.HAL_TIM_Base_MspInit
                0x08002630       0x38 CMakeFiles/DMS-25-ACU.dir/Core/Src/tim.c.obj
                0x08002630                HAL_TIM_Base_MspInit
 .text.NMI_Handler
                0x08002668        0x8 CMakeFiles/DMS-25-ACU.dir/Core/Src/stm32g0xx_it.c.obj
                0x08002668                NMI_Handler
 .text.HardFault_Handler
                0x08002670        0x8 CMakeFiles/DMS-25-ACU.dir/Core/Src/stm32g0xx_it.c.obj
                0x08002670                HardFault_Handler
 .text.DMA1_Channel1_IRQHandler
                0x08002678       0x18 CMakeFiles/DMS-25-ACU.dir/Core/Src/stm32g0xx_it.c.obj
                0x08002678                DMA1_Channel1_IRQHandler
 .text.TIM6_DAC_LPTIM1_IRQHandler
                0x08002690       0x18 CMakeFiles/DMS-25-ACU.dir/Core/Src/stm32g0xx_it.c.obj
                0x08002690                TIM6_DAC_LPTIM1_IRQHandler
 .text.TIM16_FDCAN_IT0_IRQHandler
                0x080026a8       0x18 CMakeFiles/DMS-25-ACU.dir/Core/Src/stm32g0xx_it.c.obj
                0x080026a8                TIM16_FDCAN_IT0_IRQHandler
 .text.TIM17_FDCAN_IT1_IRQHandler
                0x080026c0       0x18 CMakeFiles/DMS-25-ACU.dir/Core/Src/stm32g0xx_it.c.obj
                0x080026c0                TIM17_FDCAN_IT1_IRQHandler
 .text.HAL_MspInit
                0x080026d8       0x60 CMakeFiles/DMS-25-ACU.dir/Core/Src/stm32g0xx_hal_msp.c.obj
                0x080026d8                HAL_MspInit
 .text.HAL_InitTick
                0x08002738      0x108 CMakeFiles/DMS-25-ACU.dir/Core/Src/stm32g0xx_hal_timebase_tim.c.obj
                0x08002738                HAL_InitTick
 .text.LL_ADC_SetCommonPathInternalCh
                0x08002840       0x28 CMakeFiles/DMS-25-ACU.dir/Drivers/STM32G0xx_HAL_Driver/Src/stm32g0xx_hal_adc.c.obj
 .text.LL_ADC_GetCommonPathInternalCh
                0x08002868       0x1a CMakeFiles/DMS-25-ACU.dir/Drivers/STM32G0xx_HAL_Driver/Src/stm32g0xx_hal_adc.c.obj
 .text.LL_ADC_SetSamplingTimeCommonChannels
                0x08002882       0x3a CMakeFiles/DMS-25-ACU.dir/Drivers/STM32G0xx_HAL_Driver/Src/stm32g0xx_hal_adc.c.obj
 .text.LL_ADC_GetSamplingTimeCommonChannels
                0x080028bc       0x2e CMakeFiles/DMS-25-ACU.dir/Drivers/STM32G0xx_HAL_Driver/Src/stm32g0xx_hal_adc.c.obj
 .text.LL_ADC_REG_IsTriggerSourceSWStart
                0x080028ea       0x22 CMakeFiles/DMS-25-ACU.dir/Drivers/STM32G0xx_HAL_Driver/Src/stm32g0xx_hal_adc.c.obj
 .text.LL_ADC_REG_SetSequencerRanks
                0x0800290c       0x40 CMakeFiles/DMS-25-ACU.dir/Drivers/STM32G0xx_HAL_Driver/Src/stm32g0xx_hal_adc.c.obj
 .text.LL_ADC_REG_SetSequencerChAdd
                0x0800294c       0x22 CMakeFiles/DMS-25-ACU.dir/Drivers/STM32G0xx_HAL_Driver/Src/stm32g0xx_hal_adc.c.obj
 .text.LL_ADC_REG_SetSequencerChRem
                0x0800296e       0x24 CMakeFiles/DMS-25-ACU.dir/Drivers/STM32G0xx_HAL_Driver/Src/stm32g0xx_hal_adc.c.obj
 *fill*         0x08002992        0x2 
 .text.LL_ADC_SetChannelSamplingTime
                0x08002994       0x38 CMakeFiles/DMS-25-ACU.dir/Drivers/STM32G0xx_HAL_Driver/Src/stm32g0xx_hal_adc.c.obj
 .text.LL_ADC_EnableInternalRegulator
                0x080029cc       0x28 CMakeFiles/DMS-25-ACU.dir/Drivers/STM32G0xx_HAL_Driver/Src/stm32g0xx_hal_adc.c.obj
 .text.LL_ADC_IsInternalRegulatorEnabled
                0x080029f4       0x28 CMakeFiles/DMS-25-ACU.dir/Drivers/STM32G0xx_HAL_Driver/Src/stm32g0xx_hal_adc.c.obj
 .text.LL_ADC_Enable
                0x08002a1c       0x24 CMakeFiles/DMS-25-ACU.dir/Drivers/STM32G0xx_HAL_Driver/Src/stm32g0xx_hal_adc.c.obj
 .text.LL_ADC_Disable
                0x08002a40       0x24 CMakeFiles/DMS-25-ACU.dir/Drivers/STM32G0xx_HAL_Driver/Src/stm32g0xx_hal_adc.c.obj
 .text.LL_ADC_IsEnabled
                0x08002a64       0x22 CMakeFiles/DMS-25-ACU.dir/Drivers/STM32G0xx_HAL_Driver/Src/stm32g0xx_hal_adc.c.obj
 *fill*         0x08002a86        0x2 
 .text.LL_ADC_REG_StartConversion
                0x08002a88       0x24 CMakeFiles/DMS-25-ACU.dir/Drivers/STM32G0xx_HAL_Driver/Src/stm32g0xx_hal_adc.c.obj
 .text.LL_ADC_REG_IsConversionOngoing
                0x08002aac       0x22 CMakeFiles/DMS-25-ACU.dir/Drivers/STM32G0xx_HAL_Driver/Src/stm32g0xx_hal_adc.c.obj
 *fill*         0x08002ace        0x2 
 .text.HAL_ADC_Init
                0x08002ad0      0x350 CMakeFiles/DMS-25-ACU.dir/Drivers/STM32G0xx_HAL_Driver/Src/stm32g0xx_hal_adc.c.obj
                0x08002ad0                HAL_ADC_Init
 .text.HAL_ADC_Start_DMA
                0x08002e20      0x11c CMakeFiles/DMS-25-ACU.dir/Drivers/STM32G0xx_HAL_Driver/Src/stm32g0xx_hal_adc.c.obj
                0x08002e20                HAL_ADC_Start_DMA
 .text.HAL_ADC_ErrorCallback
                0x08002f3c       0x10 CMakeFiles/DMS-25-ACU.dir/Drivers/STM32G0xx_HAL_Driver/Src/stm32g0xx_hal_adc.c.obj
                0x08002f3c                HAL_ADC_ErrorCallback
 .text.HAL_ADC_ConfigChannel
                0x08002f4c      0x3b0 CMakeFiles/DMS-25-ACU.dir/Drivers/STM32G0xx_HAL_Driver/Src/stm32g0xx_hal_adc.c.obj
                0x08002f4c                HAL_ADC_ConfigChannel
 .text.ADC_Enable
                0x080032fc      0x10c CMakeFiles/DMS-25-ACU.dir/Drivers/STM32G0xx_HAL_Driver/Src/stm32g0xx_hal_adc.c.obj
                0x080032fc                ADC_Enable
 .text.ADC_DMAConvCplt
                0x08003408       0xc8 CMakeFiles/DMS-25-ACU.dir/Drivers/STM32G0xx_HAL_Driver/Src/stm32g0xx_hal_adc.c.obj
 .text.ADC_DMAHalfConvCplt
                0x080034d0       0x1e CMakeFiles/DMS-25-ACU.dir/Drivers/STM32G0xx_HAL_Driver/Src/stm32g0xx_hal_adc.c.obj
 .text.ADC_DMAError
                0x080034ee       0x36 CMakeFiles/DMS-25-ACU.dir/Drivers/STM32G0xx_HAL_Driver/Src/stm32g0xx_hal_adc.c.obj
 .text.LL_RCC_GetAPB1Prescaler
                0x08003524       0x18 CMakeFiles/DMS-25-ACU.dir/Drivers/STM32G0xx_HAL_Driver/Src/stm32g0xx_hal_rcc.c.obj
 .text.HAL_RCC_OscConfig
                0x0800353c      0x6c0 CMakeFiles/DMS-25-ACU.dir/Drivers/STM32G0xx_HAL_Driver/Src/stm32g0xx_hal_rcc.c.obj
                0x0800353c                HAL_RCC_OscConfig
 .text.HAL_RCC_ClockConfig
                0x08003bfc      0x210 CMakeFiles/DMS-25-ACU.dir/Drivers/STM32G0xx_HAL_Driver/Src/stm32g0xx_hal_rcc.c.obj
                0x08003bfc                HAL_RCC_ClockConfig
 .text.HAL_RCC_GetSysClockFreq
                0x08003e0c      0x104 CMakeFiles/DMS-25-ACU.dir/Drivers/STM32G0xx_HAL_Driver/Src/stm32g0xx_hal_rcc.c.obj
                0x08003e0c                HAL_RCC_GetSysClockFreq
 .text.HAL_RCC_GetHCLKFreq
                0x08003f10       0x14 CMakeFiles/DMS-25-ACU.dir/Drivers/STM32G0xx_HAL_Driver/Src/stm32g0xx_hal_rcc.c.obj
                0x08003f10                HAL_RCC_GetHCLKFreq
 .text.HAL_RCC_GetPCLK1Freq
                0x08003f24       0x2c CMakeFiles/DMS-25-ACU.dir/Drivers/STM32G0xx_HAL_Driver/Src/stm32g0xx_hal_rcc.c.obj
                0x08003f24                HAL_RCC_GetPCLK1Freq
 .text.HAL_RCC_GetClockConfig
                0x08003f50       0x54 CMakeFiles/DMS-25-ACU.dir/Drivers/STM32G0xx_HAL_Driver/Src/stm32g0xx_hal_rcc.c.obj
                0x08003f50                HAL_RCC_GetClockConfig
 .text.HAL_RCCEx_PeriphCLKConfig
                0x08003fa4      0x478 CMakeFiles/DMS-25-ACU.dir/Drivers/STM32G0xx_HAL_Driver/Src/stm32g0xx_hal_rcc_ex.c.obj
                0x08003fa4                HAL_RCCEx_PeriphCLKConfig
 .text.HAL_GPIO_Init
                0x0800441c      0x2d8 CMakeFiles/DMS-25-ACU.dir/Drivers/STM32G0xx_HAL_Driver/Src/stm32g0xx_hal_gpio.c.obj
                0x0800441c                HAL_GPIO_Init
 .text.HAL_GPIO_WritePin
                0x080046f4       0x3a CMakeFiles/DMS-25-ACU.dir/Drivers/STM32G0xx_HAL_Driver/Src/stm32g0xx_hal_gpio.c.obj
                0x080046f4                HAL_GPIO_WritePin
 .text.HAL_GPIO_TogglePin
                0x0800472e       0x36 CMakeFiles/DMS-25-ACU.dir/Drivers/STM32G0xx_HAL_Driver/Src/stm32g0xx_hal_gpio.c.obj
                0x0800472e                HAL_GPIO_TogglePin
 .text.HAL_DMA_Init
                0x08004764      0x158 CMakeFiles/DMS-25-ACU.dir/Drivers/STM32G0xx_HAL_Driver/Src/stm32g0xx_hal_dma.c.obj
                0x08004764                HAL_DMA_Init
 .text.HAL_DMA_Start_IT
                0x080048bc      0x10c CMakeFiles/DMS-25-ACU.dir/Drivers/STM32G0xx_HAL_Driver/Src/stm32g0xx_hal_dma.c.obj
                0x080048bc                HAL_DMA_Start_IT
 .text.HAL_DMA_IRQHandler
                0x080049c8      0x188 CMakeFiles/DMS-25-ACU.dir/Drivers/STM32G0xx_HAL_Driver/Src/stm32g0xx_hal_dma.c.obj
                0x080049c8                HAL_DMA_IRQHandler
 .text.DMA_SetConfig
                0x08004b50       0x78 CMakeFiles/DMS-25-ACU.dir/Drivers/STM32G0xx_HAL_Driver/Src/stm32g0xx_hal_dma.c.obj
 .text.DMA_CalcDMAMUXChannelBaseAndMask
                0x08004bc8       0x94 CMakeFiles/DMS-25-ACU.dir/Drivers/STM32G0xx_HAL_Driver/Src/stm32g0xx_hal_dma.c.obj
 .text.DMA_CalcDMAMUXRequestGenBaseAndMask
                0x08004c5c       0x48 CMakeFiles/DMS-25-ACU.dir/Drivers/STM32G0xx_HAL_Driver/Src/stm32g0xx_hal_dma.c.obj
 .text.HAL_PWREx_ControlVoltageScaling
                0x08004ca4       0x80 CMakeFiles/DMS-25-ACU.dir/Drivers/STM32G0xx_HAL_Driver/Src/stm32g0xx_hal_pwr_ex.c.obj
                0x08004ca4                HAL_PWREx_ControlVoltageScaling
 .text.__NVIC_EnableIRQ
                0x08004d24       0x34 CMakeFiles/DMS-25-ACU.dir/Drivers/STM32G0xx_HAL_Driver/Src/stm32g0xx_hal_cortex.c.obj
 .text.__NVIC_SetPriority
                0x08004d58       0xdc CMakeFiles/DMS-25-ACU.dir/Drivers/STM32G0xx_HAL_Driver/Src/stm32g0xx_hal_cortex.c.obj
 .text.HAL_NVIC_SetPriority
                0x08004e34       0x2a CMakeFiles/DMS-25-ACU.dir/Drivers/STM32G0xx_HAL_Driver/Src/stm32g0xx_hal_cortex.c.obj
                0x08004e34                HAL_NVIC_SetPriority
 .text.HAL_NVIC_EnableIRQ
                0x08004e5e       0x20 CMakeFiles/DMS-25-ACU.dir/Drivers/STM32G0xx_HAL_Driver/Src/stm32g0xx_hal_cortex.c.obj
                0x08004e5e                HAL_NVIC_EnableIRQ
 *fill*         0x08004e7e        0x2 
 .text.HAL_Init
                0x08004e80       0x40 CMakeFiles/DMS-25-ACU.dir/Drivers/STM32G0xx_HAL_Driver/Src/stm32g0xx_hal.c.obj
                0x08004e80                HAL_Init
 .text.HAL_IncTick
                0x08004ec0       0x24 CMakeFiles/DMS-25-ACU.dir/Drivers/STM32G0xx_HAL_Driver/Src/stm32g0xx_hal.c.obj
                0x08004ec0                HAL_IncTick
 .text.HAL_GetTick
                0x08004ee4       0x14 CMakeFiles/DMS-25-ACU.dir/Drivers/STM32G0xx_HAL_Driver/Src/stm32g0xx_hal.c.obj
                0x08004ee4                HAL_GetTick
 .text.HAL_SYSCFG_StrobeDBattpinsConfig
                0x08004ef8       0x2c CMakeFiles/DMS-25-ACU.dir/Drivers/STM32G0xx_HAL_Driver/Src/stm32g0xx_hal.c.obj
                0x08004ef8                HAL_SYSCFG_StrobeDBattpinsConfig
 .text.HAL_FDCAN_Init
                0x08004f24      0x2cc CMakeFiles/DMS-25-ACU.dir/Drivers/STM32G0xx_HAL_Driver/Src/stm32g0xx_hal_fdcan.c.obj
                0x08004f24                HAL_FDCAN_Init
 .text.HAL_FDCAN_ConfigFilter
                0x080051f0       0xba CMakeFiles/DMS-25-ACU.dir/Drivers/STM32G0xx_HAL_Driver/Src/stm32g0xx_hal_fdcan.c.obj
                0x080051f0                HAL_FDCAN_ConfigFilter
 .text.HAL_FDCAN_ConfigGlobalFilter
                0x080052aa       0x60 CMakeFiles/DMS-25-ACU.dir/Drivers/STM32G0xx_HAL_Driver/Src/stm32g0xx_hal_fdcan.c.obj
                0x080052aa                HAL_FDCAN_ConfigGlobalFilter
 .text.HAL_FDCAN_Start
                0x0800530a       0x4c CMakeFiles/DMS-25-ACU.dir/Drivers/STM32G0xx_HAL_Driver/Src/stm32g0xx_hal_fdcan.c.obj
                0x0800530a                HAL_FDCAN_Start
 .text.HAL_FDCAN_AddMessageToTxFifoQ
                0x08005356       0x8a CMakeFiles/DMS-25-ACU.dir/Drivers/STM32G0xx_HAL_Driver/Src/stm32g0xx_hal_fdcan.c.obj
                0x08005356                HAL_FDCAN_AddMessageToTxFifoQ
 .text.HAL_FDCAN_GetRxMessage
                0x080053e0      0x21c CMakeFiles/DMS-25-ACU.dir/Drivers/STM32G0xx_HAL_Driver/Src/stm32g0xx_hal_fdcan.c.obj
                0x080053e0                HAL_FDCAN_GetRxMessage
 .text.HAL_FDCAN_ActivateNotification
                0x080055fc      0x1ac CMakeFiles/DMS-25-ACU.dir/Drivers/STM32G0xx_HAL_Driver/Src/stm32g0xx_hal_fdcan.c.obj
                0x080055fc                HAL_FDCAN_ActivateNotification
 .text.HAL_FDCAN_IRQHandler
                0x080057a8      0x26a CMakeFiles/DMS-25-ACU.dir/Drivers/STM32G0xx_HAL_Driver/Src/stm32g0xx_hal_fdcan.c.obj
                0x080057a8                HAL_FDCAN_IRQHandler
 .text.HAL_FDCAN_TxEventFifoCallback
                0x08005a12       0x12 CMakeFiles/DMS-25-ACU.dir/Drivers/STM32G0xx_HAL_Driver/Src/stm32g0xx_hal_fdcan.c.obj
                0x08005a12                HAL_FDCAN_TxEventFifoCallback
 .text.HAL_FDCAN_RxFifo1Callback
                0x08005a24       0x12 CMakeFiles/DMS-25-ACU.dir/Drivers/STM32G0xx_HAL_Driver/Src/stm32g0xx_hal_fdcan.c.obj
                0x08005a24                HAL_FDCAN_RxFifo1Callback
 .text.HAL_FDCAN_TxFifoEmptyCallback
                0x08005a36       0x10 CMakeFiles/DMS-25-ACU.dir/Drivers/STM32G0xx_HAL_Driver/Src/stm32g0xx_hal_fdcan.c.obj
                0x08005a36                HAL_FDCAN_TxFifoEmptyCallback
 .text.HAL_FDCAN_TxBufferCompleteCallback
                0x08005a46       0x12 CMakeFiles/DMS-25-ACU.dir/Drivers/STM32G0xx_HAL_Driver/Src/stm32g0xx_hal_fdcan.c.obj
                0x08005a46                HAL_FDCAN_TxBufferCompleteCallback
 .text.HAL_FDCAN_TxBufferAbortCallback
                0x08005a58       0x12 CMakeFiles/DMS-25-ACU.dir/Drivers/STM32G0xx_HAL_Driver/Src/stm32g0xx_hal_fdcan.c.obj
                0x08005a58                HAL_FDCAN_TxBufferAbortCallback
 .text.HAL_FDCAN_TimestampWraparoundCallback
                0x08005a6a       0x10 CMakeFiles/DMS-25-ACU.dir/Drivers/STM32G0xx_HAL_Driver/Src/stm32g0xx_hal_fdcan.c.obj
                0x08005a6a                HAL_FDCAN_TimestampWraparoundCallback
 .text.HAL_FDCAN_TimeoutOccurredCallback
                0x08005a7a       0x10 CMakeFiles/DMS-25-ACU.dir/Drivers/STM32G0xx_HAL_Driver/Src/stm32g0xx_hal_fdcan.c.obj
                0x08005a7a                HAL_FDCAN_TimeoutOccurredCallback
 .text.HAL_FDCAN_HighPriorityMessageCallback
                0x08005a8a       0x10 CMakeFiles/DMS-25-ACU.dir/Drivers/STM32G0xx_HAL_Driver/Src/stm32g0xx_hal_fdcan.c.obj
                0x08005a8a                HAL_FDCAN_HighPriorityMessageCallback
 .text.HAL_FDCAN_ErrorCallback
                0x08005a9a       0x10 CMakeFiles/DMS-25-ACU.dir/Drivers/STM32G0xx_HAL_Driver/Src/stm32g0xx_hal_fdcan.c.obj
                0x08005a9a                HAL_FDCAN_ErrorCallback
 .text.HAL_FDCAN_ErrorStatusCallback
                0x08005aaa       0x12 CMakeFiles/DMS-25-ACU.dir/Drivers/STM32G0xx_HAL_Driver/Src/stm32g0xx_hal_fdcan.c.obj
                0x08005aaa                HAL_FDCAN_ErrorStatusCallback
 .text.FDCAN_CalcultateRamBlockAddresses
                0x08005abc       0xd8 CMakeFiles/DMS-25-ACU.dir/Drivers/STM32G0xx_HAL_Driver/Src/stm32g0xx_hal_fdcan.c.obj
 .text.FDCAN_CopyMessageToRAM
                0x08005b94       0xf8 CMakeFiles/DMS-25-ACU.dir/Drivers/STM32G0xx_HAL_Driver/Src/stm32g0xx_hal_fdcan.c.obj
 .text.HAL_TIM_Base_Init
                0x08005c8c       0xb0 CMakeFiles/DMS-25-ACU.dir/Drivers/STM32G0xx_HAL_Driver/Src/stm32g0xx_hal_tim.c.obj
                0x08005c8c                HAL_TIM_Base_Init
 .text.HAL_TIM_Base_Start
                0x08005d3c       0xb4 CMakeFiles/DMS-25-ACU.dir/Drivers/STM32G0xx_HAL_Driver/Src/stm32g0xx_hal_tim.c.obj
                0x08005d3c                HAL_TIM_Base_Start
 .text.HAL_TIM_Base_Start_IT
                0x08005df0       0xc4 CMakeFiles/DMS-25-ACU.dir/Drivers/STM32G0xx_HAL_Driver/Src/stm32g0xx_hal_tim.c.obj
                0x08005df0                HAL_TIM_Base_Start_IT
 .text.HAL_TIM_PWM_Init
                0x08005eb4       0xb0 CMakeFiles/DMS-25-ACU.dir/Drivers/STM32G0xx_HAL_Driver/Src/stm32g0xx_hal_tim.c.obj
                0x08005eb4                HAL_TIM_PWM_Init
 .text.HAL_TIM_PWM_MspInit
                0x08005f64       0x10 CMakeFiles/DMS-25-ACU.dir/Drivers/STM32G0xx_HAL_Driver/Src/stm32g0xx_hal_tim.c.obj
                0x08005f64                HAL_TIM_PWM_MspInit
 .text.HAL_TIM_IRQHandler
                0x08005f74      0x210 CMakeFiles/DMS-25-ACU.dir/Drivers/STM32G0xx_HAL_Driver/Src/stm32g0xx_hal_tim.c.obj
                0x08005f74                HAL_TIM_IRQHandler
 .text.HAL_TIM_PWM_ConfigChannel
                0x08006184      0x200 CMakeFiles/DMS-25-ACU.dir/Drivers/STM32G0xx_HAL_Driver/Src/stm32g0xx_hal_tim.c.obj
                0x08006184                HAL_TIM_PWM_ConfigChannel
 .text.HAL_TIM_ConfigClockSource
                0x08006384      0x1ac CMakeFiles/DMS-25-ACU.dir/Drivers/STM32G0xx_HAL_Driver/Src/stm32g0xx_hal_tim.c.obj
                0x08006384                HAL_TIM_ConfigClockSource
 .text.HAL_TIM_OC_DelayElapsedCallback
                0x08006530       0x10 CMakeFiles/DMS-25-ACU.dir/Drivers/STM32G0xx_HAL_Driver/Src/stm32g0xx_hal_tim.c.obj
                0x08006530                HAL_TIM_OC_DelayElapsedCallback
 .text.HAL_TIM_IC_CaptureCallback
                0x08006540       0x10 CMakeFiles/DMS-25-ACU.dir/Drivers/STM32G0xx_HAL_Driver/Src/stm32g0xx_hal_tim.c.obj
                0x08006540                HAL_TIM_IC_CaptureCallback
 .text.HAL_TIM_PWM_PulseFinishedCallback
                0x08006550       0x10 CMakeFiles/DMS-25-ACU.dir/Drivers/STM32G0xx_HAL_Driver/Src/stm32g0xx_hal_tim.c.obj
                0x08006550                HAL_TIM_PWM_PulseFinishedCallback
 .text.HAL_TIM_TriggerCallback
                0x08006560       0x10 CMakeFiles/DMS-25-ACU.dir/Drivers/STM32G0xx_HAL_Driver/Src/stm32g0xx_hal_tim.c.obj
                0x08006560                HAL_TIM_TriggerCallback
 .text.TIM_Base_SetConfig
                0x08006570      0x130 CMakeFiles/DMS-25-ACU.dir/Drivers/STM32G0xx_HAL_Driver/Src/stm32g0xx_hal_tim.c.obj
                0x08006570                TIM_Base_SetConfig
 .text.TIM_OC1_SetConfig
                0x080066a0      0x114 CMakeFiles/DMS-25-ACU.dir/Drivers/STM32G0xx_HAL_Driver/Src/stm32g0xx_hal_tim.c.obj
 .text.TIM_OC2_SetConfig
                0x080067b4      0x108 CMakeFiles/DMS-25-ACU.dir/Drivers/STM32G0xx_HAL_Driver/Src/stm32g0xx_hal_tim.c.obj
                0x080067b4                TIM_OC2_SetConfig
 .text.TIM_OC3_SetConfig
                0x080068bc      0x110 CMakeFiles/DMS-25-ACU.dir/Drivers/STM32G0xx_HAL_Driver/Src/stm32g0xx_hal_tim.c.obj
 .text.TIM_OC4_SetConfig
                0x080069cc       0xd4 CMakeFiles/DMS-25-ACU.dir/Drivers/STM32G0xx_HAL_Driver/Src/stm32g0xx_hal_tim.c.obj
 .text.TIM_OC5_SetConfig
                0x08006aa0       0xc0 CMakeFiles/DMS-25-ACU.dir/Drivers/STM32G0xx_HAL_Driver/Src/stm32g0xx_hal_tim.c.obj
 .text.TIM_OC6_SetConfig
                0x08006b60       0xc8 CMakeFiles/DMS-25-ACU.dir/Drivers/STM32G0xx_HAL_Driver/Src/stm32g0xx_hal_tim.c.obj
 .text.TIM_TI1_ConfigInputStage
                0x08006c28       0x5c CMakeFiles/DMS-25-ACU.dir/Drivers/STM32G0xx_HAL_Driver/Src/stm32g0xx_hal_tim.c.obj
 .text.TIM_TI2_ConfigInputStage
                0x08006c84       0x64 CMakeFiles/DMS-25-ACU.dir/Drivers/STM32G0xx_HAL_Driver/Src/stm32g0xx_hal_tim.c.obj
 .text.TIM_ITRx_SetConfig
                0x08006ce8       0x38 CMakeFiles/DMS-25-ACU.dir/Drivers/STM32G0xx_HAL_Driver/Src/stm32g0xx_hal_tim.c.obj
 .text.TIM_ETR_SetConfig
                0x08006d20       0x40 CMakeFiles/DMS-25-ACU.dir/Drivers/STM32G0xx_HAL_Driver/Src/stm32g0xx_hal_tim.c.obj
                0x08006d20                TIM_ETR_SetConfig
 .text.HAL_TIMEx_MasterConfigSynchronization
                0x08006d60       0xec CMakeFiles/DMS-25-ACU.dir/Drivers/STM32G0xx_HAL_Driver/Src/stm32g0xx_hal_tim_ex.c.obj
                0x08006d60                HAL_TIMEx_MasterConfigSynchronization
 .text.HAL_TIMEx_CommutCallback
                0x08006e4c       0x10 CMakeFiles/DMS-25-ACU.dir/Drivers/STM32G0xx_HAL_Driver/Src/stm32g0xx_hal_tim_ex.c.obj
                0x08006e4c                HAL_TIMEx_CommutCallback
 .text.HAL_TIMEx_BreakCallback
                0x08006e5c       0x10 CMakeFiles/DMS-25-ACU.dir/Drivers/STM32G0xx_HAL_Driver/Src/stm32g0xx_hal_tim_ex.c.obj
                0x08006e5c                HAL_TIMEx_BreakCallback
 .text.HAL_TIMEx_Break2Callback
                0x08006e6c       0x10 CMakeFiles/DMS-25-ACU.dir/Drivers/STM32G0xx_HAL_Driver/Src/stm32g0xx_hal_tim_ex.c.obj
                0x08006e6c                HAL_TIMEx_Break2Callback
 .text.SystemInit
                0x08006e7c        0xa CMakeFiles/DMS-25-ACU.dir/Core/Src/system_stm32g0xx.c.obj
                0x08006e7c                SystemInit
 .text.vListInitialise
                0x08006e86       0x3c CMakeFiles/DMS-25-ACU.dir/Middlewares/Third_Party/FreeRTOS/Source/list.c.obj
                0x08006e86                vListInitialise
 .text.vListInitialiseItem
                0x08006ec2       0x16 CMakeFiles/DMS-25-ACU.dir/Middlewares/Third_Party/FreeRTOS/Source/list.c.obj
                0x08006ec2                vListInitialiseItem
 .text.vListInsertEnd
                0x08006ed8       0x44 CMakeFiles/DMS-25-ACU.dir/Middlewares/Third_Party/FreeRTOS/Source/list.c.obj
                0x08006ed8                vListInsertEnd
 .text.vListInsert
                0x08006f1c       0x6c CMakeFiles/DMS-25-ACU.dir/Middlewares/Third_Party/FreeRTOS/Source/list.c.obj
                0x08006f1c                vListInsert
 .text.uxListRemove
                0x08006f88       0x50 CMakeFiles/DMS-25-ACU.dir/Middlewares/Third_Party/FreeRTOS/Source/list.c.obj
                0x08006f88                uxListRemove
 .text.xQueueGenericReset
                0x08006fd8       0xaa CMakeFiles/DMS-25-ACU.dir/Middlewares/Third_Party/FreeRTOS/Source/queue.c.obj
                0x08006fd8                xQueueGenericReset
 .text.xQueueGenericCreateStatic
                0x08007082       0xa2 CMakeFiles/DMS-25-ACU.dir/Middlewares/Third_Party/FreeRTOS/Source/queue.c.obj
                0x08007082                xQueueGenericCreateStatic
 .text.prvInitialiseNewQueue
                0x08007124       0x4e CMakeFiles/DMS-25-ACU.dir/Middlewares/Third_Party/FreeRTOS/Source/queue.c.obj
 .text.xQueueGenericSend
                0x08007172      0x190 CMakeFiles/DMS-25-ACU.dir/Middlewares/Third_Party/FreeRTOS/Source/queue.c.obj
                0x08007172                xQueueGenericSend
 .text.xQueueGenericSendFromISR
                0x08007302       0xee CMakeFiles/DMS-25-ACU.dir/Middlewares/Third_Party/FreeRTOS/Source/queue.c.obj
                0x08007302                xQueueGenericSendFromISR
 .text.xQueueReceive
                0x080073f0      0x170 CMakeFiles/DMS-25-ACU.dir/Middlewares/Third_Party/FreeRTOS/Source/queue.c.obj
                0x080073f0                xQueueReceive
 .text.prvCopyDataToQueue
                0x08007560       0xd6 CMakeFiles/DMS-25-ACU.dir/Middlewares/Third_Party/FreeRTOS/Source/queue.c.obj
 .text.prvCopyDataFromQueue
                0x08007636       0x4c CMakeFiles/DMS-25-ACU.dir/Middlewares/Third_Party/FreeRTOS/Source/queue.c.obj
 .text.prvUnlockQueue
                0x08007682       0xbc CMakeFiles/DMS-25-ACU.dir/Middlewares/Third_Party/FreeRTOS/Source/queue.c.obj
 .text.prvIsQueueEmpty
                0x0800773e       0x2c CMakeFiles/DMS-25-ACU.dir/Middlewares/Third_Party/FreeRTOS/Source/queue.c.obj
 .text.prvIsQueueFull
                0x0800776a       0x30 CMakeFiles/DMS-25-ACU.dir/Middlewares/Third_Party/FreeRTOS/Source/queue.c.obj
 *fill*         0x0800779a        0x2 
 .text.vQueueAddToRegistry
                0x0800779c       0x50 CMakeFiles/DMS-25-ACU.dir/Middlewares/Third_Party/FreeRTOS/Source/queue.c.obj
                0x0800779c                vQueueAddToRegistry
 .text.vQueueWaitForMessageRestricted
                0x080077ec       0x66 CMakeFiles/DMS-25-ACU.dir/Middlewares/Third_Party/FreeRTOS/Source/queue.c.obj
                0x080077ec                vQueueWaitForMessageRestricted
 .text.xTaskCreateStatic
                0x08007852       0x8e CMakeFiles/DMS-25-ACU.dir/Middlewares/Third_Party/FreeRTOS/Source/tasks.c.obj
                0x08007852                xTaskCreateStatic
 .text.xTaskCreate
                0x080078e0       0x98 CMakeFiles/DMS-25-ACU.dir/Middlewares/Third_Party/FreeRTOS/Source/tasks.c.obj
                0x080078e0                xTaskCreate
 .text.prvInitialiseNewTask
                0x08007978      0x114 CMakeFiles/DMS-25-ACU.dir/Middlewares/Third_Party/FreeRTOS/Source/tasks.c.obj
 .text.prvAddNewTaskToReadyList
                0x08007a8c       0xd0 CMakeFiles/DMS-25-ACU.dir/Middlewares/Third_Party/FreeRTOS/Source/tasks.c.obj
 .text.vTaskDelay
                0x08007b5c       0x4c CMakeFiles/DMS-25-ACU.dir/Middlewares/Third_Party/FreeRTOS/Source/tasks.c.obj
                0x08007b5c                vTaskDelay
 .text.vTaskStartScheduler
                0x08007ba8       0xac CMakeFiles/DMS-25-ACU.dir/Middlewares/Third_Party/FreeRTOS/Source/tasks.c.obj
                0x08007ba8                vTaskStartScheduler
 .text.vTaskSuspendAll
                0x08007c54       0x18 CMakeFiles/DMS-25-ACU.dir/Middlewares/Third_Party/FreeRTOS/Source/tasks.c.obj
                0x08007c54                vTaskSuspendAll
 .text.xTaskResumeAll
                0x08007c6c      0x118 CMakeFiles/DMS-25-ACU.dir/Middlewares/Third_Party/FreeRTOS/Source/tasks.c.obj
                0x08007c6c                xTaskResumeAll
 .text.xTaskGetTickCount
                0x08007d84       0x1c CMakeFiles/DMS-25-ACU.dir/Middlewares/Third_Party/FreeRTOS/Source/tasks.c.obj
                0x08007d84                xTaskGetTickCount
 .text.xTaskIncrementTick
                0x08007da0      0x160 CMakeFiles/DMS-25-ACU.dir/Middlewares/Third_Party/FreeRTOS/Source/tasks.c.obj
                0x08007da0                xTaskIncrementTick
 .text.vTaskSwitchContext
                0x08007f00       0xa4 CMakeFiles/DMS-25-ACU.dir/Middlewares/Third_Party/FreeRTOS/Source/tasks.c.obj
                0x08007f00                vTaskSwitchContext
 .text.vTaskPlaceOnEventList
                0x08007fa4       0x40 CMakeFiles/DMS-25-ACU.dir/Middlewares/Third_Party/FreeRTOS/Source/tasks.c.obj
                0x08007fa4                vTaskPlaceOnEventList
 .text.vTaskPlaceOnEventListRestricted
                0x08007fe4       0x50 CMakeFiles/DMS-25-ACU.dir/Middlewares/Third_Party/FreeRTOS/Source/tasks.c.obj
                0x08007fe4                vTaskPlaceOnEventListRestricted
 .text.xTaskRemoveFromEventList
                0x08008034       0xbc CMakeFiles/DMS-25-ACU.dir/Middlewares/Third_Party/FreeRTOS/Source/tasks.c.obj
                0x08008034                xTaskRemoveFromEventList
 .text.vTaskInternalSetTimeOutState
                0x080080f0       0x28 CMakeFiles/DMS-25-ACU.dir/Middlewares/Third_Party/FreeRTOS/Source/tasks.c.obj
                0x080080f0                vTaskInternalSetTimeOutState
 .text.xTaskCheckForTimeOut
                0x08008118       0xa4 CMakeFiles/DMS-25-ACU.dir/Middlewares/Third_Party/FreeRTOS/Source/tasks.c.obj
                0x08008118                xTaskCheckForTimeOut
 .text.vTaskMissedYield
                0x080081bc       0x14 CMakeFiles/DMS-25-ACU.dir/Middlewares/Third_Party/FreeRTOS/Source/tasks.c.obj
                0x080081bc                vTaskMissedYield
 .text.prvIdleTask
                0x080081d0       0x20 CMakeFiles/DMS-25-ACU.dir/Middlewares/Third_Party/FreeRTOS/Source/tasks.c.obj
 .text.prvInitialiseTaskLists
                0x080081f0       0x88 CMakeFiles/DMS-25-ACU.dir/Middlewares/Third_Party/FreeRTOS/Source/tasks.c.obj
 .text.prvCheckTasksWaitingTermination
                0x08008278       0x5c CMakeFiles/DMS-25-ACU.dir/Middlewares/Third_Party/FreeRTOS/Source/tasks.c.obj
 .text.prvDeleteTCB
                0x080082d4       0x52 CMakeFiles/DMS-25-ACU.dir/Middlewares/Third_Party/FreeRTOS/Source/tasks.c.obj
 *fill*         0x08008326        0x2 
 .text.prvResetNextTaskUnblockTime
                0x08008328       0x3c CMakeFiles/DMS-25-ACU.dir/Middlewares/Third_Party/FreeRTOS/Source/tasks.c.obj
 .text.xTaskGetSchedulerState
                0x08008364       0x38 CMakeFiles/DMS-25-ACU.dir/Middlewares/Third_Party/FreeRTOS/Source/tasks.c.obj
                0x08008364                xTaskGetSchedulerState
 .text.xTaskPriorityDisinherit
                0x0800839c       0xbc CMakeFiles/DMS-25-ACU.dir/Middlewares/Third_Party/FreeRTOS/Source/tasks.c.obj
                0x0800839c                xTaskPriorityDisinherit
 .text.prvAddCurrentTaskToDelayedList
                0x08008458       0xa8 CMakeFiles/DMS-25-ACU.dir/Middlewares/Third_Party/FreeRTOS/Source/tasks.c.obj
 .text.xTimerCreateTimerTask
                0x08008500       0x80 CMakeFiles/DMS-25-ACU.dir/Middlewares/Third_Party/FreeRTOS/Source/timers.c.obj
                0x08008500                xTimerCreateTimerTask
 .text.xTimerGenericCommand
                0x08008580       0x98 CMakeFiles/DMS-25-ACU.dir/Middlewares/Third_Party/FreeRTOS/Source/timers.c.obj
                0x08008580                xTimerGenericCommand
 .text.prvProcessExpiredTimer
                0x08008618       0x8c CMakeFiles/DMS-25-ACU.dir/Middlewares/Third_Party/FreeRTOS/Source/timers.c.obj
 .text.prvTimerTask
                0x080086a4       0x2a CMakeFiles/DMS-25-ACU.dir/Middlewares/Third_Party/FreeRTOS/Source/timers.c.obj
 *fill*         0x080086ce        0x2 
 .text.prvProcessTimerOrBlockTask
                0x080086d0       0x90 CMakeFiles/DMS-25-ACU.dir/Middlewares/Third_Party/FreeRTOS/Source/timers.c.obj
 .text.prvGetNextExpireTime
                0x08008760       0x44 CMakeFiles/DMS-25-ACU.dir/Middlewares/Third_Party/FreeRTOS/Source/timers.c.obj
 .text.prvSampleTimeNow
                0x080087a4       0x40 CMakeFiles/DMS-25-ACU.dir/Middlewares/Third_Party/FreeRTOS/Source/timers.c.obj
 .text.prvInsertTimerInActiveList
                0x080087e4       0x84 CMakeFiles/DMS-25-ACU.dir/Middlewares/Third_Party/FreeRTOS/Source/timers.c.obj
 .text.prvProcessReceivedCommands
                0x08008868      0x194 CMakeFiles/DMS-25-ACU.dir/Middlewares/Third_Party/FreeRTOS/Source/timers.c.obj
 .text.prvSwitchTimerLists
                0x080089fc       0xbc CMakeFiles/DMS-25-ACU.dir/Middlewares/Third_Party/FreeRTOS/Source/timers.c.obj
 .text.prvCheckForValidListAndQueue
                0x08008ab8       0x84 CMakeFiles/DMS-25-ACU.dir/Middlewares/Third_Party/FreeRTOS/Source/timers.c.obj
 .text.__NVIC_SetPriority
                0x08008b3c       0xdc CMakeFiles/DMS-25-ACU.dir/Middlewares/Third_Party/FreeRTOS/Source/CMSIS_RTOS_V2/cmsis_os2.c.obj
 .text.SysTick_Handler
                0x08008c18       0x20 CMakeFiles/DMS-25-ACU.dir/Middlewares/Third_Party/FreeRTOS/Source/CMSIS_RTOS_V2/cmsis_os2.c.obj
                0x08008c18                SysTick_Handler
 .text.SVC_Setup
                0x08008c38       0x16 CMakeFiles/DMS-25-ACU.dir/Middlewares/Third_Party/FreeRTOS/Source/CMSIS_RTOS_V2/cmsis_os2.c.obj
 *fill*         0x08008c4e        0x2 
 .text.osKernelInitialize
                0x08008c50       0x44 CMakeFiles/DMS-25-ACU.dir/Middlewares/Third_Party/FreeRTOS/Source/CMSIS_RTOS_V2/cmsis_os2.c.obj
                0x08008c50                osKernelInitialize
 .text.osKernelStart
                0x08008c94       0x4c CMakeFiles/DMS-25-ACU.dir/Middlewares/Third_Party/FreeRTOS/Source/CMSIS_RTOS_V2/cmsis_os2.c.obj
                0x08008c94                osKernelStart
 .text.osThreadNew
                0x08008ce0      0x12c CMakeFiles/DMS-25-ACU.dir/Middlewares/Third_Party/FreeRTOS/Source/CMSIS_RTOS_V2/cmsis_os2.c.obj
                0x08008ce0                osThreadNew
 .text.osDelay  0x08008e0c       0x38 CMakeFiles/DMS-25-ACU.dir/Middlewares/Third_Party/FreeRTOS/Source/CMSIS_RTOS_V2/cmsis_os2.c.obj
                0x08008e0c                osDelay
 .text.vApplicationGetIdleTaskMemory
                0x08008e44       0x30 CMakeFiles/DMS-25-ACU.dir/Middlewares/Third_Party/FreeRTOS/Source/CMSIS_RTOS_V2/cmsis_os2.c.obj
                0x08008e44                vApplicationGetIdleTaskMemory
 .text.vApplicationGetTimerTaskMemory
                0x08008e74       0x30 CMakeFiles/DMS-25-ACU.dir/Middlewares/Third_Party/FreeRTOS/Source/CMSIS_RTOS_V2/cmsis_os2.c.obj
                0x08008e74                vApplicationGetTimerTaskMemory
 .text.pvPortMalloc
                0x08008ea4      0x160 CMakeFiles/DMS-25-ACU.dir/Middlewares/Third_Party/FreeRTOS/Source/portable/MemMang/heap_4.c.obj
                0x08008ea4                pvPortMalloc
 .text.vPortFree
                0x08009004       0xa0 CMakeFiles/DMS-25-ACU.dir/Middlewares/Third_Party/FreeRTOS/Source/portable/MemMang/heap_4.c.obj
                0x08009004                vPortFree
 .text.prvHeapInit
                0x080090a4       0xc0 CMakeFiles/DMS-25-ACU.dir/Middlewares/Third_Party/FreeRTOS/Source/portable/MemMang/heap_4.c.obj
 .text.prvInsertBlockIntoFreeList
                0x08009164       0xb0 CMakeFiles/DMS-25-ACU.dir/Middlewares/Third_Party/FreeRTOS/Source/portable/MemMang/heap_4.c.obj
 .text.pxPortInitialiseStack
                0x08009214       0x54 CMakeFiles/DMS-25-ACU.dir/Middlewares/Third_Party/FreeRTOS/Source/portable/GCC/ARM_CM0/port.c.obj
                0x08009214                pxPortInitialiseStack
 .text.prvTaskExitError
                0x08009268       0x30 CMakeFiles/DMS-25-ACU.dir/Middlewares/Third_Party/FreeRTOS/Source/portable/GCC/ARM_CM0/port.c.obj
 .text.SVC_Handler
                0x08009298        0xa CMakeFiles/DMS-25-ACU.dir/Middlewares/Third_Party/FreeRTOS/Source/portable/GCC/ARM_CM0/port.c.obj
                0x08009298                SVC_Handler
 *fill*         0x080092a2        0xe 
 .text.vPortStartFirstTask
                0x080092b0       0x38 CMakeFiles/DMS-25-ACU.dir/Middlewares/Third_Party/FreeRTOS/Source/portable/GCC/ARM_CM0/port.c.obj
 .text.xPortStartScheduler
                0x080092e8       0x48 CMakeFiles/DMS-25-ACU.dir/Middlewares/Third_Party/FreeRTOS/Source/portable/GCC/ARM_CM0/port.c.obj
                0x080092e8                xPortStartScheduler
 .text.vPortYield
                0x08009330       0x20 CMakeFiles/DMS-25-ACU.dir/Middlewares/Third_Party/FreeRTOS/Source/portable/GCC/ARM_CM0/port.c.obj
                0x08009330                vPortYield
 .text.vPortEnterCritical
                0x08009350       0x24 CMakeFiles/DMS-25-ACU.dir/Middlewares/Third_Party/FreeRTOS/Source/portable/GCC/ARM_CM0/port.c.obj
                0x08009350                vPortEnterCritical
 .text.vPortExitCritical
                0x08009374       0x30 CMakeFiles/DMS-25-ACU.dir/Middlewares/Third_Party/FreeRTOS/Source/portable/GCC/ARM_CM0/port.c.obj
                0x08009374                vPortExitCritical
 .text.ulSetInterruptMaskFromISR
                0x080093a4        0xc CMakeFiles/DMS-25-ACU.dir/Middlewares/Third_Party/FreeRTOS/Source/portable/GCC/ARM_CM0/port.c.obj
                0x080093a4                ulSetInterruptMaskFromISR
 .text.vClearInterruptMaskFromISR
                0x080093b0        0x8 CMakeFiles/DMS-25-ACU.dir/Middlewares/Third_Party/FreeRTOS/Source/portable/GCC/ARM_CM0/port.c.obj
                0x080093b0                vClearInterruptMaskFromISR
 *fill*         0x080093b8        0x8 
 .text.PendSV_Handler
                0x080093c0       0x48 CMakeFiles/DMS-25-ACU.dir/Middlewares/Third_Party/FreeRTOS/Source/portable/GCC/ARM_CM0/port.c.obj
                0x080093c0                PendSV_Handler
 .text.xPortSysTickHandler
                0x08009408       0x34 CMakeFiles/DMS-25-ACU.dir/Middlewares/Third_Party/FreeRTOS/Source/portable/GCC/ARM_CM0/port.c.obj
                0x08009408                xPortSysTickHandler
 .text.vPortSetupTimerInterrupt
                0x0800943c       0x44 CMakeFiles/DMS-25-ACU.dir/Middlewares/Third_Party/FreeRTOS/Source/portable/GCC/ARM_CM0/port.c.obj
                0x0800943c                vPortSetupTimerInterrupt
 .text.Reset_Handler
                0x08009480       0x50 CMakeFiles/DMS-25-ACU.dir/startup_stm32g0b1xx.s.obj
                0x08009480                Reset_Handler
 .text.Default_Handler
                0x080094d0        0x2 CMakeFiles/DMS-25-ACU.dir/startup_stm32g0b1xx.s.obj
                0x080094d0                I2C2_3_IRQHandler
                0x080094d0                USART3_4_5_6_LPUART1_IRQHandler
                0x080094d0                TIM1_CC_IRQHandler
                0x080094d0                ADC1_COMP_IRQHandler
                0x080094d0                I2C1_IRQHandler
                0x080094d0                TIM7_LPTIM2_IRQHandler
                0x080094d0                DMA1_Ch4_7_DMA2_Ch1_5_DMAMUX1_OVR_IRQHandler
                0x080094d0                RCC_CRS_IRQHandler
                0x080094d0                RTC_TAMP_IRQHandler
                0x080094d0                SPI1_IRQHandler
                0x080094d0                USB_UCPD1_2_IRQHandler
                0x080094d0                EXTI2_3_IRQHandler
                0x080094d0                USART2_LPUART2_IRQHandler
                0x080094d0                PVD_VDDIO2_IRQHandler
                0x080094d0                EXTI4_15_IRQHandler
                0x080094d0                Default_Handler
                0x080094d0                CEC_IRQHandler
                0x080094d0                TIM14_IRQHandler
                0x080094d0                TIM15_IRQHandler
                0x080094d0                TIM3_TIM4_IRQHandler
                0x080094d0                EXTI0_1_IRQHandler
                0x080094d0                SPI2_3_IRQHandler
                0x080094d0                WWDG_IRQHandler
                0x080094d0                TIM2_IRQHandler
                0x080094d0                DMA1_Channel2_3_IRQHandler
                0x080094d0                FLASH_IRQHandler
                0x080094d0                USART1_IRQHandler
                0x080094d0                TIM1_BRK_UP_TRG_COM_IRQHandler
 .text.memcpy   0x080094d2       0x12 C:/ST/STM32CubeCLT_1.15.1/GNU-tools-for-STM32/bin/../lib/gcc/arm-none-eabi/12.3.1/../../../../arm-none-eabi/lib/thumb/v6-m/nofp\libg_nano.a(libc_a-memcpy-stub.o)
                0x080094d2                memcpy
 *(.glue_7)
 .glue_7        0x080094e4        0x0 linker stubs
 *(.glue_7t)
 .glue_7t       0x080094e4        0x0 linker stubs
 *(.eh_frame)
 .eh_frame      0x080094e4        0x0 C:/ST/STM32CubeCLT_1.15.1/GNU-tools-for-STM32/bin/../lib/gcc/arm-none-eabi/12.3.1/thumb/v6-m/nofp/crtbegin.o
 *(.init)
 .init          0x080094e4        0x4 C:/ST/STM32CubeCLT_1.15.1/GNU-tools-for-STM32/bin/../lib/gcc/arm-none-eabi/12.3.1/thumb/v6-m/nofp/crti.o
                0x080094e4                _init
 .init          0x080094e8        0x8 C:/ST/STM32CubeCLT_1.15.1/GNU-tools-for-STM32/bin/../lib/gcc/arm-none-eabi/12.3.1/thumb/v6-m/nofp/crtn.o
 *(.fini)
 .fini          0x080094f0        0x4 C:/ST/STM32CubeCLT_1.15.1/GNU-tools-for-STM32/bin/../lib/gcc/arm-none-eabi/12.3.1/thumb/v6-m/nofp/crti.o
                0x080094f0                _fini
 .fini          0x080094f4        0x8 C:/ST/STM32CubeCLT_1.15.1/GNU-tools-for-STM32/bin/../lib/gcc/arm-none-eabi/12.3.1/thumb/v6-m/nofp/crtn.o
                0x080094fc                        . = ALIGN (0x4)
                0x080094fc                        _etext = .

.vfp11_veneer   0x080094fc        0x0
 .vfp11_veneer  0x080094fc        0x0 linker stubs

.v4_bx          0x080094fc        0x0
 .v4_bx         0x080094fc        0x0 linker stubs

.iplt           0x080094fc        0x0
 .iplt          0x080094fc        0x0 C:/ST/STM32CubeCLT_1.15.1/GNU-tools-for-STM32/bin/../lib/gcc/arm-none-eabi/12.3.1/thumb/v6-m/nofp/crtbegin.o

.rodata         0x080094fc      0x1f8
                0x080094fc                        . = ALIGN (0x4)
 *(.rodata)
 .rodata        0x080094fc       0x2c CMakeFiles/DMS-25-ACU.dir/Core/Src/app_freertos.c.obj
 .rodata        0x08009528        0x5 CMakeFiles/DMS-25-ACU.dir/Middlewares/Third_Party/FreeRTOS/Source/tasks.c.obj
 *fill*         0x0800952d        0x3 
 .rodata        0x08009530        0xd CMakeFiles/DMS-25-ACU.dir/Middlewares/Third_Party/FreeRTOS/Source/timers.c.obj
 *fill*         0x0800953d        0x3 
 .rodata        0x08009540       0x40 C:/ST/STM32CubeCLT_1.15.1/GNU-tools-for-STM32/bin/../lib/gcc/arm-none-eabi/12.3.1/thumb/v6-m/nofp\libgcc.a(divdf3.o)
 *(.rodata*)
 .rodata.StateMachineTaskEntry
                0x08009580       0x1c CMakeFiles/DMS-25-ACU.dir/Core/User/app_main.c.obj
 .rodata.Task_StatusLED_attributes
                0x0800959c       0x24 CMakeFiles/DMS-25-ACU.dir/Core/Src/app_freertos.c.obj
                0x0800959c                Task_StatusLED_attributes
 .rodata.Task_HVCStatus_attributes
                0x080095c0       0x24 CMakeFiles/DMS-25-ACU.dir/Core/Src/app_freertos.c.obj
                0x080095c0                Task_HVCStatus_attributes
 .rodata.Task_StateM_attributes
                0x080095e4       0x24 CMakeFiles/DMS-25-ACU.dir/Core/Src/app_freertos.c.obj
                0x080095e4                Task_StateM_attributes
 .rodata.DLCtoBytes
                0x08009608       0x10 CMakeFiles/DMS-25-ACU.dir/Drivers/STM32G0xx_HAL_Driver/Src/stm32g0xx_hal_fdcan.c.obj
 .rodata.HAL_TIM_PWM_ConfigChannel
                0x08009618       0x54 CMakeFiles/DMS-25-ACU.dir/Drivers/STM32G0xx_HAL_Driver/Src/stm32g0xx_hal_tim.c.obj
 .rodata.AHBPrescTable
                0x0800966c       0x40 CMakeFiles/DMS-25-ACU.dir/Core/Src/system_stm32g0xx.c.obj
                0x0800966c                AHBPrescTable
 .rodata.APBPrescTable
                0x080096ac       0x20 CMakeFiles/DMS-25-ACU.dir/Core/Src/system_stm32g0xx.c.obj
                0x080096ac                APBPrescTable
 .rodata.prvProcessReceivedCommands
                0x080096cc       0x28 CMakeFiles/DMS-25-ACU.dir/Middlewares/Third_Party/FreeRTOS/Source/timers.c.obj
                0x080096f4                        . = ALIGN (0x4)

.rel.dyn        0x080096f4        0x0
 .rel.iplt      0x080096f4        0x0 C:/ST/STM32CubeCLT_1.15.1/GNU-tools-for-STM32/bin/../lib/gcc/arm-none-eabi/12.3.1/thumb/v6-m/nofp/crtbegin.o

.ARM.extab
 *(.ARM.extab* .gnu.linkonce.armextab.*)

.ARM            0x080096f4        0x0
                0x080096f4                        __exidx_start = .
 *(.ARM.exidx*)
                0x080096f4                        __exidx_end = .

.preinit_array  0x080096f4        0x0
                0x080096f4                        PROVIDE (__preinit_array_start = .)
 *(.preinit_array*)
                0x080096f4                        PROVIDE (__preinit_array_end = .)

.init_array     0x080096f4        0x4
                0x080096f4                        PROVIDE (__init_array_start = .)
 *(SORT_BY_NAME(.init_array.*))
 *(.init_array*)
 .init_array    0x080096f4        0x4 C:/ST/STM32CubeCLT_1.15.1/GNU-tools-for-STM32/bin/../lib/gcc/arm-none-eabi/12.3.1/thumb/v6-m/nofp/crtbegin.o
                0x080096f8                        PROVIDE (__init_array_end = .)

.fini_array     0x080096f8        0x4
                [!provide]                        PROVIDE (__fini_array_start = .)
 *(SORT_BY_NAME(.fini_array.*))
 *(.fini_array*)
 .fini_array    0x080096f8        0x4 C:/ST/STM32CubeCLT_1.15.1/GNU-tools-for-STM32/bin/../lib/gcc/arm-none-eabi/12.3.1/thumb/v6-m/nofp/crtbegin.o
                [!provide]                        PROVIDE (__fini_array_end = .)
                0x080096fc                        _sidata = LOADADDR (.data)

.data           0x20000000       0x14 load address 0x080096fc
                0x20000000                        . = ALIGN (0x4)
                0x20000000                        _sdata = .
 *(.data)
 *(.data*)
 .data.sdcInStatus
                0x20000000        0x1 CMakeFiles/DMS-25-ACU.dir/Core/User/app_main.c.obj
                0x20000000                sdcInStatus
 *fill*         0x20000001        0x3 
 .data.uwTickPrio
                0x20000004        0x4 CMakeFiles/DMS-25-ACU.dir/Drivers/STM32G0xx_HAL_Driver/Src/stm32g0xx_hal.c.obj
                0x20000004                uwTickPrio
 .data.uwTickFreq
                0x20000008        0x1 CMakeFiles/DMS-25-ACU.dir/Drivers/STM32G0xx_HAL_Driver/Src/stm32g0xx_hal.c.obj
                0x20000008                uwTickFreq
 *fill*         0x20000009        0x3 
 .data.SystemCoreClock
                0x2000000c        0x4 CMakeFiles/DMS-25-ACU.dir/Core/Src/system_stm32g0xx.c.obj
                0x2000000c                SystemCoreClock
 .data.uxCriticalNesting
                0x20000010        0x4 CMakeFiles/DMS-25-ACU.dir/Middlewares/Third_Party/FreeRTOS/Source/portable/GCC/ARM_CM0/port.c.obj
                0x20000014                        . = ALIGN (0x4)
                0x20000014                        _edata = .

.igot.plt       0x20000014        0x0 load address 0x08009710
 .igot.plt      0x20000014        0x0 C:/ST/STM32CubeCLT_1.15.1/GNU-tools-for-STM32/bin/../lib/gcc/arm-none-eabi/12.3.1/thumb/v6-m/nofp/crtbegin.o
                0x20000014                        . = ALIGN (0x4)

.bss            0x20000014     0x1b70 load address 0x08009710
                0x20000014                        _sbss = .
                0x20000014                        __bss_start__ = _sbss
 *(.bss)
 .bss           0x20000014       0x1c C:/ST/STM32CubeCLT_1.15.1/GNU-tools-for-STM32/bin/../lib/gcc/arm-none-eabi/12.3.1/thumb/v6-m/nofp/crtbegin.o
 *(.bss*)
 .bss.hvcState  0x20000030        0x1 CMakeFiles/DMS-25-ACU.dir/Core/User/app_main.c.obj
                0x20000030                hvcState
 *fill*         0x20000031        0x3 
 .bss.adc_buf   0x20000034        0x6 CMakeFiles/DMS-25-ACU.dir/Core/User/app_main.c.obj
                0x20000034                adc_buf
 .bss.tractiveSystemEnableCmd
                0x2000003a        0x1 CMakeFiles/DMS-25-ACU.dir/Core/User/app_main.c.obj
                0x2000003a                tractiveSystemEnableCmd
 *fill*         0x2000003b        0x1 
 .bss.lastMessageTime
                0x2000003c        0x4 CMakeFiles/DMS-25-ACU.dir/Core/User/app_main.c.obj
                0x2000003c                lastMessageTime
 .bss.TxHeartbeat
                0x20000040       0x24 CMakeFiles/DMS-25-ACU.dir/Core/User/heartbeat.c.obj
                0x20000040                TxHeartbeat
 .bss.TxHeartbeatData
                0x20000064        0x8 CMakeFiles/DMS-25-ACU.dir/Core/User/heartbeat.c.obj
                0x20000064                TxHeartbeatData
 .bss.Task_StatusLEDHandle
                0x2000006c        0x4 CMakeFiles/DMS-25-ACU.dir/Core/Src/app_freertos.c.obj
                0x2000006c                Task_StatusLEDHandle
 .bss.Task_HVCStatusHandle
                0x20000070        0x4 CMakeFiles/DMS-25-ACU.dir/Core/Src/app_freertos.c.obj
                0x20000070                Task_HVCStatusHandle
 .bss.Task_StateMHandle
                0x20000074        0x4 CMakeFiles/DMS-25-ACU.dir/Core/Src/app_freertos.c.obj
                0x20000074                Task_StateMHandle
 .bss.hadc1     0x20000078       0x64 CMakeFiles/DMS-25-ACU.dir/Core/Src/adc.c.obj
                0x20000078                hadc1
 .bss.hdma_adc1
                0x200000dc       0x60 CMakeFiles/DMS-25-ACU.dir/Core/Src/adc.c.obj
                0x200000dc                hdma_adc1
 .bss.hfdcan1   0x2000013c       0x64 CMakeFiles/DMS-25-ACU.dir/Core/Src/fdcan.c.obj
                0x2000013c                hfdcan1
 .bss.htim2     0x200001a0       0x4c CMakeFiles/DMS-25-ACU.dir/Core/Src/tim.c.obj
                0x200001a0                htim2
 .bss.htim6     0x200001ec       0x4c CMakeFiles/DMS-25-ACU.dir/Core/Src/stm32g0xx_hal_timebase_tim.c.obj
                0x200001ec                htim6
 .bss.uwTick    0x20000238        0x4 CMakeFiles/DMS-25-ACU.dir/Drivers/STM32G0xx_HAL_Driver/Src/stm32g0xx_hal.c.obj
                0x20000238                uwTick
 .bss.xQueueRegistry
                0x2000023c       0x40 CMakeFiles/DMS-25-ACU.dir/Middlewares/Third_Party/FreeRTOS/Source/queue.c.obj
                0x2000023c                xQueueRegistry
 .bss.pxCurrentTCB
                0x2000027c        0x4 CMakeFiles/DMS-25-ACU.dir/Middlewares/Third_Party/FreeRTOS/Source/tasks.c.obj
                0x2000027c                pxCurrentTCB
 .bss.pxReadyTasksLists
                0x20000280      0x460 CMakeFiles/DMS-25-ACU.dir/Middlewares/Third_Party/FreeRTOS/Source/tasks.c.obj
 .bss.xDelayedTaskList1
                0x200006e0       0x14 CMakeFiles/DMS-25-ACU.dir/Middlewares/Third_Party/FreeRTOS/Source/tasks.c.obj
 .bss.xDelayedTaskList2
                0x200006f4       0x14 CMakeFiles/DMS-25-ACU.dir/Middlewares/Third_Party/FreeRTOS/Source/tasks.c.obj
 .bss.pxDelayedTaskList
                0x20000708        0x4 CMakeFiles/DMS-25-ACU.dir/Middlewares/Third_Party/FreeRTOS/Source/tasks.c.obj
 .bss.pxOverflowDelayedTaskList
                0x2000070c        0x4 CMakeFiles/DMS-25-ACU.dir/Middlewares/Third_Party/FreeRTOS/Source/tasks.c.obj
 .bss.xPendingReadyList
                0x20000710       0x14 CMakeFiles/DMS-25-ACU.dir/Middlewares/Third_Party/FreeRTOS/Source/tasks.c.obj
 .bss.xTasksWaitingTermination
                0x20000724       0x14 CMakeFiles/DMS-25-ACU.dir/Middlewares/Third_Party/FreeRTOS/Source/tasks.c.obj
 .bss.uxDeletedTasksWaitingCleanUp
                0x20000738        0x4 CMakeFiles/DMS-25-ACU.dir/Middlewares/Third_Party/FreeRTOS/Source/tasks.c.obj
 .bss.xSuspendedTaskList
                0x2000073c       0x14 CMakeFiles/DMS-25-ACU.dir/Middlewares/Third_Party/FreeRTOS/Source/tasks.c.obj
 .bss.uxCurrentNumberOfTasks
                0x20000750        0x4 CMakeFiles/DMS-25-ACU.dir/Middlewares/Third_Party/FreeRTOS/Source/tasks.c.obj
 .bss.xTickCount
                0x20000754        0x4 CMakeFiles/DMS-25-ACU.dir/Middlewares/Third_Party/FreeRTOS/Source/tasks.c.obj
 .bss.uxTopReadyPriority
                0x20000758        0x4 CMakeFiles/DMS-25-ACU.dir/Middlewares/Third_Party/FreeRTOS/Source/tasks.c.obj
 .bss.xSchedulerRunning
                0x2000075c        0x4 CMakeFiles/DMS-25-ACU.dir/Middlewares/Third_Party/FreeRTOS/Source/tasks.c.obj
 .bss.xPendedTicks
                0x20000760        0x4 CMakeFiles/DMS-25-ACU.dir/Middlewares/Third_Party/FreeRTOS/Source/tasks.c.obj
 .bss.xYieldPending
                0x20000764        0x4 CMakeFiles/DMS-25-ACU.dir/Middlewares/Third_Party/FreeRTOS/Source/tasks.c.obj
 .bss.xNumOfOverflows
                0x20000768        0x4 CMakeFiles/DMS-25-ACU.dir/Middlewares/Third_Party/FreeRTOS/Source/tasks.c.obj
 .bss.uxTaskNumber
                0x2000076c        0x4 CMakeFiles/DMS-25-ACU.dir/Middlewares/Third_Party/FreeRTOS/Source/tasks.c.obj
 .bss.xNextTaskUnblockTime
                0x20000770        0x4 CMakeFiles/DMS-25-ACU.dir/Middlewares/Third_Party/FreeRTOS/Source/tasks.c.obj
 .bss.xIdleTaskHandle
                0x20000774        0x4 CMakeFiles/DMS-25-ACU.dir/Middlewares/Third_Party/FreeRTOS/Source/tasks.c.obj
 .bss.uxSchedulerSuspended
                0x20000778        0x4 CMakeFiles/DMS-25-ACU.dir/Middlewares/Third_Party/FreeRTOS/Source/tasks.c.obj
 .bss.xActiveTimerList1
                0x2000077c       0x14 CMakeFiles/DMS-25-ACU.dir/Middlewares/Third_Party/FreeRTOS/Source/timers.c.obj
 .bss.xActiveTimerList2
                0x20000790       0x14 CMakeFiles/DMS-25-ACU.dir/Middlewares/Third_Party/FreeRTOS/Source/timers.c.obj
 .bss.pxCurrentTimerList
                0x200007a4        0x4 CMakeFiles/DMS-25-ACU.dir/Middlewares/Third_Party/FreeRTOS/Source/timers.c.obj
 .bss.pxOverflowTimerList
                0x200007a8        0x4 CMakeFiles/DMS-25-ACU.dir/Middlewares/Third_Party/FreeRTOS/Source/timers.c.obj
 .bss.xTimerQueue
                0x200007ac        0x4 CMakeFiles/DMS-25-ACU.dir/Middlewares/Third_Party/FreeRTOS/Source/timers.c.obj
 .bss.xTimerTaskHandle
                0x200007b0        0x4 CMakeFiles/DMS-25-ACU.dir/Middlewares/Third_Party/FreeRTOS/Source/timers.c.obj
 .bss.xLastTime.2
                0x200007b4        0x4 CMakeFiles/DMS-25-ACU.dir/Middlewares/Third_Party/FreeRTOS/Source/timers.c.obj
 .bss.ucStaticTimerQueueStorage.1
                0x200007b8       0xa0 CMakeFiles/DMS-25-ACU.dir/Middlewares/Third_Party/FreeRTOS/Source/timers.c.obj
 .bss.xStaticTimerQueue.0
                0x20000858       0x50 CMakeFiles/DMS-25-ACU.dir/Middlewares/Third_Party/FreeRTOS/Source/timers.c.obj
 .bss.KernelState
                0x200008a8        0x4 CMakeFiles/DMS-25-ACU.dir/Middlewares/Third_Party/FreeRTOS/Source/CMSIS_RTOS_V2/cmsis_os2.c.obj
 .bss.Idle_TCB.3
                0x200008ac       0x5c CMakeFiles/DMS-25-ACU.dir/Middlewares/Third_Party/FreeRTOS/Source/CMSIS_RTOS_V2/cmsis_os2.c.obj
 .bss.Idle_Stack.2
                0x20000908      0x200 CMakeFiles/DMS-25-ACU.dir/Middlewares/Third_Party/FreeRTOS/Source/CMSIS_RTOS_V2/cmsis_os2.c.obj
 .bss.Timer_TCB.1
                0x20000b08       0x5c CMakeFiles/DMS-25-ACU.dir/Middlewares/Third_Party/FreeRTOS/Source/CMSIS_RTOS_V2/cmsis_os2.c.obj
 .bss.Timer_Stack.0
                0x20000b64      0x400 CMakeFiles/DMS-25-ACU.dir/Middlewares/Third_Party/FreeRTOS/Source/CMSIS_RTOS_V2/cmsis_os2.c.obj
 .bss.ucHeap    0x20000f64      0xc00 CMakeFiles/DMS-25-ACU.dir/Middlewares/Third_Party/FreeRTOS/Source/portable/MemMang/heap_4.c.obj
 .bss.xStart    0x20001b64        0x8 CMakeFiles/DMS-25-ACU.dir/Middlewares/Third_Party/FreeRTOS/Source/portable/MemMang/heap_4.c.obj
 .bss.pxEnd     0x20001b6c        0x4 CMakeFiles/DMS-25-ACU.dir/Middlewares/Third_Party/FreeRTOS/Source/portable/MemMang/heap_4.c.obj
 .bss.xFreeBytesRemaining
                0x20001b70        0x4 CMakeFiles/DMS-25-ACU.dir/Middlewares/Third_Party/FreeRTOS/Source/portable/MemMang/heap_4.c.obj
 .bss.xMinimumEverFreeBytesRemaining
                0x20001b74        0x4 CMakeFiles/DMS-25-ACU.dir/Middlewares/Third_Party/FreeRTOS/Source/portable/MemMang/heap_4.c.obj
 .bss.xNumberOfSuccessfulAllocations
                0x20001b78        0x4 CMakeFiles/DMS-25-ACU.dir/Middlewares/Third_Party/FreeRTOS/Source/portable/MemMang/heap_4.c.obj
 .bss.xNumberOfSuccessfulFrees
                0x20001b7c        0x4 CMakeFiles/DMS-25-ACU.dir/Middlewares/Third_Party/FreeRTOS/Source/portable/MemMang/heap_4.c.obj
 .bss.xBlockAllocatedBit
                0x20001b80        0x4 CMakeFiles/DMS-25-ACU.dir/Middlewares/Third_Party/FreeRTOS/Source/portable/MemMang/heap_4.c.obj
 *(COMMON)
                0x20001b84                        . = ALIGN (0x4)
                0x20001b84                        _ebss = .
                0x20001b84                        __bss_end__ = _ebss

._user_heap_stack
                0x20001b84      0x604 load address 0x08009710
                0x20001b88                        . = ALIGN (0x8)
 *fill*         0x20001b84        0x4 
                [!provide]                        PROVIDE (end = .)
                0x20001b88                        PROVIDE (_end = .)
                0x20001d88                        . = (. + _Min_Heap_Size)
 *fill*         0x20001b88      0x200 
                0x20002188                        . = (. + _Min_Stack_Size)
 *fill*         0x20001d88      0x400 
                0x20002188                        . = ALIGN (0x8)

/DISCARD/
 libc.a(*)
 libm.a(*)
 libgcc.a(*)

.ARM.attributes
                0x00000000       0x28
 *(.ARM.attributes)
 .ARM.attributes
                0x00000000       0x1e C:/ST/STM32CubeCLT_1.15.1/GNU-tools-for-STM32/bin/../lib/gcc/arm-none-eabi/12.3.1/thumb/v6-m/nofp/crti.o
 .ARM.attributes
                0x0000001e       0x2c C:/ST/STM32CubeCLT_1.15.1/GNU-tools-for-STM32/bin/../lib/gcc/arm-none-eabi/12.3.1/thumb/v6-m/nofp/crtbegin.o
 .ARM.attributes
                0x0000004a       0x2c C:/ST/STM32CubeCLT_1.15.1/GNU-tools-for-STM32/bin/../lib/gcc/arm-none-eabi/12.3.1/../../../../arm-none-eabi/lib/thumb/v6-m/nofp\libc_nano.a(libc_a-memset.o)
 .ARM.attributes
                0x00000076       0x2c C:/ST/STM32CubeCLT_1.15.1/GNU-tools-for-STM32/bin/../lib/gcc/arm-none-eabi/12.3.1/../../../../arm-none-eabi/lib/thumb/v6-m/nofp\libc_nano.a(libc_a-init.o)
 .ARM.attributes
                0x000000a2       0x2c CMakeFiles/DMS-25-ACU.dir/Core/User/app_main.c.obj
 .ARM.attributes
                0x000000ce       0x2c CMakeFiles/DMS-25-ACU.dir/Core/User/heartbeat.c.obj
 .ARM.attributes
                0x000000fa       0x2c CMakeFiles/DMS-25-ACU.dir/Core/User/io_control.c.obj
 .ARM.attributes
                0x00000126       0x2c CMakeFiles/DMS-25-ACU.dir/Core/Src/main.c.obj
 .ARM.attributes
                0x00000152       0x2c CMakeFiles/DMS-25-ACU.dir/Core/Src/gpio.c.obj
 .ARM.attributes
                0x0000017e       0x2c CMakeFiles/DMS-25-ACU.dir/Core/Src/app_freertos.c.obj
 .ARM.attributes
                0x000001aa       0x2c CMakeFiles/DMS-25-ACU.dir/Core/Src/adc.c.obj
 .ARM.attributes
                0x000001d6       0x2c CMakeFiles/DMS-25-ACU.dir/Core/Src/dma.c.obj
 .ARM.attributes
                0x00000202       0x2c CMakeFiles/DMS-25-ACU.dir/Core/Src/fdcan.c.obj
 .ARM.attributes
                0x0000022e       0x2c CMakeFiles/DMS-25-ACU.dir/Core/Src/tim.c.obj
 .ARM.attributes
                0x0000025a       0x2c CMakeFiles/DMS-25-ACU.dir/Core/Src/stm32g0xx_it.c.obj
 .ARM.attributes
                0x00000286       0x2c CMakeFiles/DMS-25-ACU.dir/Core/Src/stm32g0xx_hal_msp.c.obj
 .ARM.attributes
                0x000002b2       0x2c CMakeFiles/DMS-25-ACU.dir/Core/Src/stm32g0xx_hal_timebase_tim.c.obj
 .ARM.attributes
                0x000002de       0x2c CMakeFiles/DMS-25-ACU.dir/Drivers/STM32G0xx_HAL_Driver/Src/stm32g0xx_hal_adc.c.obj
 .ARM.attributes
                0x0000030a       0x2c CMakeFiles/DMS-25-ACU.dir/Drivers/STM32G0xx_HAL_Driver/Src/stm32g0xx_hal_rcc.c.obj
 .ARM.attributes
                0x00000336       0x2c CMakeFiles/DMS-25-ACU.dir/Drivers/STM32G0xx_HAL_Driver/Src/stm32g0xx_hal_rcc_ex.c.obj
 .ARM.attributes
                0x00000362       0x2c CMakeFiles/DMS-25-ACU.dir/Drivers/STM32G0xx_HAL_Driver/Src/stm32g0xx_hal_gpio.c.obj
 .ARM.attributes
                0x0000038e       0x2c CMakeFiles/DMS-25-ACU.dir/Drivers/STM32G0xx_HAL_Driver/Src/stm32g0xx_hal_dma.c.obj
 .ARM.attributes
                0x000003ba       0x2c CMakeFiles/DMS-25-ACU.dir/Drivers/STM32G0xx_HAL_Driver/Src/stm32g0xx_hal_pwr_ex.c.obj
 .ARM.attributes
                0x000003e6       0x2c CMakeFiles/DMS-25-ACU.dir/Drivers/STM32G0xx_HAL_Driver/Src/stm32g0xx_hal_cortex.c.obj
 .ARM.attributes
                0x00000412       0x2c CMakeFiles/DMS-25-ACU.dir/Drivers/STM32G0xx_HAL_Driver/Src/stm32g0xx_hal.c.obj
 .ARM.attributes
                0x0000043e       0x2c CMakeFiles/DMS-25-ACU.dir/Drivers/STM32G0xx_HAL_Driver/Src/stm32g0xx_hal_fdcan.c.obj
 .ARM.attributes
                0x0000046a       0x2c CMakeFiles/DMS-25-ACU.dir/Drivers/STM32G0xx_HAL_Driver/Src/stm32g0xx_hal_tim.c.obj
 .ARM.attributes
                0x00000496       0x2c CMakeFiles/DMS-25-ACU.dir/Drivers/STM32G0xx_HAL_Driver/Src/stm32g0xx_hal_tim_ex.c.obj
 .ARM.attributes
                0x000004c2       0x2c CMakeFiles/DMS-25-ACU.dir/Core/Src/system_stm32g0xx.c.obj
 .ARM.attributes
                0x000004ee       0x2c CMakeFiles/DMS-25-ACU.dir/Middlewares/Third_Party/FreeRTOS/Source/list.c.obj
 .ARM.attributes
                0x0000051a       0x2c CMakeFiles/DMS-25-ACU.dir/Middlewares/Third_Party/FreeRTOS/Source/queue.c.obj
 .ARM.attributes
                0x00000546       0x2c CMakeFiles/DMS-25-ACU.dir/Middlewares/Third_Party/FreeRTOS/Source/tasks.c.obj
 .ARM.attributes
                0x00000572       0x2c CMakeFiles/DMS-25-ACU.dir/Middlewares/Third_Party/FreeRTOS/Source/timers.c.obj
 .ARM.attributes
                0x0000059e       0x2c CMakeFiles/DMS-25-ACU.dir/Middlewares/Third_Party/FreeRTOS/Source/CMSIS_RTOS_V2/cmsis_os2.c.obj
 .ARM.attributes
                0x000005ca       0x2c CMakeFiles/DMS-25-ACU.dir/Middlewares/Third_Party/FreeRTOS/Source/portable/MemMang/heap_4.c.obj
 .ARM.attributes
                0x000005f6       0x2c CMakeFiles/DMS-25-ACU.dir/Middlewares/Third_Party/FreeRTOS/Source/portable/GCC/ARM_CM0/port.c.obj
 .ARM.attributes
                0x00000622       0x22 CMakeFiles/DMS-25-ACU.dir/startup_stm32g0b1xx.s.obj
 .ARM.attributes
                0x00000644       0x1e C:/ST/STM32CubeCLT_1.15.1/GNU-tools-for-STM32/bin/../lib/gcc/arm-none-eabi/12.3.1/thumb/v6-m/nofp\libgcc.a(_udivsi3.o)
 .ARM.attributes
                0x00000662       0x1e C:/ST/STM32CubeCLT_1.15.1/GNU-tools-for-STM32/bin/../lib/gcc/arm-none-eabi/12.3.1/thumb/v6-m/nofp\libgcc.a(_dvmd_tls.o)
 .ARM.attributes
                0x00000680       0x1e C:/ST/STM32CubeCLT_1.15.1/GNU-tools-for-STM32/bin/../lib/gcc/arm-none-eabi/12.3.1/thumb/v6-m/nofp\libgcc.a(_arm_cmpsf2.o)
 .ARM.attributes
                0x0000069e       0x2c C:/ST/STM32CubeCLT_1.15.1/GNU-tools-for-STM32/bin/../lib/gcc/arm-none-eabi/12.3.1/thumb/v6-m/nofp\libgcc.a(addsf3.o)
 .ARM.attributes
                0x000006ca       0x2c C:/ST/STM32CubeCLT_1.15.1/GNU-tools-for-STM32/bin/../lib/gcc/arm-none-eabi/12.3.1/thumb/v6-m/nofp\libgcc.a(eqsf2.o)
 .ARM.attributes
                0x000006f6       0x2c C:/ST/STM32CubeCLT_1.15.1/GNU-tools-for-STM32/bin/../lib/gcc/arm-none-eabi/12.3.1/thumb/v6-m/nofp\libgcc.a(gesf2.o)
 .ARM.attributes
                0x00000722       0x2c C:/ST/STM32CubeCLT_1.15.1/GNU-tools-for-STM32/bin/../lib/gcc/arm-none-eabi/12.3.1/thumb/v6-m/nofp\libgcc.a(lesf2.o)
 .ARM.attributes
                0x0000074e       0x2c C:/ST/STM32CubeCLT_1.15.1/GNU-tools-for-STM32/bin/../lib/gcc/arm-none-eabi/12.3.1/thumb/v6-m/nofp\libgcc.a(subsf3.o)
 .ARM.attributes
                0x0000077a       0x2c C:/ST/STM32CubeCLT_1.15.1/GNU-tools-for-STM32/bin/../lib/gcc/arm-none-eabi/12.3.1/thumb/v6-m/nofp\libgcc.a(floatsisf.o)
 .ARM.attributes
                0x000007a6       0x2c C:/ST/STM32CubeCLT_1.15.1/GNU-tools-for-STM32/bin/../lib/gcc/arm-none-eabi/12.3.1/thumb/v6-m/nofp\libgcc.a(divdf3.o)
 .ARM.attributes
                0x000007d2       0x2c C:/ST/STM32CubeCLT_1.15.1/GNU-tools-for-STM32/bin/../lib/gcc/arm-none-eabi/12.3.1/thumb/v6-m/nofp\libgcc.a(muldf3.o)
 .ARM.attributes
                0x000007fe       0x2c C:/ST/STM32CubeCLT_1.15.1/GNU-tools-for-STM32/bin/../lib/gcc/arm-none-eabi/12.3.1/thumb/v6-m/nofp\libgcc.a(extendsfdf2.o)
 .ARM.attributes
                0x0000082a       0x2c C:/ST/STM32CubeCLT_1.15.1/GNU-tools-for-STM32/bin/../lib/gcc/arm-none-eabi/12.3.1/thumb/v6-m/nofp\libgcc.a(truncdfsf2.o)
 .ARM.attributes
                0x00000856       0x1e C:/ST/STM32CubeCLT_1.15.1/GNU-tools-for-STM32/bin/../lib/gcc/arm-none-eabi/12.3.1/thumb/v6-m/nofp\libgcc.a(_clzsi2.o)
 .ARM.attributes
                0x00000874       0x2c C:/ST/STM32CubeCLT_1.15.1/GNU-tools-for-STM32/bin/../lib/gcc/arm-none-eabi/12.3.1/../../../../arm-none-eabi/lib/thumb/v6-m/nofp\libg_nano.a(libc_a-memcpy-stub.o)
 .ARM.attributes
                0x000008a0       0x1e C:/ST/STM32CubeCLT_1.15.1/GNU-tools-for-STM32/bin/../lib/gcc/arm-none-eabi/12.3.1/thumb/v6-m/nofp/crtn.o
OUTPUT(DMS-25-ACU.elf elf32-littlearm)
LOAD linker stubs
LOAD C:/ST/STM32CubeCLT_1.15.1/GNU-tools-for-STM32/bin/../lib/gcc/arm-none-eabi/12.3.1/../../../../arm-none-eabi/lib/thumb/v6-m/nofp\libc.a
LOAD C:/ST/STM32CubeCLT_1.15.1/GNU-tools-for-STM32/bin/../lib/gcc/arm-none-eabi/12.3.1/../../../../arm-none-eabi/lib/thumb/v6-m/nofp\libm.a
LOAD C:/ST/STM32CubeCLT_1.15.1/GNU-tools-for-STM32/bin/../lib/gcc/arm-none-eabi/12.3.1/thumb/v6-m/nofp\libgcc.a

.debug_frame    0x00000000     0x5db0
 .debug_frame   0x00000000       0x20 C:/ST/STM32CubeCLT_1.15.1/GNU-tools-for-STM32/bin/../lib/gcc/arm-none-eabi/12.3.1/../../../../arm-none-eabi/lib/thumb/v6-m/nofp\libc_nano.a(libc_a-memset.o)
 .debug_frame   0x00000020       0x2c C:/ST/STM32CubeCLT_1.15.1/GNU-tools-for-STM32/bin/../lib/gcc/arm-none-eabi/12.3.1/../../../../arm-none-eabi/lib/thumb/v6-m/nofp\libc_nano.a(libc_a-init.o)
 .debug_frame   0x0000004c      0x130 CMakeFiles/DMS-25-ACU.dir/Core/User/app_main.c.obj
 .debug_frame   0x0000017c       0x4c CMakeFiles/DMS-25-ACU.dir/Core/User/heartbeat.c.obj
 .debug_frame   0x000001c8       0xd4 CMakeFiles/DMS-25-ACU.dir/Core/User/io_control.c.obj
 .debug_frame   0x0000029c       0x88 CMakeFiles/DMS-25-ACU.dir/Core/Src/main.c.obj
 .debug_frame   0x00000324       0x30 CMakeFiles/DMS-25-ACU.dir/Core/Src/gpio.c.obj
 .debug_frame   0x00000354       0x4c CMakeFiles/DMS-25-ACU.dir/Core/Src/app_freertos.c.obj
 .debug_frame   0x000003a0       0x70 CMakeFiles/DMS-25-ACU.dir/Core/Src/adc.c.obj
 .debug_frame   0x00000410       0x30 CMakeFiles/DMS-25-ACU.dir/Core/Src/dma.c.obj
 .debug_frame   0x00000440       0x6c CMakeFiles/DMS-25-ACU.dir/Core/Src/fdcan.c.obj
 .debug_frame   0x000004ac       0x70 CMakeFiles/DMS-25-ACU.dir/Core/Src/tim.c.obj
 .debug_frame   0x0000051c       0xb8 CMakeFiles/DMS-25-ACU.dir/Core/Src/stm32g0xx_it.c.obj
 .debug_frame   0x000005d4       0x30 CMakeFiles/DMS-25-ACU.dir/Core/Src/stm32g0xx_hal_msp.c.obj
 .debug_frame   0x00000604       0x6c CMakeFiles/DMS-25-ACU.dir/Core/Src/stm32g0xx_hal_timebase_tim.c.obj
 .debug_frame   0x00000670      0x78c CMakeFiles/DMS-25-ACU.dir/Drivers/STM32G0xx_HAL_Driver/Src/stm32g0xx_hal_adc.c.obj
 .debug_frame   0x00000dfc      0x214 CMakeFiles/DMS-25-ACU.dir/Drivers/STM32G0xx_HAL_Driver/Src/stm32g0xx_hal_rcc.c.obj
 .debug_frame   0x00001010      0x1c0 CMakeFiles/DMS-25-ACU.dir/Drivers/STM32G0xx_HAL_Driver/Src/stm32g0xx_hal_rcc_ex.c.obj
 .debug_frame   0x000011d0      0x130 CMakeFiles/DMS-25-ACU.dir/Drivers/STM32G0xx_HAL_Driver/Src/stm32g0xx_hal_gpio.c.obj
 .debug_frame   0x00001300      0x1f0 CMakeFiles/DMS-25-ACU.dir/Drivers/STM32G0xx_HAL_Driver/Src/stm32g0xx_hal_dma.c.obj
 .debug_frame   0x000014f0      0x3f4 CMakeFiles/DMS-25-ACU.dir/Drivers/STM32G0xx_HAL_Driver/Src/stm32g0xx_hal_pwr_ex.c.obj
 .debug_frame   0x000018e4      0x33c CMakeFiles/DMS-25-ACU.dir/Drivers/STM32G0xx_HAL_Driver/Src/stm32g0xx_hal_cortex.c.obj
 .debug_frame   0x00001c20      0x41c CMakeFiles/DMS-25-ACU.dir/Drivers/STM32G0xx_HAL_Driver/Src/stm32g0xx_hal.c.obj
 .debug_frame   0x0000203c      0x7d0 CMakeFiles/DMS-25-ACU.dir/Drivers/STM32G0xx_HAL_Driver/Src/stm32g0xx_hal_fdcan.c.obj
 .debug_frame   0x0000280c      0xf40 CMakeFiles/DMS-25-ACU.dir/Drivers/STM32G0xx_HAL_Driver/Src/stm32g0xx_hal_tim.c.obj
 .debug_frame   0x0000374c      0x620 CMakeFiles/DMS-25-ACU.dir/Drivers/STM32G0xx_HAL_Driver/Src/stm32g0xx_hal_tim_ex.c.obj
 .debug_frame   0x00003d6c       0x4c CMakeFiles/DMS-25-ACU.dir/Core/Src/system_stm32g0xx.c.obj
 .debug_frame   0x00003db8       0xb0 CMakeFiles/DMS-25-ACU.dir/Middlewares/Third_Party/FreeRTOS/Source/list.c.obj
 .debug_frame   0x00003e68      0x510 CMakeFiles/DMS-25-ACU.dir/Middlewares/Third_Party/FreeRTOS/Source/queue.c.obj
 .debug_frame   0x00004378      0x7bc CMakeFiles/DMS-25-ACU.dir/Middlewares/Third_Party/FreeRTOS/Source/tasks.c.obj
 .debug_frame   0x00004b34      0x36c CMakeFiles/DMS-25-ACU.dir/Middlewares/Third_Party/FreeRTOS/Source/timers.c.obj
 .debug_frame   0x00004ea0      0xa5c CMakeFiles/DMS-25-ACU.dir/Middlewares/Third_Party/FreeRTOS/Source/CMSIS_RTOS_V2/cmsis_os2.c.obj
 .debug_frame   0x000058fc      0x104 CMakeFiles/DMS-25-ACU.dir/Middlewares/Third_Party/FreeRTOS/Source/portable/MemMang/heap_4.c.obj
 .debug_frame   0x00005a00      0x174 CMakeFiles/DMS-25-ACU.dir/Middlewares/Third_Party/FreeRTOS/Source/portable/GCC/ARM_CM0/port.c.obj
 .debug_frame   0x00005b74       0x20 C:/ST/STM32CubeCLT_1.15.1/GNU-tools-for-STM32/bin/../lib/gcc/arm-none-eabi/12.3.1/thumb/v6-m/nofp\libgcc.a(_udivsi3.o)
 .debug_frame   0x00005b94       0x38 C:/ST/STM32CubeCLT_1.15.1/GNU-tools-for-STM32/bin/../lib/gcc/arm-none-eabi/12.3.1/thumb/v6-m/nofp\libgcc.a(addsf3.o)
 .debug_frame   0x00005bcc       0x2c C:/ST/STM32CubeCLT_1.15.1/GNU-tools-for-STM32/bin/../lib/gcc/arm-none-eabi/12.3.1/thumb/v6-m/nofp\libgcc.a(eqsf2.o)
 .debug_frame   0x00005bf8       0x2c C:/ST/STM32CubeCLT_1.15.1/GNU-tools-for-STM32/bin/../lib/gcc/arm-none-eabi/12.3.1/thumb/v6-m/nofp\libgcc.a(gesf2.o)
 .debug_frame   0x00005c24       0x2c C:/ST/STM32CubeCLT_1.15.1/GNU-tools-for-STM32/bin/../lib/gcc/arm-none-eabi/12.3.1/thumb/v6-m/nofp\libgcc.a(lesf2.o)
 .debug_frame   0x00005c50       0x38 C:/ST/STM32CubeCLT_1.15.1/GNU-tools-for-STM32/bin/../lib/gcc/arm-none-eabi/12.3.1/thumb/v6-m/nofp\libgcc.a(subsf3.o)
 .debug_frame   0x00005c88       0x2c C:/ST/STM32CubeCLT_1.15.1/GNU-tools-for-STM32/bin/../lib/gcc/arm-none-eabi/12.3.1/thumb/v6-m/nofp\libgcc.a(floatsisf.o)
 .debug_frame   0x00005cb4       0x3c C:/ST/STM32CubeCLT_1.15.1/GNU-tools-for-STM32/bin/../lib/gcc/arm-none-eabi/12.3.1/thumb/v6-m/nofp\libgcc.a(divdf3.o)
 .debug_frame   0x00005cf0       0x3c C:/ST/STM32CubeCLT_1.15.1/GNU-tools-for-STM32/bin/../lib/gcc/arm-none-eabi/12.3.1/thumb/v6-m/nofp\libgcc.a(muldf3.o)
 .debug_frame   0x00005d2c       0x2c C:/ST/STM32CubeCLT_1.15.1/GNU-tools-for-STM32/bin/../lib/gcc/arm-none-eabi/12.3.1/thumb/v6-m/nofp\libgcc.a(extendsfdf2.o)
 .debug_frame   0x00005d58       0x30 C:/ST/STM32CubeCLT_1.15.1/GNU-tools-for-STM32/bin/../lib/gcc/arm-none-eabi/12.3.1/thumb/v6-m/nofp\libgcc.a(truncdfsf2.o)
 .debug_frame   0x00005d88       0x28 C:/ST/STM32CubeCLT_1.15.1/GNU-tools-for-STM32/bin/../lib/gcc/arm-none-eabi/12.3.1/../../../../arm-none-eabi/lib/thumb/v6-m/nofp\libg_nano.a(libc_a-memcpy-stub.o)

.debug_info     0x00000000    0x1b4a0
 .debug_info    0x00000000     0x1754 CMakeFiles/DMS-25-ACU.dir/Core/User/app_main.c.obj
 .debug_info    0x00001754      0x841 CMakeFiles/DMS-25-ACU.dir/Core/User/heartbeat.c.obj
 .debug_info    0x00001f95      0x250 CMakeFiles/DMS-25-ACU.dir/Core/User/io_control.c.obj
 .debug_info    0x000021e5      0xb0a CMakeFiles/DMS-25-ACU.dir/Core/Src/main.c.obj
 .debug_info    0x00002cef      0x3da CMakeFiles/DMS-25-ACU.dir/Core/Src/gpio.c.obj
 .debug_info    0x000030c9      0x435 CMakeFiles/DMS-25-ACU.dir/Core/Src/app_freertos.c.obj
 .debug_info    0x000034fe      0xbce CMakeFiles/DMS-25-ACU.dir/Core/Src/adc.c.obj
 .debug_info    0x000040cc      0x365 CMakeFiles/DMS-25-ACU.dir/Core/Src/dma.c.obj
 .debug_info    0x00004431      0xbb9 CMakeFiles/DMS-25-ACU.dir/Core/Src/fdcan.c.obj
 .debug_info    0x00004fea      0xbb1 CMakeFiles/DMS-25-ACU.dir/Core/Src/tim.c.obj
 .debug_info    0x00005b9b      0xcf3 CMakeFiles/DMS-25-ACU.dir/Core/Src/stm32g0xx_it.c.obj
 .debug_info    0x0000688e      0x387 CMakeFiles/DMS-25-ACU.dir/Core/Src/stm32g0xx_hal_msp.c.obj
 .debug_info    0x00006c15      0xbf9 CMakeFiles/DMS-25-ACU.dir/Core/Src/stm32g0xx_hal_timebase_tim.c.obj
 .debug_info    0x0000780e     0x15cf CMakeFiles/DMS-25-ACU.dir/Drivers/STM32G0xx_HAL_Driver/Src/stm32g0xx_hal_adc.c.obj
 .debug_info    0x00008ddd      0xb9b CMakeFiles/DMS-25-ACU.dir/Drivers/STM32G0xx_HAL_Driver/Src/stm32g0xx_hal_rcc.c.obj
 .debug_info    0x00009978      0xa41 CMakeFiles/DMS-25-ACU.dir/Drivers/STM32G0xx_HAL_Driver/Src/stm32g0xx_hal_rcc_ex.c.obj
 .debug_info    0x0000a3b9      0x5d9 CMakeFiles/DMS-25-ACU.dir/Drivers/STM32G0xx_HAL_Driver/Src/stm32g0xx_hal_gpio.c.obj
 .debug_info    0x0000a992      0x869 CMakeFiles/DMS-25-ACU.dir/Drivers/STM32G0xx_HAL_Driver/Src/stm32g0xx_hal_dma.c.obj
 .debug_info    0x0000b1fb      0x8b5 CMakeFiles/DMS-25-ACU.dir/Drivers/STM32G0xx_HAL_Driver/Src/stm32g0xx_hal_pwr_ex.c.obj
 .debug_info    0x0000bab0      0x8d9 CMakeFiles/DMS-25-ACU.dir/Drivers/STM32G0xx_HAL_Driver/Src/stm32g0xx_hal_cortex.c.obj
 .debug_info    0x0000c389      0xafa CMakeFiles/DMS-25-ACU.dir/Drivers/STM32G0xx_HAL_Driver/Src/stm32g0xx_hal.c.obj
 .debug_info    0x0000ce83     0x1883 CMakeFiles/DMS-25-ACU.dir/Drivers/STM32G0xx_HAL_Driver/Src/stm32g0xx_hal_fdcan.c.obj
 .debug_info    0x0000e706     0x2c12 CMakeFiles/DMS-25-ACU.dir/Drivers/STM32G0xx_HAL_Driver/Src/stm32g0xx_hal_tim.c.obj
 .debug_info    0x00011318     0x1923 CMakeFiles/DMS-25-ACU.dir/Drivers/STM32G0xx_HAL_Driver/Src/stm32g0xx_hal_tim_ex.c.obj
 .debug_info    0x00012c3b      0x316 CMakeFiles/DMS-25-ACU.dir/Core/Src/system_stm32g0xx.c.obj
 .debug_info    0x00012f51      0x2af CMakeFiles/DMS-25-ACU.dir/Middlewares/Third_Party/FreeRTOS/Source/list.c.obj
 .debug_info    0x00013200     0x155a CMakeFiles/DMS-25-ACU.dir/Middlewares/Third_Party/FreeRTOS/Source/queue.c.obj
 .debug_info    0x0001475a     0x1bda CMakeFiles/DMS-25-ACU.dir/Middlewares/Third_Party/FreeRTOS/Source/tasks.c.obj
 .debug_info    0x00016334     0x126b CMakeFiles/DMS-25-ACU.dir/Middlewares/Third_Party/FreeRTOS/Source/timers.c.obj
 .debug_info    0x0001759f     0x36fa CMakeFiles/DMS-25-ACU.dir/Middlewares/Third_Party/FreeRTOS/Source/CMSIS_RTOS_V2/cmsis_os2.c.obj
 .debug_info    0x0001ac99      0x433 CMakeFiles/DMS-25-ACU.dir/Middlewares/Third_Party/FreeRTOS/Source/portable/MemMang/heap_4.c.obj
 .debug_info    0x0001b0cc      0x289 CMakeFiles/DMS-25-ACU.dir/Middlewares/Third_Party/FreeRTOS/Source/portable/GCC/ARM_CM0/port.c.obj
 .debug_info    0x0001b355       0x30 CMakeFiles/DMS-25-ACU.dir/startup_stm32g0b1xx.s.obj
 .debug_info    0x0001b385      0x11b C:/ST/STM32CubeCLT_1.15.1/GNU-tools-for-STM32/bin/../lib/gcc/arm-none-eabi/12.3.1/../../../../arm-none-eabi/lib/thumb/v6-m/nofp\libg_nano.a(libc_a-memcpy-stub.o)

.debug_abbrev   0x00000000     0x4530
 .debug_abbrev  0x00000000      0x312 CMakeFiles/DMS-25-ACU.dir/Core/User/app_main.c.obj
 .debug_abbrev  0x00000312      0x1d3 CMakeFiles/DMS-25-ACU.dir/Core/User/heartbeat.c.obj
 .debug_abbrev  0x000004e5      0x10a CMakeFiles/DMS-25-ACU.dir/Core/User/io_control.c.obj
 .debug_abbrev  0x000005ef      0x238 CMakeFiles/DMS-25-ACU.dir/Core/Src/main.c.obj
 .debug_abbrev  0x00000827      0x158 CMakeFiles/DMS-25-ACU.dir/Core/Src/gpio.c.obj
 .debug_abbrev  0x0000097f      0x166 CMakeFiles/DMS-25-ACU.dir/Core/Src/app_freertos.c.obj
 .debug_abbrev  0x00000ae5      0x203 CMakeFiles/DMS-25-ACU.dir/Core/Src/adc.c.obj
 .debug_abbrev  0x00000ce8      0x115 CMakeFiles/DMS-25-ACU.dir/Core/Src/dma.c.obj
 .debug_abbrev  0x00000dfd      0x1f1 CMakeFiles/DMS-25-ACU.dir/Core/Src/fdcan.c.obj
 .debug_abbrev  0x00000fee      0x1d5 CMakeFiles/DMS-25-ACU.dir/Core/Src/tim.c.obj
 .debug_abbrev  0x000011c3      0x1a9 CMakeFiles/DMS-25-ACU.dir/Core/Src/stm32g0xx_it.c.obj
 .debug_abbrev  0x0000136c      0x133 CMakeFiles/DMS-25-ACU.dir/Core/Src/stm32g0xx_hal_msp.c.obj
 .debug_abbrev  0x0000149f      0x20f CMakeFiles/DMS-25-ACU.dir/Core/Src/stm32g0xx_hal_timebase_tim.c.obj
 .debug_abbrev  0x000016ae      0x276 CMakeFiles/DMS-25-ACU.dir/Drivers/STM32G0xx_HAL_Driver/Src/stm32g0xx_hal_adc.c.obj
 .debug_abbrev  0x00001924      0x2aa CMakeFiles/DMS-25-ACU.dir/Drivers/STM32G0xx_HAL_Driver/Src/stm32g0xx_hal_rcc.c.obj
 .debug_abbrev  0x00001bce      0x244 CMakeFiles/DMS-25-ACU.dir/Drivers/STM32G0xx_HAL_Driver/Src/stm32g0xx_hal_rcc_ex.c.obj
 .debug_abbrev  0x00001e12      0x1c8 CMakeFiles/DMS-25-ACU.dir/Drivers/STM32G0xx_HAL_Driver/Src/stm32g0xx_hal_gpio.c.obj
 .debug_abbrev  0x00001fda      0x214 CMakeFiles/DMS-25-ACU.dir/Drivers/STM32G0xx_HAL_Driver/Src/stm32g0xx_hal_dma.c.obj
 .debug_abbrev  0x000021ee      0x23c CMakeFiles/DMS-25-ACU.dir/Drivers/STM32G0xx_HAL_Driver/Src/stm32g0xx_hal_pwr_ex.c.obj
 .debug_abbrev  0x0000242a      0x2ab CMakeFiles/DMS-25-ACU.dir/Drivers/STM32G0xx_HAL_Driver/Src/stm32g0xx_hal_cortex.c.obj
 .debug_abbrev  0x000026d5      0x27f CMakeFiles/DMS-25-ACU.dir/Drivers/STM32G0xx_HAL_Driver/Src/stm32g0xx_hal.c.obj
 .debug_abbrev  0x00002954      0x1eb CMakeFiles/DMS-25-ACU.dir/Drivers/STM32G0xx_HAL_Driver/Src/stm32g0xx_hal_fdcan.c.obj
 .debug_abbrev  0x00002b3f      0x287 CMakeFiles/DMS-25-ACU.dir/Drivers/STM32G0xx_HAL_Driver/Src/stm32g0xx_hal_tim.c.obj
 .debug_abbrev  0x00002dc6      0x297 CMakeFiles/DMS-25-ACU.dir/Drivers/STM32G0xx_HAL_Driver/Src/stm32g0xx_hal_tim_ex.c.obj
 .debug_abbrev  0x0000305d      0x119 CMakeFiles/DMS-25-ACU.dir/Core/Src/system_stm32g0xx.c.obj
 .debug_abbrev  0x00003176       0xf5 CMakeFiles/DMS-25-ACU.dir/Middlewares/Third_Party/FreeRTOS/Source/list.c.obj
 .debug_abbrev  0x0000326b      0x33a CMakeFiles/DMS-25-ACU.dir/Middlewares/Third_Party/FreeRTOS/Source/queue.c.obj
 .debug_abbrev  0x000035a5      0x32a CMakeFiles/DMS-25-ACU.dir/Middlewares/Third_Party/FreeRTOS/Source/tasks.c.obj
 .debug_abbrev  0x000038cf      0x312 CMakeFiles/DMS-25-ACU.dir/Middlewares/Third_Party/FreeRTOS/Source/timers.c.obj
 .debug_abbrev  0x00003be1      0x4c5 CMakeFiles/DMS-25-ACU.dir/Middlewares/Third_Party/FreeRTOS/Source/CMSIS_RTOS_V2/cmsis_os2.c.obj
 .debug_abbrev  0x000040a6      0x1b9 CMakeFiles/DMS-25-ACU.dir/Middlewares/Third_Party/FreeRTOS/Source/portable/MemMang/heap_4.c.obj
 .debug_abbrev  0x0000425f      0x1ec CMakeFiles/DMS-25-ACU.dir/Middlewares/Third_Party/FreeRTOS/Source/portable/GCC/ARM_CM0/port.c.obj
 .debug_abbrev  0x0000444b       0x24 CMakeFiles/DMS-25-ACU.dir/startup_stm32g0b1xx.s.obj
 .debug_abbrev  0x0000446f       0xc1 C:/ST/STM32CubeCLT_1.15.1/GNU-tools-for-STM32/bin/../lib/gcc/arm-none-eabi/12.3.1/../../../../arm-none-eabi/lib/thumb/v6-m/nofp\libg_nano.a(libc_a-memcpy-stub.o)

.debug_aranges  0x00000000     0x19f8
 .debug_aranges
                0x00000000       0x60 CMakeFiles/DMS-25-ACU.dir/Core/User/app_main.c.obj
 .debug_aranges
                0x00000060       0x28 CMakeFiles/DMS-25-ACU.dir/Core/User/heartbeat.c.obj
 .debug_aranges
                0x00000088       0x50 CMakeFiles/DMS-25-ACU.dir/Core/User/io_control.c.obj
 .debug_aranges
                0x000000d8       0x38 CMakeFiles/DMS-25-ACU.dir/Core/Src/main.c.obj
 .debug_aranges
                0x00000110       0x20 CMakeFiles/DMS-25-ACU.dir/Core/Src/gpio.c.obj
 .debug_aranges
                0x00000130       0x28 CMakeFiles/DMS-25-ACU.dir/Core/Src/app_freertos.c.obj
 .debug_aranges
                0x00000158       0x30 CMakeFiles/DMS-25-ACU.dir/Core/Src/adc.c.obj
 .debug_aranges
                0x00000188       0x20 CMakeFiles/DMS-25-ACU.dir/Core/Src/dma.c.obj
 .debug_aranges
                0x000001a8       0x30 CMakeFiles/DMS-25-ACU.dir/Core/Src/fdcan.c.obj
 .debug_aranges
                0x000001d8       0x30 CMakeFiles/DMS-25-ACU.dir/Core/Src/tim.c.obj
 .debug_aranges
                0x00000208       0x48 CMakeFiles/DMS-25-ACU.dir/Core/Src/stm32g0xx_it.c.obj
 .debug_aranges
                0x00000250       0x20 CMakeFiles/DMS-25-ACU.dir/Core/Src/stm32g0xx_hal_msp.c.obj
 .debug_aranges
                0x00000270       0x30 CMakeFiles/DMS-25-ACU.dir/Core/Src/stm32g0xx_hal_timebase_tim.c.obj
 .debug_aranges
                0x000002a0      0x1f0 CMakeFiles/DMS-25-ACU.dir/Drivers/STM32G0xx_HAL_Driver/Src/stm32g0xx_hal_adc.c.obj
 .debug_aranges
                0x00000490       0xa0 CMakeFiles/DMS-25-ACU.dir/Drivers/STM32G0xx_HAL_Driver/Src/stm32g0xx_hal_rcc.c.obj
 .debug_aranges
                0x00000530       0x88 CMakeFiles/DMS-25-ACU.dir/Drivers/STM32G0xx_HAL_Driver/Src/stm32g0xx_hal_rcc_ex.c.obj
 .debug_aranges
                0x000005b8       0x60 CMakeFiles/DMS-25-ACU.dir/Drivers/STM32G0xx_HAL_Driver/Src/stm32g0xx_hal_gpio.c.obj
 .debug_aranges
                0x00000618       0x90 CMakeFiles/DMS-25-ACU.dir/Drivers/STM32G0xx_HAL_Driver/Src/stm32g0xx_hal_dma.c.obj
 .debug_aranges
                0x000006a8      0x128 CMakeFiles/DMS-25-ACU.dir/Drivers/STM32G0xx_HAL_Driver/Src/stm32g0xx_hal_pwr_ex.c.obj
 .debug_aranges
                0x000007d0       0xe8 CMakeFiles/DMS-25-ACU.dir/Drivers/STM32G0xx_HAL_Driver/Src/stm32g0xx_hal_cortex.c.obj
 .debug_aranges
                0x000008b8      0x130 CMakeFiles/DMS-25-ACU.dir/Drivers/STM32G0xx_HAL_Driver/Src/stm32g0xx_hal.c.obj
 .debug_aranges
                0x000009e8      0x208 CMakeFiles/DMS-25-ACU.dir/Drivers/STM32G0xx_HAL_Driver/Src/stm32g0xx_hal_fdcan.c.obj
 .debug_aranges
                0x00000bf0      0x3e0 CMakeFiles/DMS-25-ACU.dir/Drivers/STM32G0xx_HAL_Driver/Src/stm32g0xx_hal_tim.c.obj
 .debug_aranges