Archive member included to satisfy reference by file (symbol)

C:/ST/STM32CubeCLT_1.15.1/GNU-tools-for-STM32/bin/../lib/gcc/arm-none-eabi/12.3.1/../../../../arm-none-eabi/lib/thumb/v6-m/nofp\libc_nano.a(libc_a-exit.o)
                              C:/ST/STM32CubeCLT_1.15.1/GNU-tools-for-STM32/bin/../lib/gcc/arm-none-eabi/12.3.1/../../../../arm-none-eabi/lib/thumb/v6-m/nofp/crt0.o (exit)
C:/ST/STM32CubeCLT_1.15.1/GNU-tools-for-STM32/bin/../lib/gcc/arm-none-eabi/12.3.1/../../../../arm-none-eabi/lib/thumb/v6-m/nofp\libc_nano.a(libc_a-findfp.o)
                              C:/ST/STM32CubeCLT_1.15.1/GNU-tools-for-STM32/bin/../lib/gcc/arm-none-eabi/12.3.1/../../../../arm-none-eabi/lib/thumb/v6-m/nofp\libc_nano.a(libc_a-exit.o) (__stdio_exit_handler)
C:/ST/STM32CubeCLT_1.15.1/GNU-tools-for-STM32/bin/../lib/gcc/arm-none-eabi/12.3.1/../../../../arm-none-eabi/lib/thumb/v6-m/nofp\libc_nano.a(libc_a-fwalk.o)
                              C:/ST/STM32CubeCLT_1.15.1/GNU-tools-for-STM32/bin/../lib/gcc/arm-none-eabi/12.3.1/../../../../arm-none-eabi/lib/thumb/v6-m/nofp\libc_nano.a(libc_a-findfp.o) (_fwalk_sglue)
C:/ST/STM32CubeCLT_1.15.1/GNU-tools-for-STM32/bin/../lib/gcc/arm-none-eabi/12.3.1/../../../../arm-none-eabi/lib/thumb/v6-m/nofp\libc_nano.a(libc_a-stdio.o)
                              C:/ST/STM32CubeCLT_1.15.1/GNU-tools-for-STM32/bin/../lib/gcc/arm-none-eabi/12.3.1/../../../../arm-none-eabi/lib/thumb/v6-m/nofp\libc_nano.a(libc_a-findfp.o) (__sread)
C:/ST/STM32CubeCLT_1.15.1/GNU-tools-for-STM32/bin/../lib/gcc/arm-none-eabi/12.3.1/../../../../arm-none-eabi/lib/thumb/v6-m/nofp\libc_nano.a(libc_a-memset.o)
                              C:/ST/STM32CubeCLT_1.15.1/GNU-tools-for-STM32/bin/../lib/gcc/arm-none-eabi/12.3.1/../../../../arm-none-eabi/lib/thumb/v6-m/nofp/crt0.o (memset)
C:/ST/STM32CubeCLT_1.15.1/GNU-tools-for-STM32/bin/../lib/gcc/arm-none-eabi/12.3.1/../../../../arm-none-eabi/lib/thumb/v6-m/nofp\libc_nano.a(libc_a-closer.o)
                              C:/ST/STM32CubeCLT_1.15.1/GNU-tools-for-STM32/bin/../lib/gcc/arm-none-eabi/12.3.1/../../../../arm-none-eabi/lib/thumb/v6-m/nofp\libc_nano.a(libc_a-stdio.o) (_close_r)
C:/ST/STM32CubeCLT_1.15.1/GNU-tools-for-STM32/bin/../lib/gcc/arm-none-eabi/12.3.1/../../../../arm-none-eabi/lib/thumb/v6-m/nofp\libc_nano.a(libc_a-reent.o)
                              C:/ST/STM32CubeCLT_1.15.1/GNU-tools-for-STM32/bin/../lib/gcc/arm-none-eabi/12.3.1/../../../../arm-none-eabi/lib/thumb/v6-m/nofp\libc_nano.a(libc_a-closer.o) (errno)
C:/ST/STM32CubeCLT_1.15.1/GNU-tools-for-STM32/bin/../lib/gcc/arm-none-eabi/12.3.1/../../../../arm-none-eabi/lib/thumb/v6-m/nofp\libc_nano.a(libc_a-impure.o)
                              C:/ST/STM32CubeCLT_1.15.1/GNU-tools-for-STM32/bin/../lib/gcc/arm-none-eabi/12.3.1/../../../../arm-none-eabi/lib/thumb/v6-m/nofp\libc_nano.a(libc_a-reent.o) (_impure_ptr)
C:/ST/STM32CubeCLT_1.15.1/GNU-tools-for-STM32/bin/../lib/gcc/arm-none-eabi/12.3.1/../../../../arm-none-eabi/lib/thumb/v6-m/nofp\libc_nano.a(libc_a-lseekr.o)
                              C:/ST/STM32CubeCLT_1.15.1/GNU-tools-for-STM32/bin/../lib/gcc/arm-none-eabi/12.3.1/../../../../arm-none-eabi/lib/thumb/v6-m/nofp\libc_nano.a(libc_a-stdio.o) (_lseek_r)
C:/ST/STM32CubeCLT_1.15.1/GNU-tools-for-STM32/bin/../lib/gcc/arm-none-eabi/12.3.1/../../../../arm-none-eabi/lib/thumb/v6-m/nofp\libc_nano.a(libc_a-readr.o)
                              C:/ST/STM32CubeCLT_1.15.1/GNU-tools-for-STM32/bin/../lib/gcc/arm-none-eabi/12.3.1/../../../../arm-none-eabi/lib/thumb/v6-m/nofp\libc_nano.a(libc_a-stdio.o) (_read_r)
C:/ST/STM32CubeCLT_1.15.1/GNU-tools-for-STM32/bin/../lib/gcc/arm-none-eabi/12.3.1/../../../../arm-none-eabi/lib/thumb/v6-m/nofp\libc_nano.a(libc_a-writer.o)
                              C:/ST/STM32CubeCLT_1.15.1/GNU-tools-for-STM32/bin/../lib/gcc/arm-none-eabi/12.3.1/../../../../arm-none-eabi/lib/thumb/v6-m/nofp\libc_nano.a(libc_a-stdio.o) (_write_r)
C:/ST/STM32CubeCLT_1.15.1/GNU-tools-for-STM32/bin/../lib/gcc/arm-none-eabi/12.3.1/../../../../arm-none-eabi/lib/thumb/v6-m/nofp\libc_nano.a(libc_a-init.o)
                              C:/ST/STM32CubeCLT_1.15.1/GNU-tools-for-STM32/bin/../lib/gcc/arm-none-eabi/12.3.1/../../../../arm-none-eabi/lib/thumb/v6-m/nofp/crt0.o (__libc_init_array)
C:/ST/STM32CubeCLT_1.15.1/GNU-tools-for-STM32/bin/../lib/gcc/arm-none-eabi/12.3.1/../../../../arm-none-eabi/lib/thumb/v6-m/nofp\libc_nano.a(libc_a-lock.o)
                              C:/ST/STM32CubeCLT_1.15.1/GNU-tools-for-STM32/bin/../lib/gcc/arm-none-eabi/12.3.1/../../../../arm-none-eabi/lib/thumb/v6-m/nofp\libc_nano.a(libc_a-findfp.o) (__retarget_lock_init_recursive)
C:/ST/STM32CubeCLT_1.15.1/GNU-tools-for-STM32/bin/../lib/gcc/arm-none-eabi/12.3.1/../../../../arm-none-eabi/lib/thumb/v6-m/nofp\libc_nano.a(libc_a-freer.o)
                              C:/ST/STM32CubeCLT_1.15.1/GNU-tools-for-STM32/bin/../lib/gcc/arm-none-eabi/12.3.1/../../../../arm-none-eabi/lib/thumb/v6-m/nofp\libc_nano.a(libc_a-reent.o) (_free_r)
[...]
Memory Configuration

Name             Origin             Length             Attributes
RAM              0x20000000         0x00024000         xrw
FLASH            0x08000000         0x00080000         xr
*default*        0x00000000         0xffffffff

Linker script and memory map

LOAD C:/ST/STM32CubeCLT_1.15.1/GNU-tools-for-STM32/bin/../lib/gcc/arm-none-eabi/12.3.1/thumb/v6-m/nofp/crti.o
LOAD C:/ST/STM32CubeCLT_1.15.1/GNU-tools-for-STM32/bin/../lib/gcc/arm-none-eabi/12.3.1/thumb/v6-m/nofp/crtbegin.o
LOAD C:/ST/STM32CubeCLT_1.15.1/GNU-tools-for-STM32/bin/../lib/gcc/arm-none-eabi/12.3.1/../../../../arm-none-eabi/lib/thumb/v6-m/nofp/crt0.o
START GROUP
LOAD C:/ST/STM32CubeCLT_1.15.1/GNU-tools-for-STM32/bin/../lib/gcc/arm-none-eabi/12.3.1/../../../../arm-none-eabi/lib/thumb/v6-m/nofp\libc_nano.a
LOAD C:/ST/STM32CubeCLT_1.15.1/GNU-tools-for-STM32/bin/../lib/gcc/arm-none-eabi/12.3.1/../../../../arm-none-eabi/lib/thumb/v6-m/nofp\libm.a
END GROUP
LOAD CMakeFiles/DMS-25-ACU.dir/Core/User/app_main.c.obj
LOAD CMakeFiles/DMS-25-ACU.dir/Core/Src/main.c.obj
LOAD CMakeFiles/DMS-25-ACU.dir/Core/Src/gpio.c.obj
LOAD CMakeFiles/DMS-25-ACU.dir/Core/Src/adc.c.obj
LOAD CMakeFiles/DMS-25-ACU.dir/Core/Src/dma.c.obj
LOAD CMakeFiles/DMS-25-ACU.dir/Core/Src/fdcan.c.obj
LOAD CMakeFiles/DMS-25-ACU.dir/Core/Src/tim.c.obj
LOAD CMakeFiles/DMS-25-ACU.dir/Core/Src/stm32g0xx_it.c.obj
LOAD CMakeFiles/DMS-25-ACU.dir/Core/Src/stm32g0xx_hal_msp.c.obj
LOAD CMakeFiles/DMS-25-ACU.dir/Drivers/STM32G0xx_HAL_Driver/Src/stm32g0xx_hal_adc.c.obj
LOAD CMakeFiles/DMS-25-ACU.dir/Drivers/STM32G0xx_HAL_Driver/Src/stm32g0xx_hal_adc_ex.c.obj
LOAD CMakeFiles/DMS-25-ACU.dir/Drivers/STM32G0xx_HAL_Driver/Src/stm32g0xx_ll_adc.c.obj
LOAD CMakeFiles/DMS-25-ACU.dir/Drivers/STM32G0xx_HAL_Driver/Src/stm32g0xx_hal_rcc.c.obj
LOAD CMakeFiles/DMS-25-ACU.dir/Drivers/STM32G0xx_HAL_Driver/Src/stm32g0xx_hal_rcc_ex.c.obj
LOAD CMakeFiles/DMS-25-ACU.dir/Drivers/STM32G0xx_HAL_Driver/Src/stm32g0xx_ll_rcc.c.obj
LOAD CMakeFiles/DMS-25-ACU.dir/Drivers/STM32G0xx_HAL_Driver/Src/stm32g0xx_hal_flash.c.obj
LOAD CMakeFiles/DMS-25-ACU.dir/Drivers/STM32G0xx_HAL_Driver/Src/stm32g0xx_hal_flash_ex.c.obj
LOAD CMakeFiles/DMS-25-ACU.dir/Drivers/STM32G0xx_HAL_Driver/Src/stm32g0xx_hal_gpio.c.obj
LOAD CMakeFiles/DMS-25-ACU.dir/Drivers/STM32G0xx_HAL_Driver/Src/stm32g0xx_hal_dma.c.obj
LOAD CMakeFiles/DMS-25-ACU.dir/Drivers/STM32G0xx_HAL_Driver/Src/stm32g0xx_hal_dma_ex.c.obj
LOAD CMakeFiles/DMS-25-ACU.dir/Drivers/STM32G0xx_HAL_Driver/Src/stm32g0xx_ll_dma.c.obj
LOAD CMakeFiles/DMS-25-ACU.dir/Drivers/STM32G0xx_HAL_Driver/Src/stm32g0xx_hal_pwr.c.obj
LOAD CMakeFiles/DMS-25-ACU.dir/Drivers/STM32G0xx_HAL_Driver/Src/stm32g0xx_hal_pwr_ex.c.obj
LOAD CMakeFiles/DMS-25-ACU.dir/Drivers/STM32G0xx_HAL_Driver/Src/stm32g0xx_hal_cortex.c.obj
LOAD CMakeFiles/DMS-25-ACU.dir/Drivers/STM32G0xx_HAL_Driver/Src/stm32g0xx_hal.c.obj
LOAD CMakeFiles/DMS-25-ACU.dir/Drivers/STM32G0xx_HAL_Driver/Src/stm32g0xx_hal_exti.c.obj
LOAD CMakeFiles/DMS-25-ACU.dir/Drivers/STM32G0xx_HAL_Driver/Src/stm32g0xx_hal_fdcan.c.obj
LOAD CMakeFiles/DMS-25-ACU.dir/Drivers/STM32G0xx_HAL_Driver/Src/stm32g0xx_hal_tim.c.obj
LOAD CMakeFiles/DMS-25-ACU.dir/Drivers/STM32G0xx_HAL_Driver/Src/stm32g0xx_hal_tim_ex.c.obj
LOAD CMakeFiles/DMS-25-ACU.dir/Core/Src/system_stm32g0xx.c.obj
LOAD CMakeFiles/DMS-25-ACU.dir/Core/Src/sysmem.c.obj
LOAD CMakeFiles/DMS-25-ACU.dir/Core/Src/syscalls.c.obj
LOAD CMakeFiles/DMS-25-ACU.dir/startup_stm32g0b1xx.s.obj
START GROUP
LOAD C:/ST/STM32CubeCLT_1.15.1/GNU-tools-for-STM32/bin/../lib/gcc/arm-none-eabi/12.3.1/thumb/v6-m/nofp\libgcc.a
LOAD C:/ST/STM32CubeCLT_1.15.1/GNU-tools-for-STM32/bin/../lib/gcc/arm-none-eabi/12.3.1/../../../../arm-none-eabi/lib/thumb/v6-m/nofp\libg_nano.a
LOAD C:/ST/STM32CubeCLT_1.15.1/GNU-tools-for-STM32/bin/../lib/gcc/arm-none-eabi/12.3.1/../../../../arm-none-eabi/lib/thumb/v6-m/nofp\libc_nano.a
END GROUP
START GROUP
LOAD C:/ST/STM32CubeCLT_1.15.1/GNU-tools-for-STM32/bin/../lib/gcc/arm-none-eabi/12.3.1/thumb/v6-m/nofp\libgcc.a
LOAD C:/ST/STM32CubeCLT_1.15.1/GNU-tools-for-STM32/bin/../lib/gcc/arm-none-eabi/12.3.1/../../../../arm-none-eabi/lib/thumb/v6-m/nofp\libc_nano.a
END GROUP
LOAD C:/ST/STM32CubeCLT_1.15.1/GNU-tools-for-STM32/bin/../lib/gcc/arm-none-eabi/12.3.1/thumb/v6-m/nofp/crtend.o
LOAD C:/ST/STM32CubeCLT_1.15.1/GNU-tools-for-STM32/bin/../lib/gcc/arm-none-eabi/12.3.1/thumb/v6-m/nofp/crtn.o
                0x20024000                        _estack = (ORIGIN (RAM) + LENGTH (RAM))
                0x00000200                        _Min_Heap_Size = 0x200
                0x00000400                        _Min_Stack_Size = 0x400

.isr_vector     0x08000000       0xbc
                0x08000000                        . = ALIGN (0x4)
 *(.isr_vector)
 .isr_vector    0x08000000       0xbc CMakeFiles/DMS-25-ACU.dir/startup_stm32g0b1xx.s.obj
                0x08000000                g_pfnVectors
                0x080000bc                        . = ALIGN (0x4)

.text           0x080000bc     0x5024
                0x080000bc                        . = ALIGN (0x4)
 *(.text)
 .text          0x080000bc       0x48 C:/ST/STM32CubeCLT_1.15.1/GNU-tools-for-STM32/bin/../lib/gcc/arm-none-eabi/12.3.1/thumb/v6-m/nofp/crtbegin.o
 .text          0x08000104      0x114 C:/ST/STM32CubeCLT_1.15.1/GNU-tools-for-STM32/bin/../lib/gcc/arm-none-eabi/12.3.1/thumb/v6-m/nofp\libgcc.a(_udivsi3.o)
                0x08000104                __aeabi_uidiv
                0x08000104                __udivsi3
                0x08000210                __aeabi_uidivmod
 .text          0x08000218        0x4 C:/ST/STM32CubeCLT_1.15.1/GNU-tools-for-STM32/bin/../lib/gcc/arm-none-eabi/12.3.1/thumb/v6-m/nofp\libgcc.a(_dvmd_tls.o)
                0x08000218                __aeabi_idiv0
                0x08000218                __aeabi_ldiv0
 *(.text*)
 .text.memset   0x0800021c       0x10 C:/ST/STM32CubeCLT_1.15.1/GNU-tools-for-STM32/bin/../lib/gcc/arm-none-eabi/12.3.1/../../../../arm-none-eabi/lib/thumb/v6-m/nofp\libc_nano.a(libc_a-memset.o)
                0x0800021c                memset
 .text.__libc_init_array
                0x0800022c       0x48 C:/ST/STM32CubeCLT_1.15.1/GNU-tools-for-STM32/bin/../lib/gcc/arm-none-eabi/12.3.1/../../../../arm-none-eabi/lib/thumb/v6-m/nofp\libc_nano.a(libc_a-init.o)
                0x0800022c                __libc_init_array
 .text.FDCAN_Config
                0x08000274      0x100 CMakeFiles/DMS-25-ACU.dir/Core/User/app_main.c.obj
 .text.simple_precharge
                0x08000374       0x7c CMakeFiles/DMS-25-ACU.dir/Core/User/app_main.c.obj
                0x08000374                simple_precharge
 .text.can_heartbeat
                0x080003f0       0x5c CMakeFiles/DMS-25-ACU.dir/Core/User/app_main.c.obj
                0x080003f0                can_heartbeat
 .text.app_init
                0x0800044c       0x40 CMakeFiles/DMS-25-ACU.dir/Core/User/app_main.c.obj
                0x0800044c                app_init
 .text.app_main
                0x0800048c       0x6c CMakeFiles/DMS-25-ACU.dir/Core/User/app_main.c.obj
                0x0800048c                app_main
 .text.HAL_ADC_ConvHalfCpltCallback
                0x080004f8       0x10 CMakeFiles/DMS-25-ACU.dir/Core/User/app_main.c.obj
                0x080004f8                HAL_ADC_ConvHalfCpltCallback
 .text.HAL_ADC_ConvCpltCallback
                0x08000508       0x10 CMakeFiles/DMS-25-ACU.dir/Core/User/app_main.c.obj
                0x08000508                HAL_ADC_ConvCpltCallback
 .text.HAL_FDCAN_RxFifo0Callback
                0x08000518       0x64 CMakeFiles/DMS-25-ACU.dir/Core/User/app_main.c.obj
                0x08000518                HAL_FDCAN_RxFifo0Callback
 .text.main     0x0800057c       0x2c CMakeFiles/DMS-25-ACU.dir/Core/Src/main.c.obj
                0x0800057c                main
 .text.SystemClock_Config
                0x080005a8       0xbc CMakeFiles/DMS-25-ACU.dir/Core/Src/main.c.obj
                0x080005a8                SystemClock_Config
 .text.Error_Handler
                0x08000664        0xc CMakeFiles/DMS-25-ACU.dir/Core/Src/main.c.obj
                0x08000664                Error_Handler
 .text.MX_GPIO_Init
                0x08000670       0xbc CMakeFiles/DMS-25-ACU.dir/Core/Src/gpio.c.obj
                0x08000670                MX_GPIO_Init
 .text.MX_ADC1_Init
                0x0800072c      0x124 CMakeFiles/DMS-25-ACU.dir/Core/Src/adc.c.obj
                0x0800072c                MX_ADC1_Init
 .text.HAL_ADC_MspInit
                0x08000850       0xe4 CMakeFiles/DMS-25-ACU.dir/Core/Src/adc.c.obj
                0x08000850                HAL_ADC_MspInit
 .text.MX_DMA_Init
                0x08000934       0x3c CMakeFiles/DMS-25-ACU.dir/Core/Src/dma.c.obj
                0x08000934                MX_DMA_Init
 .text.MX_FDCAN1_Init
                0x08000970       0x90 CMakeFiles/DMS-25-ACU.dir/Core/Src/fdcan.c.obj
                0x08000970                MX_FDCAN1_Init
 .text.HAL_FDCAN_MspInit
                0x08000a00       0xe4 CMakeFiles/DMS-25-ACU.dir/Core/Src/fdcan.c.obj
                0x08000a00                HAL_FDCAN_MspInit
 .text.MX_TIM2_Init
                0x08000ae4       0xf8 CMakeFiles/DMS-25-ACU.dir/Core/Src/tim.c.obj
                0x08000ae4                MX_TIM2_Init
 .text.HAL_TIM_Base_MspInit
                0x08000bdc       0x38 CMakeFiles/DMS-25-ACU.dir/Core/Src/tim.c.obj
                0x08000bdc                HAL_TIM_Base_MspInit
 .text.NMI_Handler
                0x08000c14        0x8 CMakeFiles/DMS-25-ACU.dir/Core/Src/stm32g0xx_it.c.obj
                0x08000c14                NMI_Handler
 .text.HardFault_Handler
                0x08000c1c        0x8 CMakeFiles/DMS-25-ACU.dir/Core/Src/stm32g0xx_it.c.obj
                0x08000c1c                HardFault_Handler
 .text.SVC_Handler
                0x08000c24        0xa CMakeFiles/DMS-25-ACU.dir/Core/Src/stm32g0xx_it.c.obj
                0x08000c24                SVC_Handler
 .text.PendSV_Handler
                0x08000c2e        0xa CMakeFiles/DMS-25-ACU.dir/Core/Src/stm32g0xx_it.c.obj
                0x08000c2e                PendSV_Handler
 .text.SysTick_Handler
                0x08000c38        0xe CMakeFiles/DMS-25-ACU.dir/Core/Src/stm32g0xx_it.c.obj
                0x08000c38                SysTick_Handler
 *fill*         0x08000c46        0x2 
 .text.DMA1_Channel1_IRQHandler
                0x08000c48       0x18 CMakeFiles/DMS-25-ACU.dir/Core/Src/stm32g0xx_it.c.obj
                0x08000c48                DMA1_Channel1_IRQHandler
 .text.TIM16_FDCAN_IT0_IRQHandler
                0x08000c60       0x18 CMakeFiles/DMS-25-ACU.dir/Core/Src/stm32g0xx_it.c.obj
                0x08000c60                TIM16_FDCAN_IT0_IRQHandler
 .text.TIM17_FDCAN_IT1_IRQHandler
                0x08000c78       0x18 CMakeFiles/DMS-25-ACU.dir/Core/Src/stm32g0xx_it.c.obj
                0x08000c78                TIM17_FDCAN_IT1_IRQHandler
 .text.HAL_MspInit
                0x08000c90       0x50 CMakeFiles/DMS-25-ACU.dir/Core/Src/stm32g0xx_hal_msp.c.obj
                0x08000c90                HAL_MspInit
 .text.LL_ADC_SetCommonPathInternalCh
                0x08000ce0       0x28 CMakeFiles/DMS-25-ACU.dir/Drivers/STM32G0xx_HAL_Driver/Src/stm32g0xx_hal_adc.c.obj
 .text.LL_ADC_GetCommonPathInternalCh
                0x08000d08       0x1a CMakeFiles/DMS-25-ACU.dir/Drivers/STM32G0xx_HAL_Driver/Src/stm32g0xx_hal_adc.c.obj
 .text.LL_ADC_SetSamplingTimeCommonChannels
                0x08000d22       0x3a CMakeFiles/DMS-25-ACU.dir/Drivers/STM32G0xx_HAL_Driver/Src/stm32g0xx_hal_adc.c.obj
 .text.LL_ADC_GetSamplingTimeCommonChannels
                0x08000d5c       0x2e CMakeFiles/DMS-25-ACU.dir/Drivers/STM32G0xx_HAL_Driver/Src/stm32g0xx_hal_adc.c.obj
 .text.LL_ADC_REG_IsTriggerSourceSWStart
                0x08000d8a       0x22 CMakeFiles/DMS-25-ACU.dir/Drivers/STM32G0xx_HAL_Driver/Src/stm32g0xx_hal_adc.c.obj
 .text.LL_ADC_REG_SetSequencerRanks
                0x08000dac       0x40 CMakeFiles/DMS-25-ACU.dir/Drivers/STM32G0xx_HAL_Driver/Src/stm32g0xx_hal_adc.c.obj
 .text.LL_ADC_REG_SetSequencerChAdd
                0x08000dec       0x22 CMakeFiles/DMS-25-ACU.dir/Drivers/STM32G0xx_HAL_Driver/Src/stm32g0xx_hal_adc.c.obj
 .text.LL_ADC_REG_SetSequencerChRem
                0x08000e0e       0x24 CMakeFiles/DMS-25-ACU.dir/Drivers/STM32G0xx_HAL_Driver/Src/stm32g0xx_hal_adc.c.obj
 *fill*         0x08000e32        0x2 
 .text.LL_ADC_SetChannelSamplingTime
                0x08000e34       0x38 CMakeFiles/DMS-25-ACU.dir/Drivers/STM32G0xx_HAL_Driver/Src/stm32g0xx_hal_adc.c.obj
 .text.LL_ADC_EnableInternalRegulator
                0x08000e6c       0x28 CMakeFiles/DMS-25-ACU.dir/Drivers/STM32G0xx_HAL_Driver/Src/stm32g0xx_hal_adc.c.obj
 .text.LL_ADC_IsInternalRegulatorEnabled
                0x08000e94       0x28 CMakeFiles/DMS-25-ACU.dir/Drivers/STM32G0xx_HAL_Driver/Src/stm32g0xx_hal_adc.c.obj
 .text.LL_ADC_Enable
                0x08000ebc       0x24 CMakeFiles/DMS-25-ACU.dir/Drivers/STM32G0xx_HAL_Driver/Src/stm32g0xx_hal_adc.c.obj
 .text.LL_ADC_Disable
                0x08000ee0       0x24 CMakeFiles/DMS-25-ACU.dir/Drivers/STM32G0xx_HAL_Driver/Src/stm32g0xx_hal_adc.c.obj
 .text.LL_ADC_IsEnabled
                0x08000f04       0x22 CMakeFiles/DMS-25-ACU.dir/Drivers/STM32G0xx_HAL_Driver/Src/stm32g0xx_hal_adc.c.obj
 *fill*         0x08000f26        0x2 
 .text.LL_ADC_REG_StartConversion
                0x08000f28       0x24 CMakeFiles/DMS-25-ACU.dir/Drivers/STM32G0xx_HAL_Driver/Src/stm32g0xx_hal_adc.c.obj
 .text.LL_ADC_REG_IsConversionOngoing
                0x08000f4c       0x22 CMakeFiles/DMS-25-ACU.dir/Drivers/STM32G0xx_HAL_Driver/Src/stm32g0xx_hal_adc.c.obj
 *fill*         0x08000f6e        0x2 
 .text.HAL_ADC_Init
                0x08000f70      0x350 CMakeFiles/DMS-25-ACU.dir/Drivers/STM32G0xx_HAL_Driver/Src/stm32g0xx_hal_adc.c.obj
                0x08000f70                HAL_ADC_Init
 .text.HAL_ADC_Start_DMA
                0x080012c0      0x11c CMakeFiles/DMS-25-ACU.dir/Drivers/STM32G0xx_HAL_Driver/Src/stm32g0xx_hal_adc.c.obj
                0x080012c0                HAL_ADC_Start_DMA
 .text.HAL_ADC_ErrorCallback
                0x080013dc       0x10 CMakeFiles/DMS-25-ACU.dir/Drivers/STM32G0xx_HAL_Driver/Src/stm32g0xx_hal_adc.c.obj
                0x080013dc                HAL_ADC_ErrorCallback
 .text.HAL_ADC_ConfigChannel
                0x080013ec      0x3b0 CMakeFiles/DMS-25-ACU.dir/Drivers/STM32G0xx_HAL_Driver/Src/stm32g0xx_hal_adc.c.obj
                0x080013ec                HAL_ADC_ConfigChannel
 .text.ADC_Enable
                0x0800179c      0x10c CMakeFiles/DMS-25-ACU.dir/Drivers/STM32G0xx_HAL_Driver/Src/stm32g0xx_hal_adc.c.obj
                0x0800179c                ADC_Enable
 .text.ADC_DMAConvCplt
                0x080018a8       0xc8 CMakeFiles/DMS-25-ACU.dir/Drivers/STM32G0xx_HAL_Driver/Src/stm32g0xx_hal_adc.c.obj
 .text.ADC_DMAHalfConvCplt
                0x08001970       0x1e CMakeFiles/DMS-25-ACU.dir/Drivers/STM32G0xx_HAL_Driver/Src/stm32g0xx_hal_adc.c.obj
 .text.ADC_DMAError
                0x0800198e       0x36 CMakeFiles/DMS-25-ACU.dir/Drivers/STM32G0xx_HAL_Driver/Src/stm32g0xx_hal_adc.c.obj
 .text.HAL_RCC_OscConfig
                0x080019c4      0x6c0 CMakeFiles/DMS-25-ACU.dir/Drivers/STM32G0xx_HAL_Driver/Src/stm32g0xx_hal_rcc.c.obj
                0x080019c4                HAL_RCC_OscConfig
 .text.HAL_RCC_ClockConfig
                0x08002084      0x210 CMakeFiles/DMS-25-ACU.dir/Drivers/STM32G0xx_HAL_Driver/Src/stm32g0xx_hal_rcc.c.obj
                0x08002084                HAL_RCC_ClockConfig
 .text.HAL_RCC_GetSysClockFreq
                0x08002294      0x104 CMakeFiles/DMS-25-ACU.dir/Drivers/STM32G0xx_HAL_Driver/Src/stm32g0xx_hal_rcc.c.obj
                0x08002294                HAL_RCC_GetSysClockFreq
 .text.HAL_RCCEx_PeriphCLKConfig
                0x08002398      0x478 CMakeFiles/DMS-25-ACU.dir/Drivers/STM32G0xx_HAL_Driver/Src/stm32g0xx_hal_rcc_ex.c.obj
                0x08002398                HAL_RCCEx_PeriphCLKConfig
 .text.HAL_GPIO_Init
                0x08002810      0x2d8 CMakeFiles/DMS-25-ACU.dir/Drivers/STM32G0xx_HAL_Driver/Src/stm32g0xx_hal_gpio.c.obj
                0x08002810                HAL_GPIO_Init
 .text.HAL_GPIO_WritePin
                0x08002ae8       0x3a CMakeFiles/DMS-25-ACU.dir/Drivers/STM32G0xx_HAL_Driver/Src/stm32g0xx_hal_gpio.c.obj
                0x08002ae8                HAL_GPIO_WritePin
 .text.HAL_GPIO_TogglePin
                0x08002b22       0x36 CMakeFiles/DMS-25-ACU.dir/Drivers/STM32G0xx_HAL_Driver/Src/stm32g0xx_hal_gpio.c.obj
                0x08002b22                HAL_GPIO_TogglePin
 .text.HAL_DMA_Init
                0x08002b58      0x158 CMakeFiles/DMS-25-ACU.dir/Drivers/STM32G0xx_HAL_Driver/Src/stm32g0xx_hal_dma.c.obj
                0x08002b58                HAL_DMA_Init
 .text.HAL_DMA_Start_IT
                0x08002cb0      0x10c CMakeFiles/DMS-25-ACU.dir/Drivers/STM32G0xx_HAL_Driver/Src/stm32g0xx_hal_dma.c.obj
                0x08002cb0                HAL_DMA_Start_IT
 .text.HAL_DMA_IRQHandler
                0x08002dbc      0x188 CMakeFiles/DMS-25-ACU.dir/Drivers/STM32G0xx_HAL_Driver/Src/stm32g0xx_hal_dma.c.obj
                0x08002dbc                HAL_DMA_IRQHandler
 .text.DMA_SetConfig
                0x08002f44       0x78 CMakeFiles/DMS-25-ACU.dir/Drivers/STM32G0xx_HAL_Driver/Src/stm32g0xx_hal_dma.c.obj
 .text.DMA_CalcDMAMUXChannelBaseAndMask
                0x08002fbc       0x94 CMakeFiles/DMS-25-ACU.dir/Drivers/STM32G0xx_HAL_Driver/Src/stm32g0xx_hal_dma.c.obj
 .text.DMA_CalcDMAMUXRequestGenBaseAndMask
                0x08003050       0x48 CMakeFiles/DMS-25-ACU.dir/Drivers/STM32G0xx_HAL_Driver/Src/stm32g0xx_hal_dma.c.obj
 .text.HAL_PWREx_ControlVoltageScaling
                0x08003098       0x80 CMakeFiles/DMS-25-ACU.dir/Drivers/STM32G0xx_HAL_Driver/Src/stm32g0xx_hal_pwr_ex.c.obj
                0x08003098                HAL_PWREx_ControlVoltageScaling
 .text.__NVIC_EnableIRQ
                0x08003118       0x34 CMakeFiles/DMS-25-ACU.dir/Drivers/STM32G0xx_HAL_Driver/Src/stm32g0xx_hal_cortex.c.obj
 .text.__NVIC_SetPriority
                0x0800314c       0xdc CMakeFiles/DMS-25-ACU.dir/Drivers/STM32G0xx_HAL_Driver/Src/stm32g0xx_hal_cortex.c.obj
 .text.SysTick_Config
                0x08003228       0x48 CMakeFiles/DMS-25-ACU.dir/Drivers/STM32G0xx_HAL_Driver/Src/stm32g0xx_hal_cortex.c.obj
 .text.HAL_NVIC_SetPriority
                0x08003270       0x2a CMakeFiles/DMS-25-ACU.dir/Drivers/STM32G0xx_HAL_Driver/Src/stm32g0xx_hal_cortex.c.obj
                0x08003270                HAL_NVIC_SetPriority
 .text.HAL_NVIC_EnableIRQ
                0x0800329a       0x20 CMakeFiles/DMS-25-ACU.dir/Drivers/STM32G0xx_HAL_Driver/Src/stm32g0xx_hal_cortex.c.obj
                0x0800329a                HAL_NVIC_EnableIRQ
 .text.HAL_SYSTICK_Config
                0x080032ba       0x1a CMakeFiles/DMS-25-ACU.dir/Drivers/STM32G0xx_HAL_Driver/Src/stm32g0xx_hal_cortex.c.obj
                0x080032ba                HAL_SYSTICK_Config
 .text.HAL_Init
                0x080032d4       0x40 CMakeFiles/DMS-25-ACU.dir/Drivers/STM32G0xx_HAL_Driver/Src/stm32g0xx_hal.c.obj
                0x080032d4                HAL_Init
 .text.HAL_InitTick
                0x08003314       0x94 CMakeFiles/DMS-25-ACU.dir/Drivers/STM32G0xx_HAL_Driver/Src/stm32g0xx_hal.c.obj
                0x08003314                HAL_InitTick
 .text.HAL_IncTick
                0x080033a8       0x24 CMakeFiles/DMS-25-ACU.dir/Drivers/STM32G0xx_HAL_Driver/Src/stm32g0xx_hal.c.obj
                0x080033a8                HAL_IncTick
 .text.HAL_GetTick
                0x080033cc       0x14 CMakeFiles/DMS-25-ACU.dir/Drivers/STM32G0xx_HAL_Driver/Src/stm32g0xx_hal.c.obj
                0x080033cc                HAL_GetTick
 .text.HAL_Delay
                0x080033e0       0x48 CMakeFiles/DMS-25-ACU.dir/Drivers/STM32G0xx_HAL_Driver/Src/stm32g0xx_hal.c.obj
                0x080033e0                HAL_Delay
 .text.HAL_SYSCFG_StrobeDBattpinsConfig
                0x08003428       0x2c CMakeFiles/DMS-25-ACU.dir/Drivers/STM32G0xx_HAL_Driver/Src/stm32g0xx_hal.c.obj
                0x08003428                HAL_SYSCFG_StrobeDBattpinsConfig
 .text.HAL_FDCAN_Init
                0x08003454      0x2cc CMakeFiles/DMS-25-ACU.dir/Drivers/STM32G0xx_HAL_Driver/Src/stm32g0xx_hal_fdcan.c.obj
                0x08003454                HAL_FDCAN_Init
 .text.HAL_FDCAN_ConfigFilter
                0x08003720       0xba CMakeFiles/DMS-25-ACU.dir/Drivers/STM32G0xx_HAL_Driver/Src/stm32g0xx_hal_fdcan.c.obj
                0x08003720                HAL_FDCAN_ConfigFilter
 .text.HAL_FDCAN_ConfigGlobalFilter
                0x080037da       0x60 CMakeFiles/DMS-25-ACU.dir/Drivers/STM32G0xx_HAL_Driver/Src/stm32g0xx_hal_fdcan.c.obj
                0x080037da                HAL_FDCAN_ConfigGlobalFilter
 .text.HAL_FDCAN_Start
                0x0800383a       0x4c CMakeFiles/DMS-25-ACU.dir/Drivers/STM32G0xx_HAL_Driver/Src/stm32g0xx_hal_fdcan.c.obj
                0x0800383a                HAL_FDCAN_Start
 .text.HAL_FDCAN_AddMessageToTxFifoQ
                0x08003886       0x8a CMakeFiles/DMS-25-ACU.dir/Drivers/STM32G0xx_HAL_Driver/Src/stm32g0xx_hal_fdcan.c.obj
                0x08003886                HAL_FDCAN_AddMessageToTxFifoQ
 .text.HAL_FDCAN_GetRxMessage
                0x08003910      0x21c CMakeFiles/DMS-25-ACU.dir/Drivers/STM32G0xx_HAL_Driver/Src/stm32g0xx_hal_fdcan.c.obj
                0x08003910                HAL_FDCAN_GetRxMessage
 .text.HAL_FDCAN_ActivateNotification
                0x08003b2c      0x1ac CMakeFiles/DMS-25-ACU.dir/Drivers/STM32G0xx_HAL_Driver/Src/stm32g0xx_hal_fdcan.c.obj
                0x08003b2c                HAL_FDCAN_ActivateNotification
 .text.HAL_FDCAN_IRQHandler
                0x08003cd8      0x26a CMakeFiles/DMS-25-ACU.dir/Drivers/STM32G0xx_HAL_Driver/Src/stm32g0xx_hal_fdcan.c.obj
                0x08003cd8                HAL_FDCAN_IRQHandler
 .text.HAL_FDCAN_TxEventFifoCallback
                0x08003f42       0x12 CMakeFiles/DMS-25-ACU.dir/Drivers/STM32G0xx_HAL_Driver/Src/stm32g0xx_hal_fdcan.c.obj
                0x08003f42                HAL_FDCAN_TxEventFifoCallback
 .text.HAL_FDCAN_RxFifo1Callback
                0x08003f54       0x12 CMakeFiles/DMS-25-ACU.dir/Drivers/STM32G0xx_HAL_Driver/Src/stm32g0xx_hal_fdcan.c.obj
                0x08003f54                HAL_FDCAN_RxFifo1Callback
 .text.HAL_FDCAN_TxFifoEmptyCallback
                0x08003f66       0x10 CMakeFiles/DMS-25-ACU.dir/Drivers/STM32G0xx_HAL_Driver/Src/stm32g0xx_hal_fdcan.c.obj
                0x08003f66                HAL_FDCAN_TxFifoEmptyCallback
 .text.HAL_FDCAN_TxBufferCompleteCallback
                0x08003f76       0x12 CMakeFiles/DMS-25-ACU.dir/Drivers/STM32G0xx_HAL_Driver/Src/stm32g0xx_hal_fdcan.c.obj
                0x08003f76                HAL_FDCAN_TxBufferCompleteCallback
 .text.HAL_FDCAN_TxBufferAbortCallback
                0x08003f88       0x12 CMakeFiles/DMS-25-ACU.dir/Drivers/STM32G0xx_HAL_Driver/Src/stm32g0xx_hal_fdcan.c.obj
                0x08003f88                HAL_FDCAN_TxBufferAbortCallback
 .text.HAL_FDCAN_TimestampWraparoundCallback
                0x08003f9a       0x10 CMakeFiles/DMS-25-ACU.dir/Drivers/STM32G0xx_HAL_Driver/Src/stm32g0xx_hal_fdcan.c.obj
                0x08003f9a                HAL_FDCAN_TimestampWraparoundCallback
 .text.HAL_FDCAN_TimeoutOccurredCallback
                0x08003faa       0x10 CMakeFiles/DMS-25-ACU.dir/Drivers/STM32G0xx_HAL_Driver/Src/stm32g0xx_hal_fdcan.c.obj
                0x08003faa                HAL_FDCAN_TimeoutOccurredCallback
 .text.HAL_FDCAN_HighPriorityMessageCallback
                0x08003fba       0x10 CMakeFiles/DMS-25-ACU.dir/Drivers/STM32G0xx_HAL_Driver/Src/stm32g0xx_hal_fdcan.c.obj
                0x08003fba                HAL_FDCAN_HighPriorityMessageCallback
 .text.HAL_FDCAN_ErrorCallback
                0x08003fca       0x10 CMakeFiles/DMS-25-ACU.dir/Drivers/STM32G0xx_HAL_Driver/Src/stm32g0xx_hal_fdcan.c.obj
                0x08003fca                HAL_FDCAN_ErrorCallback
 .text.HAL_FDCAN_ErrorStatusCallback
                0x08003fda       0x12 CMakeFiles/DMS-25-ACU.dir/Drivers/STM32G0xx_HAL_Driver/Src/stm32g0xx_hal_fdcan.c.obj
                0x08003fda                HAL_FDCAN_ErrorStatusCallback
 .text.FDCAN_CalcultateRamBlockAddresses
                0x08003fec       0xd8 CMakeFiles/DMS-25-ACU.dir/Drivers/STM32G0xx_HAL_Driver/Src/stm32g0xx_hal_fdcan.c.obj
 .text.FDCAN_CopyMessageToRAM
                0x080040c4       0xf8 CMakeFiles/DMS-25-ACU.dir/Drivers/STM32G0xx_HAL_Driver/Src/stm32g0xx_hal_fdcan.c.obj
 .text.HAL_TIM_Base_Init
                0x080041bc       0xb0 CMakeFiles/DMS-25-ACU.dir/Drivers/STM32G0xx_HAL_Driver/Src/stm32g0xx_hal_tim.c.obj
                0x080041bc                HAL_TIM_Base_Init
 .text.HAL_TIM_Base_Start
                0x0800426c       0xb4 CMakeFiles/DMS-25-ACU.dir/Drivers/STM32G0xx_HAL_Driver/Src/stm32g0xx_hal_tim.c.obj
                0x0800426c                HAL_TIM_Base_Start
 .text.HAL_TIM_PWM_Init
                0x08004320       0xb0 CMakeFiles/DMS-25-ACU.dir/Drivers/STM32G0xx_HAL_Driver/Src/stm32g0xx_hal_tim.c.obj
                0x08004320                HAL_TIM_PWM_Init
 .text.HAL_TIM_PWM_MspInit
                0x080043d0       0x10 CMakeFiles/DMS-25-ACU.dir/Drivers/STM32G0xx_HAL_Driver/Src/stm32g0xx_hal_tim.c.obj
                0x080043d0                HAL_TIM_PWM_MspInit
 .text.HAL_TIM_PWM_ConfigChannel
                0x080043e0      0x200 CMakeFiles/DMS-25-ACU.dir/Drivers/STM32G0xx_HAL_Driver/Src/stm32g0xx_hal_tim.c.obj
                0x080043e0                HAL_TIM_PWM_ConfigChannel
 .text.HAL_TIM_ConfigClockSource
                0x080045e0      0x1ac CMakeFiles/DMS-25-ACU.dir/Drivers/STM32G0xx_HAL_Driver/Src/stm32g0xx_hal_tim.c.obj
                0x080045e0                HAL_TIM_ConfigClockSource
 .text.TIM_Base_SetConfig
                0x0800478c      0x130 CMakeFiles/DMS-25-ACU.dir/Drivers/STM32G0xx_HAL_Driver/Src/stm32g0xx_hal_tim.c.obj
                0x0800478c                TIM_Base_SetConfig
 .text.TIM_OC1_SetConfig
                0x080048bc      0x114 CMakeFiles/DMS-25-ACU.dir/Drivers/STM32G0xx_HAL_Driver/Src/stm32g0xx_hal_tim.c.obj
 .text.TIM_OC2_SetConfig
                0x080049d0      0x108 CMakeFiles/DMS-25-ACU.dir/Drivers/STM32G0xx_HAL_Driver/Src/stm32g0xx_hal_tim.c.obj
                0x080049d0                TIM_OC2_SetConfig
 .text.TIM_OC3_SetConfig
                0x08004ad8      0x110 CMakeFiles/DMS-25-ACU.dir/Drivers/STM32G0xx_HAL_Driver/Src/stm32g0xx_hal_tim.c.obj
 .text.TIM_OC4_SetConfig
                0x08004be8       0xd4 CMakeFiles/DMS-25-ACU.dir/Drivers/STM32G0xx_HAL_Driver/Src/stm32g0xx_hal_tim.c.obj
 .text.TIM_OC5_SetConfig
                0x08004cbc       0xc0 CMakeFiles/DMS-25-ACU.dir/Drivers/STM32G0xx_HAL_Driver/Src/stm32g0xx_hal_tim.c.obj
 .text.TIM_OC6_SetConfig
                0x08004d7c       0xc8 CMakeFiles/DMS-25-ACU.dir/Drivers/STM32G0xx_HAL_Driver/Src/stm32g0xx_hal_tim.c.obj
 .text.TIM_TI1_ConfigInputStage
                0x08004e44       0x5c CMakeFiles/DMS-25-ACU.dir/Drivers/STM32G0xx_HAL_Driver/Src/stm32g0xx_hal_tim.c.obj
 .text.TIM_TI2_ConfigInputStage
                0x08004ea0       0x64 CMakeFiles/DMS-25-ACU.dir/Drivers/STM32G0xx_HAL_Driver/Src/stm32g0xx_hal_tim.c.obj
 .text.TIM_ITRx_SetConfig
                0x08004f04       0x38 CMakeFiles/DMS-25-ACU.dir/Drivers/STM32G0xx_HAL_Driver/Src/stm32g0xx_hal_tim.c.obj
 .text.TIM_ETR_SetConfig
                0x08004f3c       0x40 CMakeFiles/DMS-25-ACU.dir/Drivers/STM32G0xx_HAL_Driver/Src/stm32g0xx_hal_tim.c.obj
                0x08004f3c                TIM_ETR_SetConfig
 .text.HAL_TIMEx_MasterConfigSynchronization
                0x08004f7c       0xec CMakeFiles/DMS-25-ACU.dir/Drivers/STM32G0xx_HAL_Driver/Src/stm32g0xx_hal_tim_ex.c.obj
                0x08004f7c                HAL_TIMEx_MasterConfigSynchronization
 .text.SystemInit
                0x08005068        0xa CMakeFiles/DMS-25-ACU.dir/Core/Src/system_stm32g0xx.c.obj
                0x08005068                SystemInit
 *fill*         0x08005072        0x2 
 .text.Reset_Handler
                0x08005074       0x50 CMakeFiles/DMS-25-ACU.dir/startup_stm32g0b1xx.s.obj
                0x08005074                Reset_Handler
 .text.Default_Handler
                0x080050c4        0x2 CMakeFiles/DMS-25-ACU.dir/startup_stm32g0b1xx.s.obj
                0x080050c4                I2C2_3_IRQHandler
                0x080050c4                USART3_4_5_6_LPUART1_IRQHandler
                0x080050c4                TIM1_CC_IRQHandler
                0x080050c4                ADC1_COMP_IRQHandler
                0x080050c4                I2C1_IRQHandler
                0x080050c4                TIM7_LPTIM2_IRQHandler
                0x080050c4                DMA1_Ch4_7_DMA2_Ch1_5_DMAMUX1_OVR_IRQHandler
                0x080050c4                RCC_CRS_IRQHandler
                0x080050c4                RTC_TAMP_IRQHandler
                0x080050c4                SPI1_IRQHandler
                0x080050c4                USB_UCPD1_2_IRQHandler
                0x080050c4                EXTI2_3_IRQHandler
                0x080050c4                USART2_LPUART2_IRQHandler
                0x080050c4                PVD_VDDIO2_IRQHandler
                0x080050c4                EXTI4_15_IRQHandler
                0x080050c4                Default_Handler
                0x080050c4                CEC_IRQHandler
                0x080050c4                TIM14_IRQHandler
                0x080050c4                TIM15_IRQHandler
                0x080050c4                TIM3_TIM4_IRQHandler
                0x080050c4                EXTI0_1_IRQHandler
                0x080050c4                SPI2_3_IRQHandler
                0x080050c4                TIM6_DAC_LPTIM1_IRQHandler
                0x080050c4                WWDG_IRQHandler
                0x080050c4                TIM2_IRQHandler
                0x080050c4                DMA1_Channel2_3_IRQHandler
                0x080050c4                FLASH_IRQHandler
                0x080050c4                USART1_IRQHandler
                0x080050c4                TIM1_BRK_UP_TRG_COM_IRQHandler
 *(.glue_7)
 .glue_7        0x080050c6        0x0 linker stubs
 *(.glue_7t)
 .glue_7t       0x080050c6        0x0 linker stubs
 *(.eh_frame)
 *fill*         0x080050c6        0x2 
 .eh_frame      0x080050c8        0x0 C:/ST/STM32CubeCLT_1.15.1/GNU-tools-for-STM32/bin/../lib/gcc/arm-none-eabi/12.3.1/thumb/v6-m/nofp/crtbegin.o
 *(.init)
 .init          0x080050c8        0x4 C:/ST/STM32CubeCLT_1.15.1/GNU-tools-for-STM32/bin/../lib/gcc/arm-none-eabi/12.3.1/thumb/v6-m/nofp/crti.o
                0x080050c8                _init
 .init          0x080050cc        0x8 C:/ST/STM32CubeCLT_1.15.1/GNU-tools-for-STM32/bin/../lib/gcc/arm-none-eabi/12.3.1/thumb/v6-m/nofp/crtn.o
 *(.fini)
 .fini          0x080050d4        0x4 C:/ST/STM32CubeCLT_1.15.1/GNU-tools-for-STM32/bin/../lib/gcc/arm-none-eabi/12.3.1/thumb/v6-m/nofp/crti.o
                0x080050d4                _fini
 .fini          0x080050d8        0x8 C:/ST/STM32CubeCLT_1.15.1/GNU-tools-for-STM32/bin/../lib/gcc/arm-none-eabi/12.3.1/thumb/v6-m/nofp/crtn.o
                0x080050e0                        . = ALIGN (0x4)
                0x080050e0                        _etext = .

.vfp11_veneer   0x080050e0        0x0
 .vfp11_veneer  0x080050e0        0x0 linker stubs

.v4_bx          0x080050e0        0x0
 .v4_bx         0x080050e0        0x0 linker stubs

.iplt           0x080050e0        0x0
 .iplt          0x080050e0        0x0 C:/ST/STM32CubeCLT_1.15.1/GNU-tools-for-STM32/bin/../lib/gcc/arm-none-eabi/12.3.1/thumb/v6-m/nofp/crtbegin.o

.rodata         0x080050e0       0xa4
                0x080050e0                        . = ALIGN (0x4)
 *(.rodata)
 *(.rodata*)
 .rodata.DLCtoBytes
                0x080050e0       0x10 CMakeFiles/DMS-25-ACU.dir/Drivers/STM32G0xx_HAL_Driver/Src/stm32g0xx_hal_fdcan.c.obj
 .rodata.HAL_TIM_PWM_ConfigChannel
                0x080050f0       0x54 CMakeFiles/DMS-25-ACU.dir/Drivers/STM32G0xx_HAL_Driver/Src/stm32g0xx_hal_tim.c.obj
 .rodata.AHBPrescTable
                0x08005144       0x40 CMakeFiles/DMS-25-ACU.dir/Core/Src/system_stm32g0xx.c.obj
                0x08005144                AHBPrescTable
                0x08005184                        . = ALIGN (0x4)

.rel.dyn        0x08005184        0x0
 .rel.iplt      0x08005184        0x0 C:/ST/STM32CubeCLT_1.15.1/GNU-tools-for-STM32/bin/../lib/gcc/arm-none-eabi/12.3.1/thumb/v6-m/nofp/crtbegin.o

.ARM.extab
 *(.ARM.extab* .gnu.linkonce.armextab.*)

.ARM            0x08005184        0x0
                0x08005184                        __exidx_start = .
 *(.ARM.exidx*)
                0x08005184                        __exidx_end = .

.preinit_array  0x08005184        0x0
                0x08005184                        PROVIDE (__preinit_array_start = .)
 *(.preinit_array*)
                0x08005184                        PROVIDE (__preinit_array_end = .)

.init_array     0x08005184        0x4
                0x08005184                        PROVIDE (__init_array_start = .)
 *(SORT_BY_NAME(.init_array.*))
 *(.init_array*)
 .init_array    0x08005184        0x4 C:/ST/STM32CubeCLT_1.15.1/GNU-tools-for-STM32/bin/../lib/gcc/arm-none-eabi/12.3.1/thumb/v6-m/nofp/crtbegin.o
                0x08005188                        PROVIDE (__init_array_end = .)

.fini_array     0x08005188        0x4
                [!provide]                        PROVIDE (__fini_array_start = .)
 *(SORT_BY_NAME(.fini_array.*))
 *(.fini_array*)
 .fini_array    0x08005188        0x4 C:/ST/STM32CubeCLT_1.15.1/GNU-tools-for-STM32/bin/../lib/gcc/arm-none-eabi/12.3.1/thumb/v6-m/nofp/crtbegin.o
                [!provide]                        PROVIDE (__fini_array_end = .)
                0x0800518c                        _sidata = LOADADDR (.data)

.data           0x20000000        0xc load address 0x0800518c
                0x20000000                        . = ALIGN (0x4)
                0x20000000                        _sdata = .
 *(.data)
 *(.data*)
 .data.uwTickPrio
                0x20000000        0x4 CMakeFiles/DMS-25-ACU.dir/Drivers/STM32G0xx_HAL_Driver/Src/stm32g0xx_hal.c.obj
                0x20000000                uwTickPrio
 .data.uwTickFreq
                0x20000004        0x1 CMakeFiles/DMS-25-ACU.dir/Drivers/STM32G0xx_HAL_Driver/Src/stm32g0xx_hal.c.obj
                0x20000004                uwTickFreq
 *fill*         0x20000005        0x3 
 .data.SystemCoreClock
                0x20000008        0x4 CMakeFiles/DMS-25-ACU.dir/Core/Src/system_stm32g0xx.c.obj
                0x20000008                SystemCoreClock
                0x2000000c                        . = ALIGN (0x4)
                0x2000000c                        _edata = .

.igot.plt       0x2000000c        0x0 load address 0x08005198
 .igot.plt      0x2000000c        0x0 C:/ST/STM32CubeCLT_1.15.1/GNU-tools-for-STM32/bin/../lib/gcc/arm-none-eabi/12.3.1/thumb/v6-m/nofp/crtbegin.o
                0x2000000c                        . = ALIGN (0x4)

.bss            0x2000000c      0x21c load address 0x08005198
                0x2000000c                        _sbss = .
                0x2000000c                        __bss_start__ = _sbss
 *(.bss)
 .bss           0x2000000c       0x1c C:/ST/STM32CubeCLT_1.15.1/GNU-tools-for-STM32/bin/../lib/gcc/arm-none-eabi/12.3.1/thumb/v6-m/nofp/crtbegin.o
 *(.bss*)
 .bss.adc_buf   0x20000028        0x6 CMakeFiles/DMS-25-ACU.dir/Core/User/app_main.c.obj
                0x20000028                adc_buf
 *fill*         0x2000002e        0x2 
 .bss.RxHeader  0x20000030       0x28 CMakeFiles/DMS-25-ACU.dir/Core/User/app_main.c.obj
                0x20000030                RxHeader
 .bss.TxHeader  0x20000058       0x24 CMakeFiles/DMS-25-ACU.dir/Core/User/app_main.c.obj
                0x20000058                TxHeader
 .bss.RxData    0x2000007c        0x8 CMakeFiles/DMS-25-ACU.dir/Core/User/app_main.c.obj
                0x2000007c                RxData
 .bss.TxHeartbeat
                0x20000084       0x24 CMakeFiles/DMS-25-ACU.dir/Core/User/app_main.c.obj
                0x20000084                TxHeartbeat
 .bss.TxHeartbeatData
                0x200000a8        0x8 CMakeFiles/DMS-25-ACU.dir/Core/User/app_main.c.obj
                0x200000a8                TxHeartbeatData
 .bss.hadc1     0x200000b0       0x64 CMakeFiles/DMS-25-ACU.dir/Core/Src/adc.c.obj
                0x200000b0                hadc1
 .bss.hdma_adc1
                0x20000114       0x60 CMakeFiles/DMS-25-ACU.dir/Core/Src/adc.c.obj
                0x20000114                hdma_adc1
 .bss.hfdcan1   0x20000174       0x64 CMakeFiles/DMS-25-ACU.dir/Core/Src/fdcan.c.obj
                0x20000174                hfdcan1
 .bss.htim2     0x200001d8       0x4c CMakeFiles/DMS-25-ACU.dir/Core/Src/tim.c.obj
                0x200001d8                htim2
 .bss.uwTick    0x20000224        0x4 CMakeFiles/DMS-25-ACU.dir/Drivers/STM32G0xx_HAL_Driver/Src/stm32g0xx_hal.c.obj
                0x20000224                uwTick
 *(COMMON)
                0x20000228                        . = ALIGN (0x4)
                0x20000228                        _ebss = .
                0x20000228                        __bss_end__ = _ebss

._user_heap_stack
                0x20000228      0x600 load address 0x08005198
                0x20000228                        . = ALIGN (0x8)
                [!provide]                        PROVIDE (end = .)
                0x20000228                        PROVIDE (_end = .)
                0x20000428                        . = (. + _Min_Heap_Size)
 *fill*         0x20000228      0x200 
                0x20000828                        . = (. + _Min_Stack_Size)
 *fill*         0x20000428      0x400 
                0x20000828                        . = ALIGN (0x8)

/DISCARD/
 libc.a(*)
 libm.a(*)
 libgcc.a(*)

.ARM.attributes
                0x00000000       0x28
 *(.ARM.attributes)
 .ARM.attributes
                0x00000000       0x1e C:/ST/STM32CubeCLT_1.15.1/GNU-tools-for-STM32/bin/../lib/gcc/arm-none-eabi/12.3.1/thumb/v6-m/nofp/crti.o
 .ARM.attributes
                0x0000001e       0x2c C:/ST/STM32CubeCLT_1.15.1/GNU-tools-for-STM32/bin/../lib/gcc/arm-none-eabi/12.3.1/thumb/v6-m/nofp/crtbegin.o
 .ARM.attributes
                0x0000004a       0x2c C:/ST/STM32CubeCLT_1.15.1/GNU-tools-for-STM32/bin/../lib/gcc/arm-none-eabi/12.3.1/../../../../arm-none-eabi/lib/thumb/v6-m/nofp\libc_nano.a(libc_a-memset.o)
 .ARM.attributes
                0x00000076       0x2c C:/ST/STM32CubeCLT_1.15.1/GNU-tools-for-STM32/bin/../lib/gcc/arm-none-eabi/12.3.1/../../../../arm-none-eabi/lib/thumb/v6-m/nofp\libc_nano.a(libc_a-init.o)
 .ARM.attributes
                0x000000a2       0x2c CMakeFiles/DMS-25-ACU.dir/Core/User/app_main.c.obj
 .ARM.attributes
                0x000000ce       0x2c CMakeFiles/DMS-25-ACU.dir/Core/Src/main.c.obj
 .ARM.attributes
                0x000000fa       0x2c CMakeFiles/DMS-25-ACU.dir/Core/Src/gpio.c.obj
 .ARM.attributes
                0x00000126       0x2c CMakeFiles/DMS-25-ACU.dir/Core/Src/adc.c.obj
 .ARM.attributes
                0x00000152       0x2c CMakeFiles/DMS-25-ACU.dir/Core/Src/dma.c.obj
 .ARM.attributes
                0x0000017e       0x2c CMakeFiles/DMS-25-ACU.dir/Core/Src/fdcan.c.obj
 .ARM.attributes
                0x000001aa       0x2c CMakeFiles/DMS-25-ACU.dir/Core/Src/tim.c.obj
 .ARM.attributes
                0x000001d6       0x2c CMakeFiles/DMS-25-ACU.dir/Core/Src/stm32g0xx_it.c.obj
 .ARM.attributes
                0x00000202       0x2c CMakeFiles/DMS-25-ACU.dir/Core/Src/stm32g0xx_hal_msp.c.obj
 .ARM.attributes
                0x0000022e       0x2c CMakeFiles/DMS-25-ACU.dir/Drivers/STM32G0xx_HAL_Driver/Src/stm32g0xx_hal_adc.c.obj
 .ARM.attributes
                0x0000025a       0x2c CMakeFiles/DMS-25-ACU.dir/Drivers/STM32G0xx_HAL_Driver/Src/stm32g0xx_hal_rcc.c.obj
 .ARM.attributes
                0x00000286       0x2c CMakeFiles/DMS-25-ACU.dir/Drivers/STM32G0xx_HAL_Driver/Src/stm32g0xx_hal_rcc_ex.c.obj
 .ARM.attributes
                0x000002b2       0x2c CMakeFiles/DMS-25-ACU.dir/Drivers/STM32G0xx_HAL_Driver/Src/stm32g0xx_hal_gpio.c.obj
 .ARM.attributes
                0x000002de       0x2c CMakeFiles/DMS-25-ACU.dir/Drivers/STM32G0xx_HAL_Driver/Src/stm32g0xx_hal_dma.c.obj
 .ARM.attributes
                0x0000030a       0x2c CMakeFiles/DMS-25-ACU.dir/Drivers/STM32G0xx_HAL_Driver/Src/stm32g0xx_hal_pwr_ex.c.obj
 .ARM.attributes
                0x00000336       0x2c CMakeFiles/DMS-25-ACU.dir/Drivers/STM32G0xx_HAL_Driver/Src/stm32g0xx_hal_cortex.c.obj
 .ARM.attributes
                0x00000362       0x2c CMakeFiles/DMS-25-ACU.dir/Drivers/STM32G0xx_HAL_Driver/Src/stm32g0xx_hal.c.obj
 .ARM.attributes
                0x0000038e       0x2c CMakeFiles/DMS-25-ACU.dir/Drivers/STM32G0xx_HAL_Driver/Src/stm32g0xx_hal_fdcan.c.obj
 .ARM.attributes
                0x000003ba       0x2c CMakeFiles/DMS-25-ACU.dir/Drivers/STM32G0xx_HAL_Driver/Src/stm32g0xx_hal_tim.c.obj
 .ARM.attributes
                0x000003e6       0x2c CMakeFiles/DMS-25-ACU.dir/Drivers/STM32G0xx_HAL_Driver/Src/stm32g0xx_hal_tim_ex.c.obj
 .ARM.attributes
                0x00000412       0x2c CMakeFiles/DMS-25-ACU.dir/Core/Src/system_stm32g0xx.c.obj
 .ARM.attributes
                0x0000043e       0x22 CMakeFiles/DMS-25-ACU.dir/startup_stm32g0b1xx.s.obj
 .ARM.attributes
                0x00000460       0x1e C:/ST/STM32CubeCLT_1.15.1/GNU-tools-for-STM32/bin/../lib/gcc/arm-none-eabi/12.3.1/thumb/v6-m/nofp\libgcc.a(_udivsi3.o)
 .ARM.attributes
                0x0000047e       0x1e C:/ST/STM32CubeCLT_1.15.1/GNU-tools-for-STM32/bin/../lib/gcc/arm-none-eabi/12.3.1/thumb/v6-m/nofp\libgcc.a(_dvmd_tls.o)
 .ARM.attributes
                0x0000049c       0x1e C:/ST/STM32CubeCLT_1.15.1/GNU-tools-for-STM32/bin/../lib/gcc/arm-none-eabi/12.3.1/thumb/v6-m/nofp/crtn.o
OUTPUT(DMS-25-ACU.elf elf32-littlearm)
LOAD linker stubs
LOAD C:/ST/STM32CubeCLT_1.15.1/GNU-tools-for-STM32/bin/../lib/gcc/arm-none-eabi/12.3.1/../../../../arm-none-eabi/lib/thumb/v6-m/nofp\libc.a
LOAD C:/ST/STM32CubeCLT_1.15.1/GNU-tools-for-STM32/bin/../lib/gcc/arm-none-eabi/12.3.1/../../../../arm-none-eabi/lib/thumb/v6-m/nofp\libm.a
LOAD C:/ST/STM32CubeCLT_1.15.1/GNU-tools-for-STM32/bin/../lib/gcc/arm-none-eabi/12.3.1/thumb/v6-m/nofp\libgcc.a

.debug_frame    0x00000000     0x3bf0
 .debug_frame   0x00000000       0x20 C:/ST/STM32CubeCLT_1.15.1/GNU-tools-for-STM32/bin/../lib/gcc/arm-none-eabi/12.3.1/../../../../arm-none-eabi/lib/thumb/v6-m/nofp\libc_nano.a(libc_a-memset.o)
 .debug_frame   0x00000020       0x2c C:/ST/STM32CubeCLT_1.15.1/GNU-tools-for-STM32/bin/../lib/gcc/arm-none-eabi/12.3.1/../../../../arm-none-eabi/lib/thumb/v6-m/nofp\libc_nano.a(libc_a-init.o)
 .debug_frame   0x0000004c      0x108 CMakeFiles/DMS-25-ACU.dir/Core/User/app_main.c.obj
 .debug_frame   0x00000154       0x68 CMakeFiles/DMS-25-ACU.dir/Core/Src/main.c.obj
 .debug_frame   0x000001bc       0x30 CMakeFiles/DMS-25-ACU.dir/Core/Src/gpio.c.obj
 .debug_frame   0x000001ec       0x70 CMakeFiles/DMS-25-ACU.dir/Core/Src/adc.c.obj
 .debug_frame   0x0000025c       0x30 CMakeFiles/DMS-25-ACU.dir/Core/Src/dma.c.obj
 .debug_frame   0x0000028c       0x6c CMakeFiles/DMS-25-ACU.dir/Core/Src/fdcan.c.obj
 .debug_frame   0x000002f8       0x70 CMakeFiles/DMS-25-ACU.dir/Core/Src/tim.c.obj
 .debug_frame   0x00000368       0xf0 CMakeFiles/DMS-25-ACU.dir/Core/Src/stm32g0xx_it.c.obj
 .debug_frame   0x00000458       0x30 CMakeFiles/DMS-25-ACU.dir/Core/Src/stm32g0xx_hal_msp.c.obj
 .debug_frame   0x00000488      0x78c CMakeFiles/DMS-25-ACU.dir/Drivers/STM32G0xx_HAL_Driver/Src/stm32g0xx_hal_adc.c.obj
 .debug_frame   0x00000c14      0x214 CMakeFiles/DMS-25-ACU.dir/Drivers/STM32G0xx_HAL_Driver/Src/stm32g0xx_hal_rcc.c.obj
 .debug_frame   0x00000e28      0x1c0 CMakeFiles/DMS-25-ACU.dir/Drivers/STM32G0xx_HAL_Driver/Src/stm32g0xx_hal_rcc_ex.c.obj
 .debug_frame   0x00000fe8      0x130 CMakeFiles/DMS-25-ACU.dir/Drivers/STM32G0xx_HAL_Driver/Src/stm32g0xx_hal_gpio.c.obj
 .debug_frame   0x00001118      0x1f0 CMakeFiles/DMS-25-ACU.dir/Drivers/STM32G0xx_HAL_Driver/Src/stm32g0xx_hal_dma.c.obj
 .debug_frame   0x00001308      0x3f4 CMakeFiles/DMS-25-ACU.dir/Drivers/STM32G0xx_HAL_Driver/Src/stm32g0xx_hal_pwr_ex.c.obj
 .debug_frame   0x000016fc      0x33c CMakeFiles/DMS-25-ACU.dir/Drivers/STM32G0xx_HAL_Driver/Src/stm32g0xx_hal_cortex.c.obj
 .debug_frame   0x00001a38      0x41c CMakeFiles/DMS-25-ACU.dir/Drivers/STM32G0xx_HAL_Driver/Src/stm32g0xx_hal.c.obj
 .debug_frame   0x00001e54      0x7d0 CMakeFiles/DMS-25-ACU.dir/Drivers/STM32G0xx_HAL_Driver/Src/stm32g0xx_hal_fdcan.c.obj
 .debug_frame   0x00002624      0xf40 CMakeFiles/DMS-25-ACU.dir/Drivers/STM32G0xx_HAL_Driver/Src/stm32g0xx_hal_tim.c.obj
 .debug_frame   0x00003564      0x620 CMakeFiles/DMS-25-ACU.dir/Drivers/STM32G0xx_HAL_Driver/Src/stm32g0xx_hal_tim_ex.c.obj
 .debug_frame   0x00003b84       0x4c CMakeFiles/DMS-25-ACU.dir/Core/Src/system_stm32g0xx.c.obj
 .debug_frame   0x00003bd0       0x20 C:/ST/STM32CubeCLT_1.15.1/GNU-tools-for-STM32/bin/../lib/gcc/arm-none-eabi/12.3.1/thumb/v6-m/nofp\libgcc.a(_udivsi3.o)

.debug_info     0x00000000    0x106d6
 .debug_info    0x00000000     0x15cd CMakeFiles/DMS-25-ACU.dir/Core/User/app_main.c.obj
 .debug_info    0x000015cd      0x348 CMakeFiles/DMS-25-ACU.dir/Core/Src/main.c.obj
 .debug_info    0x00001915      0x3da CMakeFiles/DMS-25-ACU.dir/Core/Src/gpio.c.obj
 .debug_info    0x00001cef      0xbce CMakeFiles/DMS-25-ACU.dir/Core/Src/adc.c.obj
 .debug_info    0x000028bd      0x365 CMakeFiles/DMS-25-ACU.dir/Core/Src/dma.c.obj
 .debug_info    0x00002c22      0xbb9 CMakeFiles/DMS-25-ACU.dir/Core/Src/fdcan.c.obj
 .debug_info    0x000037db      0xbb1 CMakeFiles/DMS-25-ACU.dir/Core/Src/tim.c.obj
 .debug_info    0x0000438c      0x95f CMakeFiles/DMS-25-ACU.dir/Core/Src/stm32g0xx_it.c.obj
 .debug_info    0x00004ceb      0x278 CMakeFiles/DMS-25-ACU.dir/Core/Src/stm32g0xx_hal_msp.c.obj
 .debug_info    0x00004f63     0x15cf CMakeFiles/DMS-25-ACU.dir/Drivers/STM32G0xx_HAL_Driver/Src/stm32g0xx_hal_adc.c.obj
 .debug_info    0x00006532      0xb9b CMakeFiles/DMS-25-ACU.dir/Drivers/STM32G0xx_HAL_Driver/Src/stm32g0xx_hal_rcc.c.obj
 .debug_info    0x000070cd      0xa41 CMakeFiles/DMS-25-ACU.dir/Drivers/STM32G0xx_HAL_Driver/Src/stm32g0xx_hal_rcc_ex.c.obj
 .debug_info    0x00007b0e      0x5d9 CMakeFiles/DMS-25-ACU.dir/Drivers/STM32G0xx_HAL_Driver/Src/stm32g0xx_hal_gpio.c.obj
 .debug_info    0x000080e7      0x869 CMakeFiles/DMS-25-ACU.dir/Drivers/STM32G0xx_HAL_Driver/Src/stm32g0xx_hal_dma.c.obj
 .debug_info    0x00008950      0x8b5 CMakeFiles/DMS-25-ACU.dir/Drivers/STM32G0xx_HAL_Driver/Src/stm32g0xx_hal_pwr_ex.c.obj
 .debug_info    0x00009205      0x8d9 CMakeFiles/DMS-25-ACU.dir/Drivers/STM32G0xx_HAL_Driver/Src/stm32g0xx_hal_cortex.c.obj
 .debug_info    0x00009ade      0xafa CMakeFiles/DMS-25-ACU.dir/Drivers/STM32G0xx_HAL_Driver/Src/stm32g0xx_hal.c.obj
 .debug_info    0x0000a5d8     0x1883 CMakeFiles/DMS-25-ACU.dir/Drivers/STM32G0xx_HAL_Driver/Src/stm32g0xx_hal_fdcan.c.obj
 .debug_info    0x0000be5b     0x2c12 CMakeFiles/DMS-25-ACU.dir/Drivers/STM32G0xx_HAL_Driver/Src/stm32g0xx_hal_tim.c.obj
 .debug_info    0x0000ea6d     0x1923 CMakeFiles/DMS-25-ACU.dir/Drivers/STM32G0xx_HAL_Driver/Src/stm32g0xx_hal_tim_ex.c.obj
 .debug_info    0x00010390      0x316 CMakeFiles/DMS-25-ACU.dir/Core/Src/system_stm32g0xx.c.obj
 .debug_info    0x000106a6       0x30 CMakeFiles/DMS-25-ACU.dir/startup_stm32g0b1xx.s.obj

.debug_abbrev   0x00000000     0x29e6
 .debug_abbrev  0x00000000      0x27f CMakeFiles/DMS-25-ACU.dir/Core/User/app_main.c.obj
 .debug_abbrev  0x0000027f      0x1a7 CMakeFiles/DMS-25-ACU.dir/Core/Src/main.c.obj
 .debug_abbrev  0x00000426      0x158 CMakeFiles/DMS-25-ACU.dir/Core/Src/gpio.c.obj
 .debug_abbrev  0x0000057e      0x203 CMakeFiles/DMS-25-ACU.dir/Core/Src/adc.c.obj
 .debug_abbrev  0x00000781      0x115 CMakeFiles/DMS-25-ACU.dir/Core/Src/dma.c.obj
 .debug_abbrev  0x00000896      0x1f1 CMakeFiles/DMS-25-ACU.dir/Core/Src/fdcan.c.obj
 .debug_abbrev  0x00000a87      0x1d5 CMakeFiles/DMS-25-ACU.dir/Core/Src/tim.c.obj
 .debug_abbrev  0x00000c5c      0x1a5 CMakeFiles/DMS-25-ACU.dir/Core/Src/stm32g0xx_it.c.obj
 .debug_abbrev  0x00000e01       0xf9 CMakeFiles/DMS-25-ACU.dir/Core/Src/stm32g0xx_hal_msp.c.obj
 .debug_abbrev  0x00000efa      0x276 CMakeFiles/DMS-25-ACU.dir/Drivers/STM32G0xx_HAL_Driver/Src/stm32g0xx_hal_adc.c.obj
 .debug_abbrev  0x00001170      0x2aa CMakeFiles/DMS-25-ACU.dir/Drivers/STM32G0xx_HAL_Driver/Src/stm32g0xx_hal_rcc.c.obj
 .debug_abbrev  0x0000141a      0x244 CMakeFiles/DMS-25-ACU.dir/Drivers/STM32G0xx_HAL_Driver/Src/stm32g0xx_hal_rcc_ex.c.obj
 .debug_abbrev  0x0000165e      0x1c8 CMakeFiles/DMS-25-ACU.dir/Drivers/STM32G0xx_HAL_Driver/Src/stm32g0xx_hal_gpio.c.obj
 .debug_abbrev  0x00001826      0x214 CMakeFiles/DMS-25-ACU.dir/Drivers/STM32G0xx_HAL_Driver/Src/stm32g0xx_hal_dma.c.obj
 .debug_abbrev  0x00001a3a      0x23c CMakeFiles/DMS-25-ACU.dir/Drivers/STM32G0xx_HAL_Driver/Src/stm32g0xx_hal_pwr_ex.c.obj
 .debug_abbrev  0x00001c76      0x2ab CMakeFiles/DMS-25-ACU.dir/Drivers/STM32G0xx_HAL_Driver/Src/stm32g0xx_hal_cortex.c.obj
 .debug_abbrev  0x00001f21      0x27f CMakeFiles/DMS-25-ACU.dir/Drivers/STM32G0xx_HAL_Driver/Src/stm32g0xx_hal.c.obj
 .debug_abbrev  0x000021a0      0x1eb CMakeFiles/DMS-25-ACU.dir/Drivers/STM32G0xx_HAL_Driver/Src/stm32g0xx_hal_fdcan.c.obj
 .debug_abbrev  0x0000238b      0x287 CMakeFiles/DMS-25-ACU.dir/Drivers/STM32G0xx_HAL_Driver/Src/stm32g0xx_hal_tim.c.obj
 .debug_abbrev  0x00002612      0x297 CMakeFiles/DMS-25-ACU.dir/Drivers/STM32G0xx_HAL_Driver/Src/stm32g0xx_hal_tim_ex.c.obj
 .debug_abbrev  0x000028a9      0x119 CMakeFiles/DMS-25-ACU.dir/Core/Src/system_stm32g0xx.c.obj
 .debug_abbrev  0x000029c2       0x24 CMakeFiles/DMS-25-ACU.dir/startup_stm32g0b1xx.s.obj

.debug_aranges  0x00000000     0x10e8
 .debug_aranges
                0x00000000       0x58 CMakeFiles/DMS-25-ACU.dir/Core/User/app_main.c.obj
 .debug_aranges
                0x00000058       0x30 CMakeFiles/DMS-25-ACU.dir/Core/Src/main.c.obj
 .debug_aranges
                0x00000088       0x20 CMakeFiles/DMS-25-ACU.dir/Core/Src/gpio.c.obj
 .debug_aranges
                0x000000a8       0x30 CMakeFiles/DMS-25-ACU.dir/Core/Src/adc.c.obj
 .debug_aranges
                0x000000d8       0x20 CMakeFiles/DMS-25-ACU.dir/Core/Src/dma.c.obj
 .debug_aranges
                0x000000f8       0x30 CMakeFiles/DMS-25-ACU.dir/Core/Src/fdcan.c.obj
 .debug_aranges
                0x00000128       0x30 CMakeFiles/DMS-25-ACU.dir/Core/Src/tim.c.obj
 .debug_aranges
                0x00000158       0x58 CMakeFiles/DMS-25-ACU.dir/Core/Src/stm32g0xx_it.c.obj
 .debug_aranges
                0x000001b0       0x20 CMakeFiles/DMS-25-ACU.dir/Core/Src/stm32g0xx_hal_msp.c.obj
 .debug_aranges
                0x000001d0      0x1f0 CMakeFiles/DMS-25-ACU.dir/Drivers/STM32G0xx_HAL_Driver/Src/stm32g0xx_hal_adc.c.obj
 .debug_aranges
                0x000003c0       0xa0 CMakeFiles/DMS-25-ACU.dir/Drivers/STM32G0xx_HAL_Driver/Src/stm32g0xx_hal_rcc.c.obj
 .debug_aranges
                0x00000460       0x88 CMakeFiles/DMS-25-ACU.dir/Drivers/STM32G0xx_HAL_Driver/Src/stm32g0xx_hal_rcc_ex.c.obj
 .debug_aranges
                0x000004e8       0x60 CMakeFiles/DMS-25-ACU.dir/Drivers/STM32G0xx_HAL_Driver/Src/stm32g0xx_hal_gpio.c.obj
 .debug_aranges
                0x00000548       0x90 CMakeFiles/DMS-25-ACU.dir/Drivers/STM32G0xx_HAL_Driver/Src/stm32g0xx_hal_dma.c.obj
 .debug_aranges
                0x000005d8      0x128 CMakeFiles/DMS-25-ACU.dir/Drivers/STM32G0xx_HAL_Driver/Src/stm32g0xx_hal_pwr_ex.c.obj
 .debug_aranges
                0x00000700       0xe8 CMakeFiles/DMS-25-ACU.dir/Drivers/STM32G0xx_HAL_Driver/Src/stm32g0xx_hal_cortex.c.obj
 .debug_aranges
                0x000007e8      0x130 CMakeFiles/DMS-25-ACU.dir/Drivers/STM32G0xx_HAL_Driver/Src/stm32g0xx_hal.c.obj
 .debug_aranges
                0x00000918      0x208 CMakeFiles/DMS-25-ACU.dir/Drivers/STM32G0xx_HAL_Driver/Src/stm32g0xx_hal_fdcan.c.obj
 .debug_aranges
                0x00000b20      0x3e0 CMakeFiles/DMS-25-ACU.dir/Drivers/STM32G0xx_HAL_Driver/Src/stm32g0xx_hal_tim.c.obj
 .debug_aranges
                0x00000f00      0x198 CMakeFiles/DMS-25-ACU.dir/Drivers/STM32G0xx_HAL_Driver/Src/stm32g0xx_hal_tim_ex.c.obj
 .debug_aranges
                0x00001098       0x28 CMakeFiles/DMS-25-ACU.dir/Core/Src/system_stm32g0xx.c.obj
 .debug_aranges
                0x000010c0       0x28 CMakeFiles/DMS-25-ACU.dir/startup_stm32g0b1xx.s.obj

.debug_rnglists
                0x00000000      0xcf1
 .debug_rnglists
                0x00000000       0x3e CMakeFiles/DMS-25-ACU.dir/Core/User/app_main.c.obj
 .debug_rnglists
                0x0000003e       0x20 CMakeFiles/DMS-25-ACU.dir/Core/Src/main.c.obj
 .debug_rnglists
                0x0000005e       0x14 CMakeFiles/DMS-25-ACU.dir/Core/Src/gpio.c.obj
 .debug_rnglists
                0x00000072       0x21 CMakeFiles/DMS-25-ACU.dir/Core/Src/adc.c.obj
 .debug_rnglists
                0x00000093       0x13 CMakeFiles/DMS-25-ACU.dir/Core/Src/dma.c.obj
 .debug_rnglists
                0x000000a6       0x21 CMakeFiles/DMS-25-ACU.dir/Core/Src/fdcan.c.obj
 .debug_rnglists
                0x000000c7       0x20 CMakeFiles/DMS-25-ACU.dir/Core/Src/tim.c.obj
 .debug_rnglists
                0x000000e7       0x3d CMakeFiles/DMS-25-ACU.dir/Core/Src/stm32g0xx_it.c.obj
 .debug_rnglists
                0x00000124       0x13 CMakeFiles/DMS-25-ACU.dir/Core/Src/stm32g0xx_hal_msp.c.obj
 .debug_rnglists
                0x00000137      0x17f CMakeFiles/DMS-25-ACU.dir/Drivers/STM32G0xx_HAL_Driver/Src/stm32g0xx_hal_adc.c.obj
 .debug_rnglists
                0x000002b6       0x79 CMakeFiles/DMS-25-ACU.dir/Drivers/STM32G0xx_HAL_Driver/Src/stm32g0xx_hal_rcc.c.obj
 .debug_rnglists
                0x0000032f       0x69 CMakeFiles/DMS-25-ACU.dir/Drivers/STM32G0xx_HAL_Driver/Src/stm32g0xx_hal_rcc_ex.c.obj
 .debug_rnglists
                0x00000398       0x45 CMakeFiles/DMS-25-ACU.dir/Drivers/STM32G0xx_HAL_Driver/Src/stm32g0xx_hal_gpio.c.obj
 .debug_rnglists
                0x000003dd       0x72 CMakeFiles/DMS-25-ACU.dir/Drivers/STM32G0xx_HAL_Driver/Src/stm32g0xx_hal_dma.c.obj
 .debug_rnglists
                0x0000044f       0xe0 CMakeFiles/DMS-25-ACU.dir/Drivers/STM32G0xx_HAL_Driver/Src/stm32g0xx_hal_pwr_ex.c.obj
 .debug_rnglists
                0x0000052f       0xaa CMakeFiles/DMS-25-ACU.dir/Drivers/STM32G0xx_HAL_Driver/Src/stm32g0xx_hal_cortex.c.obj
 .debug_rnglists
                0x000005d9       0xe0 CMakeFiles/DMS-25-ACU.dir/Drivers/STM32G0xx_HAL_Driver/Src/stm32g0xx_hal.c.obj
 .debug_rnglists
                0x000006b9      0x18d CMakeFiles/DMS-25-ACU.dir/Drivers/STM32G0xx_HAL_Driver/Src/stm32g0xx_hal_fdcan.c.obj
 .debug_rnglists
                0x00000846      0x32a CMakeFiles/DMS-25-ACU.dir/Drivers/STM32G0xx_HAL_Driver/Src/stm32g0xx_hal_tim.c.obj
 .debug_rnglists
                0x00000b70      0x14e CMakeFiles/DMS-25-ACU.dir/Drivers/STM32G0xx_HAL_Driver/Src/stm32g0xx_hal_tim_ex.c.obj
 .debug_rnglists
                0x00000cbe       0x1a CMakeFiles/DMS-25-ACU.dir/Core/Src/system_stm32g0xx.c.obj
 .debug_rnglists
                0x00000cd8       0x19 CMakeFiles/DMS-25-ACU.dir/startup_stm32g0b1xx.s.obj

.debug_macro    0x00000000    0x1e1a5
 .debug_macro   0x00000000      0x2d7 CMakeFiles/DMS-25-ACU.dir/Core/User/app_main.c.obj
 .debug_macro   0x000002d7      0xa8a CMakeFiles/DMS-25-ACU.dir/Core/User/app_main.c.obj
 .debug_macro   0x00000d61      0x130 CMakeFiles/DMS-25-ACU.dir/Core/User/app_main.c.obj
 .debug_macro   0x00000e91       0x2e CMakeFiles/DMS-25-ACU.dir/Core/User/app_main.c.obj
 .debug_macro   0x00000ebf       0x28 CMakeFiles/DMS-25-ACU.dir/Core/User/app_main.c.obj
 .debug_macro   0x00000ee7       0x22 CMakeFiles/DMS-25-ACU.dir/Core/User/app_main.c.obj
 .debug_macro   0x00000f09       0x8e CMakeFiles/DMS-25-ACU.dir/Core/User/app_main.c.obj
 .debug_macro   0x00000f97       0x51 CMakeFiles/DMS-25-ACU.dir/Core/User/app_main.c.obj
 .debug_macro   0x00000fe8      0x103 CMakeFiles/DMS-25-ACU.dir/Core/User/app_main.c.obj
 .debug_macro   0x000010eb       0x6a CMakeFiles/DMS-25-ACU.dir/Core/User/app_main.c.obj
 .debug_macro   0x00001155      0x1df CMakeFiles/DMS-25-ACU.dir/Core/User/app_main.c.obj
 .debug_macro   0x00001334       0x1c CMakeFiles/DMS-25-ACU.dir/Core/User/app_main.c.obj
 .debug_macro   0x00001350       0x22 CMakeFiles/DMS-25-ACU.dir/Core/User/app_main.c.obj
 .debug_macro   0x00001372       0xd1 CMakeFiles/DMS-25-ACU.dir/Core/User/app_main.c.obj
 .debug_macro   0x00001443      0x4da CMakeFiles/DMS-25-ACU.dir/Core/User/app_main.c.obj
 .debug_macro   0x0000191d      0x11f CMakeFiles/DMS-25-ACU.dir/Core/User/app_main.c.obj
 .debug_macro   0x00001a3c     0xf3de CMakeFiles/DMS-25-ACU.dir/Core/User/app_main.c.obj
 .debug_macro   0x00010e1a       0x66 CMakeFiles/DMS-25-ACU.dir/Core/User/app_main.c.obj
 .debug_macro   0x00010e80     0x350e CMakeFiles/DMS-25-ACU.dir/Core/User/app_main.c.obj
 .debug_macro   0x0001438e      0x189 CMakeFiles/DMS-25-ACU.dir/Core/User/app_main.c.obj
 .debug_macro   0x00014517       0x5c CMakeFiles/DMS-25-ACU.dir/Core/User/app_main.c.obj
 .debug_macro   0x00014573      0x72c CMakeFiles/DMS-25-ACU.dir/Core/User/app_main.c.obj
 .debug_macro   0x00014c9f     0x1579 CMakeFiles/DMS-25-ACU.dir/Core/User/app_main.c.obj
 .debug_macro   0x00016218      0x535 CMakeFiles/DMS-25-ACU.dir/Core/User/app_main.c.obj
 .debug_macro   0x0001674d      0x1cf CMakeFiles/DMS-25-ACU.dir/Core/User/app_main.c.obj
 .debug_macro   0x0001691c      0x25b CMakeFiles/DMS-25-ACU.dir/Core/User/app_main.c.obj
 .debug_macro   0x00016b77      0x4f5 CMakeFiles/DMS-25-ACU.dir/Core/User/app_main.c.obj
 .debug_macro   0x0001706c      0x280 CMakeFiles/DMS-25-ACU.dir/Core/User/app_main.c.obj
 .debug_macro   0x000172ec      0x417 CMakeFiles/DMS-25-ACU.dir/Core/User/app_main.c.obj
 .debug_macro   0x00017703      0x1b2 CMakeFiles/DMS-25-ACU.dir/Core/User/app_main.c.obj
 .debug_macro   0x000178b5       0x43 CMakeFiles/DMS-25-ACU.dir/Core/User/app_main.c.obj
 .debug_macro   0x000178f8      0x1f1 CMakeFiles/DMS-25-ACU.dir/Core/User/app_main.c.obj
 .debug_macro   0x00017ae9      0x8bd CMakeFiles/DMS-25-ACU.dir/Core/User/app_main.c.obj
 .debug_macro   0x000183a6      0x5c9 CMakeFiles/DMS-25-ACU.dir/Core/User/app_main.c.obj
 .debug_macro   0x0001896f       0x2e CMakeFiles/DMS-25-ACU.dir/Core/User/app_main.c.obj
 .debug_macro   0x0001899d      0x1e4 CMakeFiles/DMS-25-ACU.dir/Core/User/app_main.c.obj
 .debug_macro   0x00018b81      0x3fa CMakeFiles/DMS-25-ACU.dir/Core/User/app_main.c.obj
 .debug_macro   0x00018f7b       0x28 CMakeFiles/DMS-25-ACU.dir/Core/User/app_main.c.obj
 .debug_macro   0x00018fa3      0x123 CMakeFiles/DMS-25-ACU.dir/Core/User/app_main.c.obj
 .debug_macro   0x000190c6      0x6bd CMakeFiles/DMS-25-ACU.dir/Core/User/app_main.c.obj
 .debug_macro   0x00019783      0x145 CMakeFiles/DMS-25-ACU.dir/Core/User/app_main.c.obj
 .debug_macro   0x000198c8      0x30b CMakeFiles/DMS-25-ACU.dir/Core/User/app_main.c.obj
 .debug_macro   0x00019bd3      0xae5 CMakeFiles/DMS-25-ACU.dir/Core/User/app_main.c.obj
 .debug_macro   0x0001a6b8      0x239 CMakeFiles/DMS-25-ACU.dir/Core/User/app_main.c.obj
 .debug_macro   0x0001a8f1      0x5df CMakeFiles/DMS-25-ACU.dir/Core/User/app_main.c.obj
 .debug_macro   0x0001aed0       0x2e CMakeFiles/DMS-25-ACU.dir/Core/User/app_main.c.obj
 .debug_macro   0x0001aefe       0x24 CMakeFiles/DMS-25-ACU.dir/Core/User/app_main.c.obj
 .debug_macro   0x0001af22       0x74 CMakeFiles/DMS-25-ACU.dir/Core/User/app_main.c.obj
 .debug_macro   0x0001af96       0x3c CMakeFiles/DMS-25-ACU.dir/Core/User/app_main.c.obj
 .debug_macro   0x0001afd2       0x34 CMakeFiles/DMS-25-ACU.dir/Core/User/app_main.c.obj
 .debug_macro   0x0001b006       0x16 CMakeFiles/DMS-25-ACU.dir/Core/User/app_main.c.obj
 .debug_macro   0x0001b01c       0x35 CMakeFiles/DMS-25-ACU.dir/Core/User/app_main.c.obj
 .debug_macro   0x0001b051       0x16 CMakeFiles/DMS-25-ACU.dir/Core/User/app_main.c.obj
 .debug_macro   0x0001b067       0x43 CMakeFiles/DMS-25-ACU.dir/Core/User/app_main.c.obj
 .debug_macro   0x0001b0aa       0x34 CMakeFiles/DMS-25-ACU.dir/Core/User/app_main.c.obj
 .debug_macro   0x0001b0de       0x10 CMakeFiles/DMS-25-ACU.dir/Core/User/app_main.c.obj
 .debug_macro   0x0001b0ee       0x58 CMakeFiles/DMS-25-ACU.dir/Core/User/app_main.c.obj
 .debug_macro   0x0001b146      0x1de CMakeFiles/DMS-25-ACU.dir/Core/User/app_main.c.obj
 .debug_macro   0x0001b324      0x369 CMakeFiles/DMS-25-ACU.dir/Core/User/app_main.c.obj
 .debug_macro   0x0001b68d       0x16 CMakeFiles/DMS-25-ACU.dir/Core/User/app_main.c.obj
 .debug_macro   0x0001b6a3       0x29 CMakeFiles/DMS-25-ACU.dir/Core/User/app_main.c.obj
 .debug_macro   0x0001b6cc      0x24c CMakeFiles/DMS-25-ACU.dir/Core/Src/main.c.obj
 .debug_macro   0x0001b918       0x28 CMakeFiles/DMS-25-ACU.dir/Core/Src/main.c.obj
 .debug_macro   0x0001b940      0x216 CMakeFiles/DMS-25-ACU.dir/Core/Src/gpio.c.obj
 .debug_macro   0x0001bb56      0x216 CMakeFiles/DMS-25-ACU.dir/Core/Src/adc.c.obj
 .debug_macro   0x0001bd6c      0x216 CMakeFiles/DMS-25-ACU.dir/Core/Src/dma.c.obj
 .debug_macro   0x0001bf82      0x216 CMakeFiles/DMS-25-ACU.dir/Core/Src/fdcan.c.obj
 .debug_macro   0x0001c198      0x216 CMakeFiles/DMS-25-ACU.dir/Core/Src/tim.c.obj
 .debug_macro   0x0001c3ae      0x216 CMakeFiles/DMS-25-ACU.dir/Core/Src/stm32g0xx_it.c.obj
 .debug_macro   0x0001c5c4      0x20c CMakeFiles/DMS-25-ACU.dir/Core/Src/stm32g0xx_hal_msp.c.obj
 .debug_macro   0x0001c7d0      0x221 CMakeFiles/DMS-25-ACU.dir/Drivers/STM32G0xx_HAL_Driver/Src/stm32g0xx_hal_adc.c.obj
 .debug_macro   0x0001c9f1      0x245 CMakeFiles/DMS-25-ACU.dir/Drivers/STM32G0xx_HAL_Driver/Src/stm32g0xx_hal_rcc.c.obj
 .debug_macro   0x0001cc36      0x215 CMakeFiles/DMS-25-ACU.dir/Drivers/STM32G0xx_HAL_Driver/Src/stm32g0xx_hal_rcc_ex.c.obj
 .debug_macro   0x0001ce4b      0x204 CMakeFiles/DMS-25-ACU.dir/Drivers/STM32G0xx_HAL_Driver/Src/stm32g0xx_hal_gpio.c.obj
 .debug_macro   0x0001d04f      0x1fd CMakeFiles/DMS-25-ACU.dir/Drivers/STM32G0xx_HAL_Driver/Src/stm32g0xx_hal_dma.c.obj
 .debug_macro   0x0001d24c      0x227 CMakeFiles/DMS-25-ACU.dir/Drivers/STM32G0xx_HAL_Driver/Src/stm32g0xx_hal_pwr_ex.c.obj
 .debug_macro   0x0001d473      0x1fd CMakeFiles/DMS-25-ACU.dir/Drivers/STM32G0xx_HAL_Driver/Src/stm32g0xx_hal_cortex.c.obj
 .debug_macro   0x0001d670      0x221 CMakeFiles/DMS-25-ACU.dir/Drivers/STM32G0xx_HAL_Driver/Src/stm32g0xx_hal.c.obj
 .debug_macro   0x0001d891      0x30f CMakeFiles/DMS-25-ACU.dir/Drivers/STM32G0xx_HAL_Driver/Src/stm32g0xx_hal_fdcan.c.obj
 .debug_macro   0x0001dba0      0x205 CMakeFiles/DMS-25-ACU.dir/Drivers/STM32G0xx_HAL_Driver/Src/stm32g0xx_hal_tim.c.obj
 .debug_macro   0x0001dda5      0x203 CMakeFiles/DMS-25-ACU.dir/Drivers/STM32G0xx_HAL_Driver/Src/stm32g0xx_hal_tim_ex.c.obj
 .debug_macro   0x0001dfa8      0x1fd CMakeFiles/DMS-25-ACU.dir/Core/Src/system_stm32g0xx.c.obj

.debug_line     0x00000000    0x13376
 .debug_line    0x00000000      0x927 CMakeFiles/DMS-25-ACU.dir/Core/User/app_main.c.obj
 .debug_line    0x00000927      0x7d0 CMakeFiles/DMS-25-ACU.dir/Core/Src/main.c.obj
 .debug_line    0x000010f7      0x716 CMakeFiles/DMS-25-ACU.dir/Core/Src/gpio.c.obj
 .debug_line    0x0000180d      0x7cf CMakeFiles/DMS-25-ACU.dir/Core/Src/adc.c.obj
 .debug_line    0x00001fdc      0x6f6 CMakeFiles/DMS-25-ACU.dir/Core/Src/dma.c.obj
 .debug_line    0x000026d2      0x797 CMakeFiles/DMS-25-ACU.dir/Core/Src/fdcan.c.obj
 .debug_line    0x00002e69      0x784 CMakeFiles/DMS-25-ACU.dir/Core/Src/tim.c.obj
 .debug_line    0x000035ed      0x7a7 CMakeFiles/DMS-25-ACU.dir/Core/Src/stm32g0xx_it.c.obj
 .debug_line    0x00003d94      0x6fb CMakeFiles/DMS-25-ACU.dir/Core/Src/stm32g0xx_hal_msp.c.obj
 .debug_line    0x0000448f     0x18dc CMakeFiles/DMS-25-ACU.dir/Drivers/STM32G0xx_HAL_Driver/Src/stm32g0xx_hal_adc.c.obj
 .debug_line    0x00005d6b      0xf25 CMakeFiles/DMS-25-ACU.dir/Drivers/STM32G0xx_HAL_Driver/Src/stm32g0xx_hal_rcc.c.obj
 .debug_line    0x00006c90     0x1164 CMakeFiles/DMS-25-ACU.dir/Drivers/STM32G0xx_HAL_Driver/Src/stm32g0xx_hal_rcc_ex.c.obj
 .debug_line    0x00007df4      0xb40 CMakeFiles/DMS-25-ACU.dir/Drivers/STM32G0xx_HAL_Driver/Src/stm32g0xx_hal_gpio.c.obj
 .debug_line    0x00008934      0xe40 CMakeFiles/DMS-25-ACU.dir/Drivers/STM32G0xx_HAL_Driver/Src/stm32g0xx_hal_dma.c.obj
 .debug_line    0x00009774      0xb94 CMakeFiles/DMS-25-ACU.dir/Drivers/STM32G0xx_HAL_Driver/Src/stm32g0xx_hal_pwr_ex.c.obj
 .debug_line    0x0000a308      0xb48 CMakeFiles/DMS-25-ACU.dir/Drivers/STM32G0xx_HAL_Driver/Src/stm32g0xx_hal_cortex.c.obj
 .debug_line    0x0000ae50      0xad3 CMakeFiles/DMS-25-ACU.dir/Drivers/STM32G0xx_HAL_Driver/Src/stm32g0xx_hal.c.obj
 .debug_line    0x0000b923     0x190d CMakeFiles/DMS-25-ACU.dir/Drivers/STM32G0xx_HAL_Driver/Src/stm32g0xx_hal_fdcan.c.obj
 .debug_line    0x0000d230     0x3cef CMakeFiles/DMS-25-ACU.dir/Drivers/STM32G0xx_HAL_Driver/Src/stm32g0xx_hal_tim.c.obj
 .debug_line    0x00010f1f     0x1c6f CMakeFiles/DMS-25-ACU.dir/Drivers/STM32G0xx_HAL_Driver/Src/stm32g0xx_hal_tim_ex.c.obj
 .debug_line    0x00012b8e      0x76d CMakeFiles/DMS-25-ACU.dir/Core/Src/system_stm32g0xx.c.obj
 .debug_line    0x000132fb       0x7b CMakeFiles/DMS-25-ACU.dir/startup_stm32g0b1xx.s.obj

.debug_str      0x00000000    0xc417a
 .debug_str     0x00000000    0xbeeb1 CMakeFiles/DMS-25-ACU.dir/Core/User/app_main.c.obj
                              0xbf899 (size before relaxing)
 .debug_str     0x000beeb1      0x221 CMakeFiles/DMS-25-ACU.dir/Core/Src/main.c.obj
                              0xbbfc4 (size before relaxing)
 .debug_str     0x000bf0d2      0x11f CMakeFiles/DMS-25-ACU.dir/Core/Src/gpio.c.obj
                              0xbbefa (size before relaxing)
 .debug_str     0x000bf1f1       0xc3 CMakeFiles/DMS-25-ACU.dir/Core/Src/adc.c.obj
                              0xbc4fc (size before relaxing)
 .debug_str     0x000bf2b4      0x271 CMakeFiles/DMS-25-ACU.dir/Core/Src/dma.c.obj
                              0xbc091 (size before relaxing)
 .debug_str     0x000bf525      0x233 CMakeFiles/DMS-25-ACU.dir/Core/Src/fdcan.c.obj
                              0xbc702 (size before relaxing)
 .debug_str     0x000bf758      0x1e2 CMakeFiles/DMS-25-ACU.dir/Core/Src/tim.c.obj
                              0xbc653 (size before relaxing)
 .debug_str     0x000bf93a      0x109 CMakeFiles/DMS-25-ACU.dir/Core/Src/stm32g0xx_it.c.obj
                              0xbc44e (size before relaxing)
 .debug_str     0x000bfa43       0x5d CMakeFiles/DMS-25-ACU.dir/Core/Src/stm32g0xx_hal_msp.c.obj
                              0xbbe50 (size before relaxing)
 .debug_str     0x000bfaa0      0x8c4 CMakeFiles/DMS-25-ACU.dir/Drivers/STM32G0xx_HAL_Driver/Src/stm32g0xx_hal_adc.c.obj
                              0xbcbd5 (size before relaxing)
 .debug_str     0x000c0364      0x622 CMakeFiles/DMS-25-ACU.dir/Drivers/STM32G0xx_HAL_Driver/Src/stm32g0xx_hal_rcc.c.obj
                              0xbc5bf (size before relaxing)
 .debug_str     0x000c0986      0x370 CMakeFiles/DMS-25-ACU.dir/Drivers/STM32G0xx_HAL_Driver/Src/stm32g0xx_hal_rcc_ex.c.obj
                              0xbc44f (size before relaxing)
 .debug_str     0x000c0cf6      0x166 CMakeFiles/DMS-25-ACU.dir/Drivers/STM32G0xx_HAL_Driver/Src/stm32g0xx_hal_gpio.c.obj
                              0xbbf56 (size before relaxing)
 .debug_str     0x000c0e5c      0x260 CMakeFiles/DMS-25-ACU.dir/Drivers/STM32G0xx_HAL_Driver/Src/stm32g0xx_hal_dma.c.obj
                              0xbc2a3 (size before relaxing)
 .debug_str     0x000c10bc      0x3c1 CMakeFiles/DMS-25-ACU.dir/Drivers/STM32G0xx_HAL_Driver/Src/stm32g0xx_hal_pwr_ex.c.obj
                              0xbc375 (size before relaxing)
 .debug_str     0x000c147d      0x2a6 CMakeFiles/DMS-25-ACU.dir/Drivers/STM32G0xx_HAL_Driver/Src/stm32g0xx_hal_cortex.c.obj
                              0xbc304 (size before relaxing)
 .debug_str     0x000c1723      0x4cb CMakeFiles/DMS-25-ACU.dir/Drivers/STM32G0xx_HAL_Driver/Src/stm32g0xx_hal.c.obj
                              0xbc6cc (size before relaxing)
 .debug_str     0x000c1bee     0x1143 CMakeFiles/DMS-25-ACU.dir/Drivers/STM32G0xx_HAL_Driver/Src/stm32g0xx_hal_fdcan.c.obj
                              0xbd48b (size before relaxing)
 .debug_str     0x000c2d31      0xdb4 CMakeFiles/DMS-25-ACU.dir/Drivers/STM32G0xx_HAL_Driver/Src/stm32g0xx_hal_tim.c.obj
                              0xbd35c (size before relaxing)
 .debug_str     0x000c3ae5      0x600 CMakeFiles/DMS-25-ACU.dir/Drivers/STM32G0xx_HAL_Driver/Src/stm32g0xx_hal_tim_ex.c.obj
                              0xbccea (size before relaxing)
 .debug_str     0x000c40e5       0x50 CMakeFiles/DMS-25-ACU.dir/Core/Src/system_stm32g0xx.c.obj
                              0xbbdf3 (size before relaxing)
 .debug_str     0x000c4135       0x45 CMakeFiles/DMS-25-ACU.dir/startup_stm32g0b1xx.s.obj
                                 0x64 (size before relaxing)

.comment        0x00000000       0x43
 .comment       0x00000000       0x43 CMakeFiles/DMS-25-ACU.dir/Core/User/app_main.c.obj
                                 0x44 (size before relaxing)
 .comment       0x00000043       0x44 CMakeFiles/DMS-25-ACU.dir/Core/Src/main.c.obj
 .comment       0x00000043       0x44 CMakeFiles/DMS-25-ACU.dir/Core/Src/gpio.c.obj
 .comment       0x00000043       0x44 CMakeFiles/DMS-25-ACU.dir/Core/Src/adc.c.obj
 .comment       0x00000043       0x44 CMakeFiles/DMS-25-ACU.dir/Core/Src/dma.c.obj
 .comment       0x00000043       0x44 CMakeFiles/DMS-25-ACU.dir/Core/Src/fdcan.c.obj
 .comment       0x00000043       0x44 CMakeFiles/DMS-25-ACU.dir/Core/Src/tim.c.obj
 .comment       0x00000043       0x44 CMakeFiles/DMS-25-ACU.dir/Core/Src/stm32g0xx_it.c.obj
 .comment       0x00000043       0x44 CMakeFiles/DMS-25-ACU.dir/Core/Src/stm32g0xx_hal_msp.c.obj
 .comment       0x00000043       0x44 CMakeFiles/DMS-25-ACU.dir/Drivers/STM32G0xx_HAL_Driver/Src/stm32g0xx_hal_adc.c.obj
 .comment       0x00000043       0x44 CMakeFiles/DMS-25-ACU.dir/Drivers/STM32G0xx_HAL_Driver/Src/stm32g0xx_hal_rcc.c.obj
 .comment       0x00000043       0x44 CMakeFiles/DMS-25-ACU.dir/Drivers/STM32G0xx_HAL_Driver/Src/stm32g0xx_hal_rcc_ex.c.obj
 .comment       0x00000043       0x44 CMakeFiles/DMS-25-ACU.dir/Drivers/STM32G0xx_HAL_Driver/Src/stm32g0xx_hal_gpio.c.obj
 .comment       0x00000043       0x44 CMakeFiles/DMS-25-ACU.dir/Drivers/STM32G0xx_HAL_Driver/Src/stm32g0xx_hal_dma.c.obj
 .comment       0x00000043       0x44 CMakeFiles/DMS-25-ACU.dir/Drivers/STM32G0xx_HAL_Driver/Src/stm32g0xx_hal_pwr_ex.c.obj
 .comment       0x00000043       0x44 CMakeFiles/DMS-25-ACU.dir/Drivers/STM32G0xx_HAL_Driver/Src/stm32g0xx_hal_cortex.c.obj
 .comment       0x00000043       0x44 CMakeFiles/DMS-25-ACU.dir/Drivers/STM32G0xx_HAL_Driver/Src/stm32g0xx_hal.c.obj
 .comment       0x00000043       0x44 CMakeFiles/DMS-25-ACU.dir/Drivers/STM32G0xx_HAL_Driver/Src/stm32g0xx_hal_fdcan.c.obj
 .comment       0x00000043       0x44 CMakeFiles/DMS-25-ACU.dir/Drivers/STM32G0xx_HAL_Driver/Src/stm32g0xx_hal_tim.c.obj
 .comment       0x00000043       0x44 CMakeFiles/DMS-25-ACU.dir/Drivers/STM32G0xx_HAL_Driver/Src/stm32g0xx_hal_tim_ex.c.obj
 .comment       0x00000043       0x44 CMakeFiles/DMS-25-ACU.dir/Core/Src/system_stm32g0xx.c.obj

.debug_line_str
                0x00000000       0x48
 .debug_line_str
                0x00000000       0x48 CMakeFiles/DMS-25-ACU.dir/startup_stm32g0b1xx.s.obj
